<?xml version="1.0"?>
<link_info>
   <banner>TMS320C6x Linker PC v7.4.18</banner>
   <copyright>Copyright (c) 1996-2015 Texas Instruments Incorporated</copyright>
   <link_time>0x59256604</link_time>
   <output_file>SystemIdentification.out</output_file>
   <entry_point>
      <name>_c_int00</name>
      <address>0xe500</address>
   </entry_point>
   <input_file_list>
      <input_file id="fl-2">
         <path>.\</path>
         <kind>object</kind>
         <file>SystemIdentificationcfg.obj</file>
         <name>SystemIdentificationcfg.obj</name>
      </input_file>
      <input_file id="fl-3">
         <path>.\</path>
         <kind>object</kind>
         <file>SystemIdentificationcfg_c.obj</file>
         <name>SystemIdentificationcfg_c.obj</name>
      </input_file>
      <input_file id="fl-4">
         <path>.\</path>
         <kind>object</kind>
         <file>config_AIC23.obj</file>
         <name>config_AIC23.obj</name>
      </input_file>
      <input_file id="fl-5">
         <path>.\</path>
         <kind>object</kind>
         <file>skeleton.obj</file>
         <name>skeleton.obj</name>
      </input_file>
      <input_file id="fl-6">
         <path>.\</path>
         <kind>object</kind>
         <file>tinymt32.obj</file>
         <name>tinymt32.obj</name>
      </input_file>
      <input_file id="fl-8c">
         <path>C:\ti\bios_5_42_01_09\packages\ti\bios\lib\</path>
         <kind>archive</kind>
         <file>biosC6000.a67</file>
         <name>clk_htime.o67</name>
      </input_file>
      <input_file id="fl-8d">
         <path>C:\ti\bios_5_42_01_09\packages\ti\bios\lib\</path>
         <kind>archive</kind>
         <file>bios.a67</file>
         <name>biosdata.o67</name>
      </input_file>
      <input_file id="fl-8e">
         <path>C:\ti\bios_5_42_01_09\packages\ti\bios\lib\</path>
         <kind>archive</kind>
         <file>bios.a67</file>
         <name>hwi_disp_asm.o67</name>
      </input_file>
      <input_file id="fl-8f">
         <path>C:\ti\bios_5_42_01_09\packages\ti\bios\lib\</path>
         <kind>archive</kind>
         <file>bios.a67</file>
         <name>idl_stub.o67</name>
      </input_file>
      <input_file id="fl-90">
         <path>C:\ti\bios_5_42_01_09\packages\ti\bios\lib\</path>
         <kind>archive</kind>
         <file>lnkrtdx.a67</file>
         <name>rtdx.o67</name>
      </input_file>
      <input_file id="fl-91">
         <path>C:\ti\bios_5_42_01_09\packages\ti\bios\lib\</path>
         <kind>archive</kind>
         <file>bios.a67</file>
         <name>swi.o67</name>
      </input_file>
      <input_file id="fl-92">
         <path>C:\ti\bios_5_42_01_09\packages\ti\bios\lib\</path>
         <kind>archive</kind>
         <file>bios.a67</file>
         <name>fxn_c.o67</name>
      </input_file>
      <input_file id="fl-93">
         <path>C:\ti\bios_5_42_01_09\packages\ti\bios\lib\</path>
         <kind>archive</kind>
         <file>bios.a67</file>
         <name>gbl_cslpllinit62.o67</name>
      </input_file>
      <input_file id="fl-94">
         <path>C:\ti\bios_5_42_01_09\packages\ti\bios\lib\</path>
         <kind>archive</kind>
         <file>bios.a67</file>
         <name>knl_tick.o67</name>
      </input_file>
      <input_file id="fl-95">
         <path>C:\ti\bios_5_42_01_09\packages\ti\bios\lib\</path>
         <kind>archive</kind>
         <file>bios.a67</file>
         <name>utl_doab.o67</name>
      </input_file>
      <input_file id="fl-96">
         <path>C:\ti\bios_5_42_01_09\packages\ti\bios\lib\</path>
         <kind>archive</kind>
         <file>bios.a67</file>
         <name>utl_doer.o67</name>
      </input_file>
      <input_file id="fl-97">
         <path>C:\ti\bios_5_42_01_09\packages\ti\bios\lib\</path>
         <kind>archive</kind>
         <file>bios.a67</file>
         <name>utl_putc.o67</name>
      </input_file>
      <input_file id="fl-98">
         <path>C:\ti\bios_5_42_01_09\packages\ti\bios\lib\</path>
         <kind>archive</kind>
         <file>bios.a67</file>
         <name>utl_halt.o67</name>
      </input_file>
      <input_file id="fl-99">
         <path>C:\ti\bios_5_42_01_09\packages\ti\bios\lib\</path>
         <kind>archive</kind>
         <file>biosC6000.a67</file>
         <name>clk.o67</name>
      </input_file>
      <input_file id="fl-9a">
         <path>C:\ti\bios_5_42_01_09\packages\ti\bios\lib\</path>
         <kind>archive</kind>
         <file>bios.a67</file>
         <name>fxn.o67</name>
      </input_file>
      <input_file id="fl-9b">
         <path>C:\ti\bios_5_42_01_09\packages\ti\bios\lib\</path>
         <kind>archive</kind>
         <file>bios.a67</file>
         <name>boot.o67</name>
      </input_file>
      <input_file id="fl-9c">
         <path>C:\ti\bios_5_42_01_09\packages\ti\bios\lib\</path>
         <kind>archive</kind>
         <file>bios.a67</file>
         <name>trc.o67</name>
      </input_file>
      <input_file id="fl-9d">
         <path>C:\ti\bios_5_42_01_09\packages\ti\bios\lib\</path>
         <kind>archive</kind>
         <file>bios.a67</file>
         <name>hwi.o67</name>
      </input_file>
      <input_file id="fl-9e">
         <path>C:\ti\bios_5_42_01_09\packages\ti\bios\lib\</path>
         <kind>archive</kind>
         <file>bios.a67</file>
         <name>idl_busy.o67</name>
      </input_file>
      <input_file id="fl-9f">
         <path>C:\ti\bios_5_42_01_09\packages\ti\bios\lib\</path>
         <kind>archive</kind>
         <file>biosC6000.a67</file>
         <name>idl_cal.o67</name>
      </input_file>
      <input_file id="fl-a0">
         <path>C:\ti\bios_5_42_01_09\packages\ti\bios\lib\</path>
         <kind>archive</kind>
         <file>bios.a67</file>
         <name>idl.o67</name>
      </input_file>
      <input_file id="fl-a1">
         <path>C:\ti\bios_5_42_01_09\packages\ti\bios\lib\</path>
         <kind>archive</kind>
         <file>bios.a67</file>
         <name>knl_swit.o67</name>
      </input_file>
      <input_file id="fl-a2">
         <path>C:\ti\bios_5_42_01_09\packages\ti\bios\lib\</path>
         <kind>archive</kind>
         <file>bios.a67</file>
         <name>log.o67</name>
      </input_file>
      <input_file id="fl-a3">
         <path>C:\ti\bios_5_42_01_09\packages\ti\bios\lib\</path>
         <kind>archive</kind>
         <file>bios.a67</file>
         <name>pip.o67</name>
      </input_file>
      <input_file id="fl-a4">
         <path>C:\ti\bios_5_42_01_09\packages\ti\bios\lib\</path>
         <kind>archive</kind>
         <file>bios.a67</file>
         <name>prd.o67</name>
      </input_file>
      <input_file id="fl-a5">
         <path>C:\ti\bios_5_42_01_09\packages\ti\bios\lib\</path>
         <kind>archive</kind>
         <file>bios.a67</file>
         <name>rta.o67</name>
      </input_file>
      <input_file id="fl-a6">
         <path>C:\ti\bios_5_42_01_09\packages\ti\bios\lib\</path>
         <kind>archive</kind>
         <file>bios.a67</file>
         <name>rta_andn.o67</name>
      </input_file>
      <input_file id="fl-a7">
         <path>C:\ti\bios_5_42_01_09\packages\ti\bios\lib\</path>
         <kind>archive</kind>
         <file>bios.a67</file>
         <name>sts.o67</name>
      </input_file>
      <input_file id="fl-a8">
         <path>C:\ti\bios_5_42_01_09\packages\ti\bios\lib\</path>
         <kind>archive</kind>
         <file>bios.a67</file>
         <name>clk_data.o67</name>
      </input_file>
      <input_file id="fl-a9">
         <path>C:\ti\bios_5_42_01_09\packages\ti\bios\lib\</path>
         <kind>archive</kind>
         <file>bios.a67</file>
         <name>clk_data2.o67</name>
      </input_file>
      <input_file id="fl-aa">
         <path>C:\ti\bios_5_42_01_09\packages\ti\bios\lib\</path>
         <kind>archive</kind>
         <file>biosC6000.a67</file>
         <name>clk_meas.o67</name>
      </input_file>
      <input_file id="fl-ab">
         <path>C:\ti\bios_5_42_01_09\packages\ti\bios\lib\</path>
         <kind>archive</kind>
         <file>biosC6000.a67</file>
         <name>clk_start.o67</name>
      </input_file>
      <input_file id="fl-ac">
         <path>C:\ti\bios_5_42_01_09\packages\ti\bios\lib\</path>
         <kind>archive</kind>
         <file>biosC6000.a67</file>
         <name>clk_stop.o67</name>
      </input_file>
      <input_file id="fl-ad">
         <path>C:\ti\C6xCSL\lib_3x\</path>
         <kind>archive</kind>
         <file>csl6713.lib</file>
         <name>csl.obj</name>
      </input_file>
      <input_file id="fl-ae">
         <path>C:\ti\DSK6713\c6000\dsk6713\lib\</path>
         <kind>archive</kind>
         <file>dsk6713bsl.lib</file>
         <name>dsk6713_led.obj</name>
      </input_file>
      <input_file id="fl-af">
         <path>C:\ti\DSK6713\c6000\dsk6713\lib\</path>
         <kind>archive</kind>
         <file>dsk6713bsl.lib</file>
         <name>dsk6713.obj</name>
      </input_file>
      <input_file id="fl-b0">
         <path>C:\ti\C6xCSL\lib_3x\</path>
         <kind>archive</kind>
         <file>csl6713.lib</file>
         <name>csl_edma.obj</name>
      </input_file>
      <input_file id="fl-b1">
         <path>C:\ti\bios_5_42_01_09\packages\ti\bios\lib\</path>
         <kind>archive</kind>
         <file>bios.a67</file>
         <name>gbl_cslcacheinit.o67</name>
      </input_file>
      <input_file id="fl-b2">
         <path>C:\ti\bios_5_42_01_09\packages\ti\bios\lib\</path>
         <kind>archive</kind>
         <file>bios.a67</file>
         <name>gbl_vers.o67</name>
      </input_file>
      <input_file id="fl-b3">
         <path>C:\ti\bios_5_42_01_09\packages\ti\bios\lib\</path>
         <kind>archive</kind>
         <file>bios.a67</file>
         <name>hwi_c.o67</name>
      </input_file>
      <input_file id="fl-b4">
         <path>C:\ti\C6xCSL\lib_3x\</path>
         <kind>archive</kind>
         <file>csl6713.lib</file>
         <name>csl_irq.obj</name>
      </input_file>
      <input_file id="fl-b5">
         <path>C:\ti\bios_5_42_01_09\packages\ti\bios\lib\</path>
         <kind>archive</kind>
         <file>bios.a67</file>
         <name>knl.o67</name>
      </input_file>
      <input_file id="fl-b6">
         <path>C:\ti\bios_5_42_01_09\packages\ti\bios\lib\</path>
         <kind>archive</kind>
         <file>bios.a67</file>
         <name>knl_exit.o67</name>
      </input_file>
      <input_file id="fl-b7">
         <path>C:\ti\bios_5_42_01_09\packages\ti\bios\lib\</path>
         <kind>archive</kind>
         <file>bios.a67</file>
         <name>knl_chec.o67</name>
      </input_file>
      <input_file id="fl-b8">
         <path>C:\ti\bios_5_42_01_09\packages\ti\bios\lib\</path>
         <kind>archive</kind>
         <file>bios.a67</file>
         <name>knl_post.o67</name>
      </input_file>
      <input_file id="fl-b9">
         <path>C:\ti\bios_5_42_01_09\packages\ti\bios\lib\</path>
         <kind>archive</kind>
         <file>bios.a67</file>
         <name>knl_ipos.o67</name>
      </input_file>
      <input_file id="fl-ba">
         <path>C:\ti\bios_5_42_01_09\packages\ti\bios\lib\</path>
         <kind>archive</kind>
         <file>bios.a67</file>
         <name>knl_run.o67</name>
      </input_file>
      <input_file id="fl-bb">
         <path>C:\ti\C6xCSL\lib_3x\</path>
         <kind>archive</kind>
         <file>csl6713.lib</file>
         <name>csl_mcbsp.obj</name>
      </input_file>
      <input_file id="fl-bc">
         <path>C:\ti\bios_5_42_01_09\packages\ti\bios\lib\</path>
         <kind>archive</kind>
         <file>bios.a67</file>
         <name>mem_asm.o67</name>
      </input_file>
      <input_file id="fl-bd">
         <path>C:\ti\bios_5_42_01_09\packages\ti\bios\lib\</path>
         <kind>archive</kind>
         <file>bios.a67</file>
         <name>mem_init.o67</name>
      </input_file>
      <input_file id="fl-be">
         <path>C:\ti\bios_5_42_01_09\packages\ti\bios\lib\</path>
         <kind>archive</kind>
         <file>bios.a67</file>
         <name>obj_init.o67</name>
      </input_file>
      <input_file id="fl-bf">
         <path>C:\ti\bios_5_42_01_09\packages\ti\rtdx\lib\c6000\</path>
         <kind>archive</kind>
         <file>rtdx.lib</file>
         <name>buffer2.o62</name>
      </input_file>
      <input_file id="fl-c0">
         <path>C:\ti\bios_5_42_01_09\packages\ti\rtdx\lib\c6000\</path>
         <kind>archive</kind>
         <file>rtdx.lib</file>
         <name>buffer1.o62</name>
      </input_file>
      <input_file id="fl-c1">
         <path>C:\ti\bios_5_42_01_09\packages\ti\rtdx\lib\c6000\</path>
         <kind>archive</kind>
         <file>rtdx.lib</file>
         <name>intr_tgt.o62</name>
      </input_file>
      <input_file id="fl-c2">
         <path>C:\ti\bios_5_42_01_09\packages\ti\rtdx\lib\c6000\</path>
         <kind>archive</kind>
         <file>rtdx.lib</file>
         <name>rtdx_mon.o62</name>
      </input_file>
      <input_file id="fl-c3">
         <path>C:\ti\bios_5_42_01_09\packages\ti\bios\lib\</path>
         <kind>archive</kind>
         <file>bios.a67</file>
         <name>sem_pend_binary.o67</name>
      </input_file>
      <input_file id="fl-c4">
         <path>C:\ti\bios_5_42_01_09\packages\ti\bios\lib\</path>
         <kind>archive</kind>
         <file>bios.a67</file>
         <name>sem_pend.o67</name>
      </input_file>
      <input_file id="fl-c5">
         <path>C:\ti\bios_5_42_01_09\packages\ti\bios\lib\</path>
         <kind>archive</kind>
         <file>bios.a67</file>
         <name>sem_post_asm.o67</name>
      </input_file>
      <input_file id="fl-c6">
         <path>C:\ti\bios_5_42_01_09\packages\ti\bios\lib\</path>
         <kind>archive</kind>
         <file>bios.a67</file>
         <name>sem_post.o67</name>
      </input_file>
      <input_file id="fl-c7">
         <path>C:\ti\bios_5_42_01_09\packages\ti\bios\lib\</path>
         <kind>archive</kind>
         <file>bios.a67</file>
         <name>sts_set.o67</name>
      </input_file>
      <input_file id="fl-c8">
         <path>C:\ti\bios_5_42_01_09\packages\ti\bios\lib\</path>
         <kind>archive</kind>
         <file>bios.a67</file>
         <name>swi_disable.o67</name>
      </input_file>
      <input_file id="fl-c9">
         <path>C:\ti\C6xCSL\lib_3x\</path>
         <kind>archive</kind>
         <file>csl6713.lib</file>
         <name>csl_timer.obj</name>
      </input_file>
      <input_file id="fl-ca">
         <path>C:\ti\bios_5_42_01_09\packages\ti\bios\lib\</path>
         <kind>archive</kind>
         <file>bios.a67</file>
         <name>tsk.o67</name>
      </input_file>
      <input_file id="fl-cb">
         <path>C:\ti\bios_5_42_01_09\packages\ti\bios\lib\</path>
         <kind>archive</kind>
         <file>bios.a67</file>
         <name>tsk_exit.o67</name>
      </input_file>
      <input_file id="fl-cc">
         <path>C:\ti\bios_5_42_01_09\packages\ti\bios\lib\</path>
         <kind>archive</kind>
         <file>bios.a67</file>
         <name>sys_exit.o67</name>
      </input_file>
      <input_file id="fl-cd">
         <path>C:\ti\bios_5_42_01_09\packages\ti\bios\lib\</path>
         <kind>archive</kind>
         <file>bios.a67</file>
         <name>sys.o67</name>
      </input_file>
      <input_file id="fl-ce">
         <path>C:\ti\bios_5_42_01_09\packages\ti\bios\lib\</path>
         <kind>archive</kind>
         <file>bios.a67</file>
         <name>tsk_init.o67</name>
      </input_file>
      <input_file id="fl-cf">
         <path>C:\ti\bios_5_42_01_09\packages\ti\bios\lib\</path>
         <kind>archive</kind>
         <file>bios.a67</file>
         <name>tsk_setu.o67</name>
      </input_file>
      <input_file id="fl-d0">
         <path>C:\ti\bios_5_42_01_09\packages\ti\bios\lib\</path>
         <kind>archive</kind>
         <file>bios.a67</file>
         <name>tsk_stup.o67</name>
      </input_file>
      <input_file id="fl-d1">
         <path>C:\ti\bios_5_42_01_09\packages\ti\bios\lib\</path>
         <kind>archive</kind>
         <file>bios.a67</file>
         <name>lck.o67</name>
      </input_file>
      <input_file id="fl-d2">
         <path>C:\ti\bios_5_42_01_09\packages\ti\bios\lib\</path>
         <kind>archive</kind>
         <file>bios.a67</file>
         <name>sem_pend_counting.o67</name>
      </input_file>
      <input_file id="fl-d3">
         <path>C:\ti\bios_5_42_01_09\packages\ti\bios\lib\</path>
         <kind>archive</kind>
         <file>bios.a67</file>
         <name>sys_abor.o67</name>
      </input_file>
      <input_file id="fl-d4">
         <path>C:\ti\bios_5_42_01_09\packages\ti\bios\lib\</path>
         <kind>archive</kind>
         <file>bios.a67</file>
         <name>gbl_setL2CacheMode.o67</name>
      </input_file>
      <input_file id="fl-d5">
         <path>C:\ti\bios_5_42_01_09\packages\ti\bios\lib\</path>
         <kind>archive</kind>
         <file>bios.a67</file>
         <name>sem_dopo.o67</name>
      </input_file>
      <input_file id="fl-d6">
         <path>C:\ti\bios_5_42_01_09\packages\ti\bios\lib\</path>
         <kind>archive</kind>
         <file>bios.a67</file>
         <name>autoinit.o67</name>
      </input_file>
      <input_file id="fl-d7">
         <path>C:\ti\ccsv6\tools\compiler\c6000_7.4.18\lib\</path>
         <kind>archive</kind>
         <file>rts6700.lib</file>
         <name>_lock.obj</name>
      </input_file>
      <input_file id="fl-d8">
         <path>C:\ti\ccsv6\tools\compiler\c6000_7.4.18\lib\</path>
         <kind>archive</kind>
         <file>rts6700.lib</file>
         <name>remi.obj</name>
      </input_file>
      <input_file id="fl-d9">
         <path>C:\ti\ccsv6\tools\compiler\c6000_7.4.18\lib\</path>
         <kind>archive</kind>
         <file>rts6700.lib</file>
         <name>strasg.obj</name>
      </input_file>
      <input_file id="fl-da">
         <path>C:\ti\ccsv6\tools\compiler\c6000_7.4.18\lib\</path>
         <kind>archive</kind>
         <file>rts6700.lib</file>
         <name>atexit.obj</name>
      </input_file>
      <input_file id="fl-db">
         <path>C:\ti\ccsv6\tools\compiler\c6000_7.4.18\lib\</path>
         <kind>archive</kind>
         <file>rts6700.lib</file>
         <name>sinit.obj</name>
      </input_file>
      <input_file id="fl-dc">
         <path>C:\ti\ccsv6\tools\compiler\c6000_7.4.18\lib\</path>
         <kind>archive</kind>
         <file>rts6700.lib</file>
         <name>exit.obj</name>
      </input_file>
      <input_file id="fl-dd">
         <path>C:\ti\ccsv6\tools\compiler\c6000_7.4.18\lib\</path>
         <kind>archive</kind>
         <file>rts6700.lib</file>
         <name>memcpy62.obj</name>
      </input_file>
   </input_file_list>
   <object_component_list>
      <object_component id="oc-76">
         <name>.datenpuffer</name>
         <uninitialized>true</uninitialized>
         <run_address>0x3f000</run_address>
         <size>0xfa0</size>
         <input_file_ref idref="fl-5"/>
      </object_component>
      <object_component id="oc-67">
         <name>.vers</name>
         <load_address>0x0</load_address>
         <run_address>0x0</run_address>
         <size>0x4c</size>
         <input_file_ref idref="fl-2"/>
      </object_component>
      <object_component id="oc-54">
         <name>.clk</name>
         <uninitialized>true</uninitialized>
         <run_address>0xe138</run_address>
         <size>0x8</size>
         <input_file_ref idref="fl-2"/>
      </object_component>
      <object_component id="oc-55">
         <name>.prd</name>
         <uninitialized>true</uninitialized>
         <run_address>0xfe84</run_address>
         <size>0x20</size>
         <input_file_ref idref="fl-2"/>
      </object_component>
      <object_component id="oc-8">
         <name>HWI_A_VECS</name>
         <load_address>0x0</load_address>
         <run_address>0x0</run_address>
         <size>0x0</size>
      </object_component>
      <object_component id="oc-5c">
         <name>.hwi_vec</name>
         <load_address>0x0</load_address>
         <run_address>0x0</run_address>
         <size>0x200</size>
         <input_file_ref idref="fl-2"/>
      </object_component>
      <object_component id="oc-5d">
         <name>.swi</name>
         <uninitialized>true</uninitialized>
         <run_address>0xfc78</run_address>
         <size>0xb0</size>
         <input_file_ref idref="fl-2"/>
      </object_component>
      <object_component id="oc-5e">
         <name>.tsk</name>
         <uninitialized>true</uninitialized>
         <run_address>0xfb00</run_address>
         <size>0xc0</size>
         <input_file_ref idref="fl-2"/>
      </object_component>
      <object_component id="oc-62">
         <name>.idl</name>
         <uninitialized>true</uninitialized>
         <run_address>0xfea4</run_address>
         <size>0x10</size>
         <input_file_ref idref="fl-2"/>
      </object_component>
      <object_component id="oc-61">
         <name>.idlcal</name>
         <uninitialized>true</uninitialized>
         <run_address>0xfeb4</run_address>
         <size>0x10</size>
         <input_file_ref idref="fl-2"/>
      </object_component>
      <object_component id="oc-49">
         <name>.bss</name>
         <uninitialized>true</uninitialized>
         <run_address>0xf5a0</run_address>
         <size>0x28</size>
         <input_file_ref idref="fl-2"/>
      </object_component>
      <object_component id="oc-73">
         <name>.bss</name>
         <uninitialized>true</uninitialized>
         <run_address>0xf560</run_address>
         <size>0x40</size>
         <input_file_ref idref="fl-5"/>
      </object_component>
      <object_component id="oc-82">
         <name>.bss</name>
         <uninitialized>true</uninitialized>
         <run_address>0xf3b0</run_address>
         <size>0xcc</size>
         <input_file_ref idref="fl-8d"/>
      </object_component>
      <object_component id="oc-84">
         <name>.bss</name>
         <uninitialized>true</uninitialized>
         <run_address>0xf2b0</run_address>
         <size>0x100</size>
         <input_file_ref idref="fl-8e"/>
      </object_component>
      <object_component id="oc-8b">
         <name>.bss</name>
         <uninitialized>true</uninitialized>
         <run_address>0xf5e0</run_address>
         <size>0x18</size>
         <input_file_ref idref="fl-90"/>
      </object_component>
      <object_component id="oc-91">
         <name>.bss</name>
         <uninitialized>true</uninitialized>
         <run_address>0xf47c</run_address>
         <size>0x9c</size>
         <input_file_ref idref="fl-91"/>
      </object_component>
      <object_component id="oc-bf">
         <name>.bss</name>
         <uninitialized>true</uninitialized>
         <run_address>0xf5c8</run_address>
         <size>0x18</size>
         <input_file_ref idref="fl-9d"/>
      </object_component>
      <object_component id="oc-c1">
         <name>.bss</name>
         <uninitialized>true</uninitialized>
         <run_address>0xf62c</run_address>
         <size>0x4</size>
         <input_file_ref idref="fl-9e"/>
      </object_component>
      <object_component id="oc-ed">
         <name>.bss</name>
         <uninitialized>true</uninitialized>
         <run_address>0xf614</run_address>
         <size>0x8</size>
         <input_file_ref idref="fl-a8"/>
      </object_component>
      <object_component id="oc-f0">
         <name>.bss</name>
         <uninitialized>true</uninitialized>
         <run_address>0xf624</run_address>
         <size>0x4</size>
         <input_file_ref idref="fl-a9"/>
      </object_component>
      <object_component id="oc-126">
         <name>.bss</name>
         <uninitialized>true</uninitialized>
         <run_address>0xf518</run_address>
         <size>0x48</size>
         <input_file_ref idref="fl-b5"/>
      </object_component>
      <object_component id="oc-144">
         <name>.bss</name>
         <uninitialized>true</uninitialized>
         <run_address>0xf630</run_address>
         <size>0x4</size>
         <input_file_ref idref="fl-bc"/>
      </object_component>
      <object_component id="oc-152">
         <name>.bss</name>
         <uninitialized>true</uninitialized>
         <run_address>0xf5f8</run_address>
         <size>0x10</size>
         <input_file_ref idref="fl-c0"/>
      </object_component>
      <object_component id="oc-17f">
         <name>.bss</name>
         <uninitialized>true</uninitialized>
         <run_address>0xf608</run_address>
         <size>0xc</size>
         <input_file_ref idref="fl-ca"/>
      </object_component>
      <object_component id="oc-18d">
         <name>.bss</name>
         <uninitialized>true</uninitialized>
         <run_address>0xf61c</run_address>
         <size>0x8</size>
         <input_file_ref idref="fl-cd"/>
      </object_component>
      <object_component id="oc-1ae">
         <name>.bss</name>
         <uninitialized>true</uninitialized>
         <run_address>0xf628</run_address>
         <size>0x4</size>
         <input_file_ref idref="fl-d4"/>
      </object_component>
      <object_component id="oc-6f">
         <name>.far</name>
         <uninitialized>true</uninitialized>
         <run_address>0xe050</run_address>
         <size>0x34</size>
         <input_file_ref idref="fl-4"/>
      </object_component>
      <object_component id="oc-77">
         <name>.far</name>
         <uninitialized>true</uninitialized>
         <run_address>0xdfc8</run_address>
         <size>0x50</size>
         <input_file_ref idref="fl-5"/>
      </object_component>
      <object_component id="oc-9e">
         <name>.far</name>
         <uninitialized>true</uninitialized>
         <run_address>0xe0f0</run_address>
         <size>0x10</size>
         <input_file_ref idref="fl-94"/>
      </object_component>
      <object_component id="oc-ab">
         <name>.far</name>
         <uninitialized>true</uninitialized>
         <run_address>0xe100</run_address>
         <size>0xc</size>
         <input_file_ref idref="fl-97"/>
      </object_component>
      <object_component id="oc-100">
         <name>.far</name>
         <uninitialized>true</uninitialized>
         <run_address>0xe084</run_address>
         <size>0x28</size>
         <input_file_ref idref="fl-ad"/>
      </object_component>
      <object_component id="oc-105">
         <name>.far</name>
         <uninitialized>true</uninitialized>
         <run_address>0xe126</run_address>
         <size>0x2</size>
         <input_file_ref idref="fl-ae"/>
      </object_component>
      <object_component id="oc-10a">
         <name>.far</name>
         <uninitialized>true</uninitialized>
         <run_address>0xe124</run_address>
         <size>0x2</size>
         <input_file_ref idref="fl-af"/>
      </object_component>
      <object_component id="oc-110">
         <name>.far</name>
         <uninitialized>true</uninitialized>
         <run_address>0xdf24</run_address>
         <size>0x54</size>
         <input_file_ref idref="fl-b0"/>
      </object_component>
      <object_component id="oc-122">
         <name>.far</name>
         <uninitialized>true</uninitialized>
         <run_address>0xdca8</run_address>
         <size>0xf4</size>
         <input_file_ref idref="fl-b4"/>
      </object_component>
      <object_component id="oc-129">
         <name>.far</name>
         <uninitialized>true</uninitialized>
         <run_address>0xdd9c</run_address>
         <size>0xd8</size>
         <input_file_ref idref="fl-b5"/>
      </object_component>
      <object_component id="oc-140">
         <name>.far</name>
         <uninitialized>true</uninitialized>
         <run_address>0xe018</run_address>
         <size>0x38</size>
         <input_file_ref idref="fl-bb"/>
      </object_component>
      <object_component id="oc-14b">
         <name>.far</name>
         <uninitialized>true</uninitialized>
         <run_address>0xded0</run_address>
         <size>0x54</size>
         <input_file_ref idref="fl-be"/>
      </object_component>
      <object_component id="oc-17b">
         <name>.far</name>
         <uninitialized>true</uninitialized>
         <run_address>0xe0ac</run_address>
         <size>0x24</size>
         <input_file_ref idref="fl-c9"/>
      </object_component>
      <object_component id="oc-182">
         <name>.far</name>
         <uninitialized>true</uninitialized>
         <run_address>0xde74</run_address>
         <size>0x5c</size>
         <input_file_ref idref="fl-ca"/>
      </object_component>
      <object_component id="oc-190">
         <name>.far</name>
         <uninitialized>true</uninitialized>
         <run_address>0xe0d0</run_address>
         <size>0x20</size>
         <input_file_ref idref="fl-cd"/>
      </object_component>
      <object_component id="oc-19d">
         <name>.far</name>
         <uninitialized>true</uninitialized>
         <run_address>0xdf78</run_address>
         <size>0x50</size>
         <input_file_ref idref="fl-d0"/>
      </object_component>
      <object_component id="oc-1be">
         <name>.far</name>
         <uninitialized>true</uninitialized>
         <run_address>0xe118</run_address>
         <size>0x8</size>
         <input_file_ref idref="fl-d7"/>
      </object_component>
      <object_component id="oc-1c9">
         <name>.far</name>
         <uninitialized>true</uninitialized>
         <run_address>0xdb20</run_address>
         <size>0x188</size>
         <input_file_ref idref="fl-da"/>
      </object_component>
      <object_component id="oc-1ce">
         <name>.far</name>
         <uninitialized>true</uninitialized>
         <run_address>0xe120</run_address>
         <size>0x4</size>
         <input_file_ref idref="fl-db"/>
      </object_component>
      <object_component id="oc-1d3">
         <name>.far</name>
         <uninitialized>true</uninitialized>
         <run_address>0xe10c</run_address>
         <size>0xc</size>
         <input_file_ref idref="fl-dc"/>
      </object_component>
      <object_component id="oc-65">
         <name>.sem</name>
         <uninitialized>true</uninitialized>
         <run_address>0xfe30</run_address>
         <size>0x2c</size>
         <input_file_ref idref="fl-2"/>
      </object_component>
      <object_component id="oc-50">
         <name>.mem</name>
         <uninitialized>true</uninitialized>
         <run_address>0xeaac</run_address>
         <size>0x4</size>
         <input_file_ref idref="fl-2"/>
      </object_component>
      <object_component id="oc-8d">
         <name>.bios</name>
         <load_address>0x200</load_address>
         <run_address>0x200</run_address>
         <size>0x600</size>
         <input_file_ref idref="fl-90"/>
      </object_component>
      <object_component id="oc-1b1">
         <name>.bios</name>
         <load_address>0x800</load_address>
         <run_address>0x800</run_address>
         <size>0x5e0</size>
         <input_file_ref idref="fl-d4"/>
      </object_component>
      <object_component id="oc-46">
         <name>.bios</name>
         <load_address>0xde0</load_address>
         <run_address>0xde0</run_address>
         <size>0x540</size>
         <input_file_ref idref="fl-91"/>
      </object_component>
      <object_component id="oc-47">
         <name>.bios</name>
         <load_address>0x1320</load_address>
         <run_address>0x1320</run_address>
         <size>0x460</size>
         <input_file_ref idref="fl-8e"/>
      </object_component>
      <object_component id="oc-dc">
         <name>.bios</name>
         <load_address>0x1780</load_address>
         <run_address>0x1780</run_address>
         <size>0x3a0</size>
         <input_file_ref idref="fl-a4"/>
      </object_component>
      <object_component id="oc-13c">
         <name>.bios</name>
         <load_address>0x1b20</load_address>
         <run_address>0x1b20</run_address>
         <size>0x2c0</size>
         <input_file_ref idref="fl-ba"/>
      </object_component>
      <object_component id="oc-e1">
         <name>.bios</name>
         <load_address>0x1de0</load_address>
         <run_address>0x1de0</run_address>
         <size>0x2c0</size>
         <input_file_ref idref="fl-a5"/>
      </object_component>
      <object_component id="oc-167">
         <name>.bios</name>
         <load_address>0x20a0</load_address>
         <run_address>0x20a0</run_address>
         <size>0x2c0</size>
         <input_file_ref idref="fl-c4"/>
      </object_component>
      <object_component id="oc-4b">
         <name>.bios</name>
         <load_address>0x2360</load_address>
         <run_address>0x2360</run_address>
         <size>0x260</size>
         <input_file_ref idref="fl-94"/>
      </object_component>
      <object_component id="oc-d8">
         <name>.bios</name>
         <load_address>0x25c0</load_address>
         <run_address>0x25c0</run_address>
         <size>0x240</size>
         <input_file_ref idref="fl-a3"/>
      </object_component>
      <object_component id="oc-1b5">
         <name>.bios</name>
         <load_address>0x2800</load_address>
         <run_address>0x2800</run_address>
         <size>0x220</size>
         <input_file_ref idref="fl-d5"/>
      </object_component>
      <object_component id="oc-197">
         <name>.bios</name>
         <load_address>0x2a20</load_address>
         <run_address>0x2a20</run_address>
         <size>0x200</size>
         <input_file_ref idref="fl-cf"/>
      </object_component>
      <object_component id="oc-d0">
         <name>.bios</name>
         <load_address>0x2c20</load_address>
         <run_address>0x2c20</run_address>
         <size>0x1c0</size>
         <input_file_ref idref="fl-a1"/>
      </object_component>
      <object_component id="oc-b1">
         <name>.bios</name>
         <load_address>0x2de0</load_address>
         <run_address>0x2de0</run_address>
         <size>0x1c0</size>
         <input_file_ref idref="fl-99"/>
      </object_component>
      <object_component id="oc-186">
         <name>.bios</name>
         <load_address>0x2fa0</load_address>
         <run_address>0x2fa0</run_address>
         <size>0x1a0</size>
         <input_file_ref idref="fl-cb"/>
      </object_component>
      <object_component id="oc-1b9">
         <name>.bios</name>
         <load_address>0x3140</load_address>
         <run_address>0x3140</run_address>
         <size>0x180</size>
         <input_file_ref idref="fl-d6"/>
      </object_component>
      <object_component id="oc-19e">
         <name>.bios</name>
         <load_address>0x32c0</load_address>
         <run_address>0x32c0</run_address>
         <size>0x180</size>
         <input_file_ref idref="fl-d0"/>
      </object_component>
      <object_component id="oc-12f">
         <name>.bios</name>
         <load_address>0x3440</load_address>
         <run_address>0x3440</run_address>
         <size>0x140</size>
         <input_file_ref idref="fl-b7"/>
      </object_component>
      <object_component id="oc-115">
         <name>.bios</name>
         <load_address>0x3580</load_address>
         <run_address>0x3580</run_address>
         <size>0xe0</size>
         <input_file_ref idref="fl-b1"/>
      </object_component>
      <object_component id="oc-12c">
         <name>.bios</name>
         <load_address>0x3660</load_address>
         <run_address>0x3660</run_address>
         <size>0xe0</size>
         <input_file_ref idref="fl-b6"/>
      </object_component>
      <object_component id="oc-16f">
         <name>.bios</name>
         <load_address>0x3740</load_address>
         <run_address>0x3740</run_address>
         <size>0xe0</size>
         <input_file_ref idref="fl-c6"/>
      </object_component>
      <object_component id="oc-16a">
         <name>.bios</name>
         <load_address>0x3820</load_address>
         <run_address>0x3820</run_address>
         <size>0xe0</size>
         <input_file_ref idref="fl-c5"/>
      </object_component>
      <object_component id="oc-f3">
         <name>.bios</name>
         <load_address>0x3900</load_address>
         <run_address>0x3900</run_address>
         <size>0xe0</size>
         <input_file_ref idref="fl-aa"/>
      </object_component>
      <object_component id="oc-138">
         <name>.bios</name>
         <load_address>0x39e0</load_address>
         <run_address>0x39e0</run_address>
         <size>0xc0</size>
         <input_file_ref idref="fl-b9"/>
      </object_component>
      <object_component id="oc-134">
         <name>.bios</name>
         <load_address>0x3aa0</load_address>
         <run_address>0x3aa0</run_address>
         <size>0xc0</size>
         <input_file_ref idref="fl-b8"/>
      </object_component>
      <object_component id="oc-1a3">
         <name>.bios</name>
         <load_address>0x3b60</load_address>
         <run_address>0x3b60</run_address>
         <size>0xc0</size>
         <input_file_ref idref="fl-d1"/>
      </object_component>
      <object_component id="oc-18a">
         <name>.bios</name>
         <load_address>0x3c20</load_address>
         <run_address>0x3c20</run_address>
         <size>0xc0</size>
         <input_file_ref idref="fl-cc"/>
      </object_component>
      <object_component id="oc-48">
         <name>.bios</name>
         <load_address>0x3ce0</load_address>
         <run_address>0x3ce0</run_address>
         <size>0xc0</size>
         <input_file_ref idref="fl-8c"/>
      </object_component>
      <object_component id="oc-b5">
         <name>.bios</name>
         <load_address>0x3da0</load_address>
         <run_address>0x3da0</run_address>
         <size>0x80</size>
         <input_file_ref idref="fl-9a"/>
      </object_component>
      <object_component id="oc-c3">
         <name>.bios</name>
         <load_address>0x3e20</load_address>
         <run_address>0x3e20</run_address>
         <size>0x80</size>
         <input_file_ref idref="fl-9e"/>
      </object_component>
      <object_component id="oc-d4">
         <name>.bios</name>
         <load_address>0x3ea0</load_address>
         <run_address>0x3ea0</run_address>
         <size>0x80</size>
         <input_file_ref idref="fl-a2"/>
      </object_component>
      <object_component id="oc-e9">
         <name>.bios</name>
         <load_address>0x3f20</load_address>
         <run_address>0x3f20</run_address>
         <size>0x80</size>
         <input_file_ref idref="fl-a7"/>
      </object_component>
      <object_component id="oc-c7">
         <name>.bios</name>
         <load_address>0x3fa0</load_address>
         <run_address>0x3fa0</run_address>
         <size>0x80</size>
         <input_file_ref idref="fl-9f"/>
      </object_component>
      <object_component id="oc-11c">
         <name>.bios</name>
         <load_address>0x4020</load_address>
         <run_address>0x4020</run_address>
         <size>0x60</size>
         <input_file_ref idref="fl-b3"/>
      </object_component>
      <object_component id="oc-162">
         <name>.bios</name>
         <load_address>0x4080</load_address>
         <run_address>0x4080</run_address>
         <size>0x60</size>
         <input_file_ref idref="fl-c3"/>
      </object_component>
      <object_component id="oc-1a6">
         <name>.bios</name>
         <load_address>0x40e0</load_address>
         <run_address>0x40e0</run_address>
         <size>0x60</size>
         <input_file_ref idref="fl-d2"/>
      </object_component>
      <object_component id="oc-176">
         <name>.bios</name>
         <load_address>0x4140</load_address>
         <run_address>0x4140</run_address>
         <size>0x60</size>
         <input_file_ref idref="fl-c8"/>
      </object_component>
      <object_component id="oc-1ab">
         <name>.bios</name>
         <load_address>0x41a0</load_address>
         <run_address>0x41a0</run_address>
         <size>0x60</size>
         <input_file_ref idref="fl-d3"/>
      </object_component>
      <object_component id="oc-4a">
         <name>.bios</name>
         <load_address>0x4200</load_address>
         <run_address>0x4200</run_address>
         <size>0x60</size>
         <input_file_ref idref="fl-97"/>
      </object_component>
      <object_component id="oc-f7">
         <name>.bios</name>
         <load_address>0x4260</load_address>
         <run_address>0x4260</run_address>
         <size>0x60</size>
         <input_file_ref idref="fl-ab"/>
      </object_component>
      <object_component id="oc-43">
         <name>.bios</name>
         <load_address>0x42c0</load_address>
         <run_address>0x42c0</run_address>
         <size>0x40</size>
         <input_file_ref idref="fl-8f"/>
      </object_component>
      <object_component id="oc-e5">
         <name>.bios</name>
         <load_address>0x4300</load_address>
         <run_address>0x4300</run_address>
         <size>0x40</size>
         <input_file_ref idref="fl-a6"/>
      </object_component>
      <object_component id="oc-42">
         <name>.bios</name>
         <load_address>0x4340</load_address>
         <run_address>0x4340</run_address>
         <size>0x40</size>
         <input_file_ref idref="fl-95"/>
      </object_component>
      <object_component id="oc-fb">
         <name>.bios</name>
         <load_address>0x4380</load_address>
         <run_address>0x4380</run_address>
         <size>0x40</size>
         <input_file_ref idref="fl-ac"/>
      </object_component>
      <object_component id="oc-4e">
         <name>.bios</name>
         <load_address>0x43c0</load_address>
         <run_address>0x43c0</run_address>
         <size>0x20</size>
         <input_file_ref idref="fl-92"/>
      </object_component>
      <object_component id="oc-118">
         <name>.bios</name>
         <load_address>0x43e0</load_address>
         <run_address>0x43e0</run_address>
         <size>0x20</size>
         <input_file_ref idref="fl-b2"/>
      </object_component>
      <object_component id="oc-cb">
         <name>.bios</name>
         <load_address>0x4400</load_address>
         <run_address>0x4400</run_address>
         <size>0x20</size>
         <input_file_ref idref="fl-a0"/>
      </object_component>
      <object_component id="oc-172">
         <name>.bios</name>
         <load_address>0x4420</load_address>
         <run_address>0x4420</run_address>
         <size>0x20</size>
         <input_file_ref idref="fl-c7"/>
      </object_component>
      <object_component id="oc-4d">
         <name>.bios</name>
         <load_address>0x4440</load_address>
         <run_address>0x4440</run_address>
         <size>0x20</size>
         <input_file_ref idref="fl-96"/>
      </object_component>
      <object_component id="oc-4c">
         <name>.bios</name>
         <load_address>0x4460</load_address>
         <run_address>0x4460</run_address>
         <size>0x20</size>
         <input_file_ref idref="fl-98"/>
      </object_component>
      <object_component id="oc-156">
         <name>.pinit</name>
         <load_address>0xfed4</load_address>
         <run_address>0xfed4</run_address>
         <size>0x4</size>
         <input_file_ref idref="fl-c0"/>
      </object_component>
      <object_component id="oc-15f">
         <name>.pinit</name>
         <load_address>0xfed8</load_address>
         <run_address>0xfed8</run_address>
         <size>0x4</size>
         <input_file_ref idref="fl-c2"/>
      </object_component>
      <object_component id="oc-53">
         <name>.sys</name>
         <uninitialized>true</uninitialized>
         <run_address>0xfec4</run_address>
         <size>0x10</size>
         <input_file_ref idref="fl-2"/>
      </object_component>
      <object_component id="oc-1d9">
         <name>.text</name>
         <load_address>0x8480</load_address>
         <run_address>0x8480</run_address>
         <size>0xac0</size>
         <input_file_ref idref="fl-5"/>
      </object_component>
      <object_component id="oc-109">
         <name>.text</name>
         <load_address>0x8f40</load_address>
         <run_address>0x8f40</run_address>
         <size>0x480</size>
         <input_file_ref idref="fl-af"/>
      </object_component>
      <object_component id="oc-1ec">
         <name>.text:_EDMA_open</name>
         <load_address>0x93c0</load_address>
         <run_address>0x93c0</run_address>
         <size>0x280</size>
         <input_file_ref idref="fl-b0"/>
      </object_component>
      <object_component id="oc-1e2">
         <name>.text:_memcpy</name>
         <load_address>0x9640</load_address>
         <run_address>0x9640</run_address>
         <size>0x240</size>
         <input_file_ref idref="fl-dd"/>
      </object_component>
      <object_component id="oc-1e6">
         <name>.text</name>
         <load_address>0x9880</load_address>
         <run_address>0x9880</run_address>
         <size>0x240</size>
         <input_file_ref idref="fl-4"/>
      </object_component>
      <object_component id="oc-1e5">
         <name>.text:__CSL_init</name>
         <load_address>0x9ac0</load_address>
         <run_address>0x9ac0</run_address>
         <size>0x220</size>
         <input_file_ref idref="fl-ad"/>
      </object_component>
      <object_component id="oc-104">
         <name>.text</name>
         <load_address>0x9ce0</load_address>
         <run_address>0x9ce0</run_address>
         <size>0x1e0</size>
         <input_file_ref idref="fl-ae"/>
      </object_component>
      <object_component id="oc-1f6">
         <name>.text:_IRQ_map</name>
         <load_address>0x9ec0</load_address>
         <run_address>0x9ec0</run_address>
         <size>0x1c0</size>
         <input_file_ref idref="fl-b4"/>
      </object_component>
      <object_component id="oc-20d">
         <name>.text:_mux2Tables</name>
         <load_address>0xa080</load_address>
         <run_address>0xa080</run_address>
         <size>0x1c0</size>
         <input_file_ref idref="fl-b4"/>
      </object_component>
      <object_component id="oc-1ed">
         <name>.text:_EDMA_allocTable</name>
         <load_address>0xa240</load_address>
         <run_address>0xa240</run_address>
         <size>0x1a0</size>
         <input_file_ref idref="fl-b0"/>
      </object_component>
      <object_component id="oc-204">
         <name>.text:_MCBSP_reset</name>
         <load_address>0xa3e0</load_address>
         <run_address>0xa3e0</run_address>
         <size>0x1a0</size>
         <input_file_ref idref="fl-bb"/>
      </object_component>
      <object_component id="oc-44">
         <name>.text</name>
         <load_address>0xa580</load_address>
         <run_address>0xa580</run_address>
         <size>0x180</size>
         <input_file_ref idref="fl-93"/>
      </object_component>
      <object_component id="oc-210">
         <name>.text:_call_dtors</name>
         <load_address>0xa700</load_address>
         <run_address>0xa700</run_address>
         <size>0x160</size>
         <input_file_ref idref="fl-db"/>
      </object_component>
      <object_component id="oc-205">
         <name>.text:_EDMA_reset</name>
         <load_address>0xa860</load_address>
         <run_address>0xa860</run_address>
         <size>0x140</size>
         <input_file_ref idref="fl-b0"/>
      </object_component>
      <object_component id="oc-202">
         <name>.text:_TIMER_open</name>
         <load_address>0xa9a0</load_address>
         <run_address>0xa9a0</run_address>
         <size>0x140</size>
         <input_file_ref idref="fl-c9"/>
      </object_component>
      <object_component id="oc-20e">
         <name>.text:_TIMER_reset</name>
         <load_address>0xaae0</load_address>
         <run_address>0xaae0</run_address>
         <size>0x120</size>
         <input_file_ref idref="fl-c9"/>
      </object_component>
      <object_component id="oc-1ee">
         <name>.text:_EDMA_intAlloc</name>
         <load_address>0xac00</load_address>
         <run_address>0xac00</run_address>
         <size>0x100</size>
         <input_file_ref idref="fl-b0"/>
      </object_component>
      <object_component id="oc-1e7">
         <name>.text:_MCBSP_open</name>
         <load_address>0xad00</load_address>
         <run_address>0xad00</run_address>
         <size>0x100</size>
         <input_file_ref idref="fl-bb"/>
      </object_component>
      <object_component id="oc-1ea">
         <name>.text:_MCBSP_start</name>
         <load_address>0xae00</load_address>
         <run_address>0xae00</run_address>
         <size>0x100</size>
         <input_file_ref idref="fl-bb"/>
      </object_component>
      <object_component id="oc-1f0">
         <name>.text:_EDMA_config</name>
         <load_address>0xaf00</load_address>
         <run_address>0xaf00</run_address>
         <size>0xe0</size>
         <input_file_ref idref="fl-b0"/>
      </object_component>
      <object_component id="oc-1dd">
         <name>.text:__strasg</name>
         <load_address>0xafe0</load_address>
         <run_address>0xafe0</run_address>
         <size>0xe0</size>
         <input_file_ref idref="fl-d9"/>
      </object_component>
      <object_component id="oc-1ff">
         <name>.text:_atexit</name>
         <load_address>0xb0c0</load_address>
         <run_address>0xb0c0</run_address>
         <size>0xe0</size>
         <input_file_ref idref="fl-da"/>
      </object_component>
      <object_component id="oc-19a">
         <name>.text</name>
         <load_address>0xb1a0</load_address>
         <run_address>0xb1a0</run_address>
         <size>0xc0</size>
         <input_file_ref idref="fl-d0"/>
      </object_component>
      <object_component id="oc-1e8">
         <name>.text:_MCBSP_config</name>
         <load_address>0xb260</load_address>
         <run_address>0xb260</run_address>
         <size>0xa0</size>
         <input_file_ref idref="fl-bb"/>
      </object_component>
      <object_component id="oc-201">
         <name>.text:__IRQ_init</name>
         <load_address>0xb300</load_address>
         <run_address>0xb300</run_address>
         <size>0xa0</size>
         <input_file_ref idref="fl-b4"/>
      </object_component>
      <object_component id="oc-207">
         <name>.text:_setMux</name>
         <load_address>0xb3a0</load_address>
         <run_address>0xb3a0</run_address>
         <size>0xa0</size>
         <input_file_ref idref="fl-b4"/>
      </object_component>
      <object_component id="oc-20f">
         <name>.text:_EDMA_disableChannel</name>
         <load_address>0xb440</load_address>
         <run_address>0xb440</run_address>
         <size>0x60</size>
         <input_file_ref idref="fl-b0"/>
      </object_component>
      <object_component id="oc-1f5">
         <name>.text:_EDMA_enableChannel</name>
         <load_address>0xb4a0</load_address>
         <run_address>0xb4a0</run_address>
         <size>0x60</size>
         <input_file_ref idref="fl-b0"/>
      </object_component>
      <object_component id="oc-1f4">
         <name>.text:_EDMA_intEnable</name>
         <load_address>0xb500</load_address>
         <run_address>0xb500</run_address>
         <size>0x60</size>
         <input_file_ref idref="fl-b0"/>
      </object_component>
      <object_component id="oc-206">
         <name>.text:_EDMA_qdmaConfig</name>
         <load_address>0xb560</load_address>
         <run_address>0xb560</run_address>
         <size>0x60</size>
         <input_file_ref idref="fl-b0"/>
      </object_component>
      <object_component id="oc-1f1">
         <name>.text:_EDMA_link</name>
         <load_address>0xb5c0</load_address>
         <run_address>0xb5c0</run_address>
         <size>0x40</size>
         <input_file_ref idref="fl-b0"/>
      </object_component>
      <object_component id="oc-1f8">
         <name>.text:_IRQ_enable</name>
         <load_address>0xb600</load_address>
         <run_address>0xb600</run_address>
         <size>0x40</size>
         <input_file_ref idref="fl-b4"/>
      </object_component>
      <object_component id="oc-20c">
         <name>.text:___add_dtor</name>
         <load_address>0xb640</load_address>
         <run_address>0xb640</run_address>
         <size>0x40</size>
         <input_file_ref idref="fl-db"/>
      </object_component>
      <object_component id="oc-1e4">
         <name>.text:_CSL6713_LIB_</name>
         <load_address>0xb680</load_address>
         <run_address>0xb680</run_address>
         <size>0x20</size>
         <input_file_ref idref="fl-ad"/>
      </object_component>
      <object_component id="oc-1f3">
         <name>.text:_EDMA_intClear</name>
         <load_address>0xb6a0</load_address>
         <run_address>0xb6a0</run_address>
         <size>0x20</size>
         <input_file_ref idref="fl-b0"/>
      </object_component>
      <object_component id="oc-1fa">
         <name>.text:_EDMA_intTest</name>
         <load_address>0xb6c0</load_address>
         <run_address>0xb6c0</run_address>
         <size>0x20</size>
         <input_file_ref idref="fl-b0"/>
      </object_component>
      <object_component id="oc-1f7">
         <name>.text:_IRQ_clear</name>
         <load_address>0xb6e0</load_address>
         <run_address>0xb6e0</run_address>
         <size>0x20</size>
         <input_file_ref idref="fl-b4"/>
      </object_component>
      <object_component id="oc-1e9">
         <name>.text:_IRQ_globalDisable</name>
         <load_address>0xb700</load_address>
         <run_address>0xb700</run_address>
         <size>0x20</size>
         <input_file_ref idref="fl-b4"/>
      </object_component>
      <object_component id="oc-1f9">
         <name>.text:_IRQ_globalEnable</name>
         <load_address>0xb720</load_address>
         <run_address>0xb720</run_address>
         <size>0x20</size>
         <input_file_ref idref="fl-b4"/>
      </object_component>
      <object_component id="oc-1ef">
         <name>.text:_MCBSP_getRcvAddr</name>
         <load_address>0xb740</load_address>
         <run_address>0xb740</run_address>
         <size>0x20</size>
         <input_file_ref idref="fl-bb"/>
      </object_component>
      <object_component id="oc-1f2">
         <name>.text:_MCBSP_getXmtAddr</name>
         <load_address>0xb760</load_address>
         <run_address>0xb760</run_address>
         <size>0x20</size>
         <input_file_ref idref="fl-bb"/>
      </object_component>
      <object_component id="oc-1eb">
         <name>.text:_MCBSP_write</name>
         <load_address>0xb780</load_address>
         <run_address>0xb780</run_address>
         <size>0x20</size>
         <input_file_ref idref="fl-bb"/>
      </object_component>
      <object_component id="oc-203">
         <name>.text:_MCBSP_xrdy</name>
         <load_address>0xb7a0</load_address>
         <run_address>0xb7a0</run_address>
         <size>0x20</size>
         <input_file_ref idref="fl-bb"/>
      </object_component>
      <object_component id="oc-1e3">
         <name>.text:__nop</name>
         <load_address>0xb7c0</load_address>
         <run_address>0xb7c0</run_address>
         <size>0x20</size>
         <input_file_ref idref="fl-d7"/>
      </object_component>
      <object_component id="oc-1e0">
         <name>.text:__register_lock</name>
         <load_address>0xb7e0</load_address>
         <run_address>0xb7e0</run_address>
         <size>0x20</size>
         <input_file_ref idref="fl-d7"/>
      </object_component>
      <object_component id="oc-1e1">
         <name>.text:__register_unlock</name>
         <load_address>0xb800</load_address>
         <run_address>0xb800</run_address>
         <size>0x20</size>
         <input_file_ref idref="fl-d7"/>
      </object_component>
      <object_component id="oc-120">
         <name>.text</name>
         <load_address>0xb820</load_address>
         <run_address>0xb820</run_address>
         <size>0x20</size>
         <input_file_ref idref="fl-b4"/>
      </object_component>
      <object_component id="oc-51">
         <name>.cinit</name>
         <load_address>0xb840</load_address>
         <run_address>0xb840</run_address>
         <size>0x844</size>
         <input_file_ref idref="fl-2"/>
      </object_component>
      <object_component id="oc-83">
         <name>.cinit</name>
         <load_address>0xc088</load_address>
         <run_address>0xc088</run_address>
         <size>0x26c</size>
         <input_file_ref idref="fl-8d"/>
      </object_component>
      <object_component id="oc-128">
         <name>.cinit</name>
         <load_address>0xc2f8</load_address>
         <run_address>0xc2f8</run_address>
         <size>0x1a4</size>
         <input_file_ref idref="fl-b5"/>
      </object_component>
      <object_component id="oc-121">
         <name>.cinit</name>
         <load_address>0xc4a0</load_address>
         <run_address>0xc4a0</run_address>
         <size>0x12c</size>
         <input_file_ref idref="fl-b4"/>
      </object_component>
      <object_component id="oc-75">
         <name>.cinit</name>
         <load_address>0xc5d0</load_address>
         <run_address>0xc5d0</run_address>
         <size>0xe4</size>
         <input_file_ref idref="fl-5"/>
      </object_component>
      <object_component id="oc-92">
         <name>.cinit</name>
         <load_address>0xc6b8</load_address>
         <run_address>0xc6b8</run_address>
         <size>0xb0</size>
         <input_file_ref idref="fl-91"/>
      </object_component>
      <object_component id="oc-181">
         <name>.cinit</name>
         <load_address>0xc768</load_address>
         <run_address>0xc768</run_address>
         <size>0x80</size>
         <input_file_ref idref="fl-ca"/>
      </object_component>
      <object_component id="oc-10f">
         <name>.cinit</name>
         <load_address>0xc7e8</load_address>
         <run_address>0xc7e8</run_address>
         <size>0x70</size>
         <input_file_ref idref="fl-b0"/>
      </object_component>
      <object_component id="oc-19c">
         <name>.cinit</name>
         <load_address>0xc858</load_address>
         <run_address>0xc858</run_address>
         <size>0x60</size>
         <input_file_ref idref="fl-d0"/>
      </object_component>
      <object_component id="oc-8c">
         <name>.cinit</name>
         <load_address>0xc8b8</load_address>
         <run_address>0xc8b8</run_address>
         <size>0x5c</size>
         <input_file_ref idref="fl-90"/>
      </object_component>
      <object_component id="oc-13f">
         <name>.cinit</name>
         <load_address>0xc918</load_address>
         <run_address>0xc918</run_address>
         <size>0x54</size>
         <input_file_ref idref="fl-bb"/>
      </object_component>
      <object_component id="oc-e0">
         <name>.cinit</name>
         <load_address>0xc970</load_address>
         <run_address>0xc970</run_address>
         <size>0x4c</size>
         <input_file_ref idref="fl-a5"/>
      </object_component>
      <object_component id="oc-17a">
         <name>.cinit</name>
         <load_address>0xc9c0</load_address>
         <run_address>0xc9c0</run_address>
         <size>0x4c</size>
         <input_file_ref idref="fl-c9"/>
      </object_component>
      <object_component id="oc-154">
         <name>.cinit</name>
         <load_address>0xca10</load_address>
         <run_address>0xca10</run_address>
         <size>0x4c</size>
         <input_file_ref idref="fl-c0"/>
      </object_component>
      <object_component id="oc-6e">
         <name>.cinit</name>
         <load_address>0xca60</load_address>
         <run_address>0xca60</run_address>
         <size>0x48</size>
         <input_file_ref idref="fl-4"/>
      </object_component>
      <object_component id="oc-ff">
         <name>.cinit</name>
         <load_address>0xcaa8</load_address>
         <run_address>0xcaa8</run_address>
         <size>0x3c</size>
         <input_file_ref idref="fl-ad"/>
      </object_component>
      <object_component id="oc-c0">
         <name>.cinit</name>
         <load_address>0xcae8</load_address>
         <run_address>0xcae8</run_address>
         <size>0x34</size>
         <input_file_ref idref="fl-9d"/>
      </object_component>
      <object_component id="oc-aa">
         <name>.cinit</name>
         <load_address>0xcb20</load_address>
         <run_address>0xcb20</run_address>
         <size>0x2c</size>
         <input_file_ref idref="fl-97"/>
      </object_component>
      <object_component id="oc-1d2">
         <name>.cinit</name>
         <load_address>0xcb50</load_address>
         <run_address>0xcb50</run_address>
         <size>0x2c</size>
         <input_file_ref idref="fl-dc"/>
      </object_component>
      <object_component id="oc-14a">
         <name>.cinit</name>
         <load_address>0xcb80</load_address>
         <run_address>0xcb80</run_address>
         <size>0x24</size>
         <input_file_ref idref="fl-be"/>
      </object_component>
      <object_component id="oc-18f">
         <name>.cinit</name>
         <load_address>0xcba8</load_address>
         <run_address>0xcba8</run_address>
         <size>0x1c</size>
         <input_file_ref idref="fl-cd"/>
      </object_component>
      <object_component id="oc-1bd">
         <name>.cinit</name>
         <load_address>0xcbc8</load_address>
         <run_address>0xcbc8</run_address>
         <size>0x1c</size>
         <input_file_ref idref="fl-d7"/>
      </object_component>
      <object_component id="oc-1c8">
         <name>.cinit</name>
         <load_address>0xcbe8</load_address>
         <run_address>0xcbe8</run_address>
         <size>0x1c</size>
         <input_file_ref idref="fl-da"/>
      </object_component>
      <object_component id="oc-9d">
         <name>.cinit</name>
         <load_address>0xcc08</load_address>
         <run_address>0xcc08</run_address>
         <size>0x18</size>
         <input_file_ref idref="fl-94"/>
      </object_component>
      <object_component id="oc-1b0">
         <name>.cinit</name>
         <load_address>0xcc20</load_address>
         <run_address>0xcc20</run_address>
         <size>0xc</size>
         <input_file_ref idref="fl-d4"/>
      </object_component>
      <object_component id="oc-c2">
         <name>.cinit</name>
         <load_address>0xcc30</load_address>
         <run_address>0xcc30</run_address>
         <size>0xc</size>
         <input_file_ref idref="fl-9e"/>
      </object_component>
      <object_component id="oc-cf">
         <name>.cinit</name>
         <load_address>0xcc40</load_address>
         <run_address>0xcc40</run_address>
         <size>0xc</size>
         <input_file_ref idref="fl-a1"/>
      </object_component>
      <object_component id="oc-1cd">
         <name>.cinit</name>
         <load_address>0xcc50</load_address>
         <run_address>0xcc50</run_address>
         <size>0xc</size>
         <input_file_ref idref="fl-db"/>
      </object_component>
      <object_component id="oc-1fc">
         <name>.switch</name>
         <load_address>0xfe5c</load_address>
         <run_address>0xfe5c</run_address>
         <size>0x28</size>
         <input_file_ref idref="fl-c2"/>
      </object_component>
      <object_component id="oc-4f">
         <name>.gblinit</name>
         <load_address>0xfda8</load_address>
         <run_address>0xfda8</run_address>
         <size>0x4c</size>
         <input_file_ref idref="fl-2"/>
      </object_component>
      <object_component id="oc-66">
         <name>.sysinit</name>
         <load_address>0xe140</load_address>
         <run_address>0xe140</run_address>
         <size>0x2e0</size>
         <input_file_ref idref="fl-2"/>
      </object_component>
      <object_component id="oc-146">
         <name>.sysinit</name>
         <load_address>0xe420</load_address>
         <run_address>0xe420</run_address>
         <size>0xe0</size>
         <input_file_ref idref="fl-bd"/>
      </object_component>
      <object_component id="oc-45">
         <name>.sysinit</name>
         <load_address>0xe500</load_address>
         <run_address>0xe500</run_address>
         <size>0xc0</size>
         <input_file_ref idref="fl-9b"/>
      </object_component>
      <object_component id="oc-193">
         <name>.sysinit</name>
         <load_address>0xe5c0</load_address>
         <run_address>0xe5c0</run_address>
         <size>0x80</size>
         <input_file_ref idref="fl-ce"/>
      </object_component>
      <object_component id="oc-14c">
         <name>.sysinit</name>
         <load_address>0xe640</load_address>
         <run_address>0xe640</run_address>
         <size>0x20</size>
         <input_file_ref idref="fl-be"/>
      </object_component>
      <object_component id="oc-be">
         <name>.trcdata</name>
         <load_address>0xfee0</load_address>
         <run_address>0xfee0</run_address>
         <size>0xc</size>
         <input_file_ref idref="fl-9c"/>
      </object_component>
      <object_component id="oc-52">
         <name>.rtdx_data</name>
         <uninitialized>true</uninitialized>
         <run_address>0xe660</run_address>
         <size>0x410</size>
         <input_file_ref idref="fl-2"/>
      </object_component>
      <object_component id="oc-155">
         <name>.rtdx_data</name>
         <uninitialized>true</uninitialized>
         <run_address>0xea70</run_address>
         <size>0x20</size>
         <input_file_ref idref="fl-c0"/>
      </object_component>
      <object_component id="oc-15e">
         <name>.rtdx_data</name>
         <uninitialized>true</uninitialized>
         <run_address>0xea90</run_address>
         <size>0x1c</size>
         <input_file_ref idref="fl-c2"/>
      </object_component>
      <object_component id="oc-1da">
         <name>.rtdx_text:_RTDX_Poll</name>
         <load_address>0xcc80</load_address>
         <run_address>0xcc80</run_address>
         <size>0x400</size>
         <input_file_ref idref="fl-c2"/>
      </object_component>
      <object_component id="oc-1fe">
         <name>.rtdx_text:_RTDX_Buffer_WriteCB</name>
         <load_address>0xd080</load_address>
         <run_address>0xd080</run_address>
         <size>0x340</size>
         <input_file_ref idref="fl-c0"/>
      </object_component>
      <object_component id="oc-20a">
         <name>.rtdx_text:_RTDX_write_next</name>
         <load_address>0xd3c0</load_address>
         <run_address>0xd3c0</run_address>
         <size>0x300</size>
         <input_file_ref idref="fl-c0"/>
      </object_component>
      <object_component id="oc-20b">
         <name>.rtdx_text:_RTDX_Mon_Queue</name>
         <load_address>0xd6c0</load_address>
         <run_address>0xd6c0</run_address>
         <size>0x140</size>
         <input_file_ref idref="fl-c2"/>
      </object_component>
      <object_component id="oc-209">
         <name>.rtdx_text:_claim</name>
         <load_address>0xd800</load_address>
         <run_address>0xd800</run_address>
         <size>0xe0</size>
         <input_file_ref idref="fl-c0"/>
      </object_component>
      <object_component id="oc-1df">
         <name>.rtdx_text:_RTDX_Init_RT_Monitor</name>
         <load_address>0xd8e0</load_address>
         <run_address>0xd8e0</run_address>
         <size>0x80</size>
         <input_file_ref idref="fl-c2"/>
      </object_component>
      <object_component id="oc-1de">
         <name>.rtdx_text:_RTDX_Buffer_Initialize</name>
         <load_address>0xd960</load_address>
         <run_address>0xd960</run_address>
         <size>0x60</size>
         <input_file_ref idref="fl-c0"/>
      </object_component>
      <object_component id="oc-1fd">
         <name>.rtdx_text:_RTDX_Buffer_ReadCB</name>
         <load_address>0xd9c0</load_address>
         <run_address>0xd9c0</run_address>
         <size>0x60</size>
         <input_file_ref idref="fl-bf"/>
      </object_component>
      <object_component id="oc-208">
         <name>.rtdx_text:_RTDX_Buffer_Size</name>
         <load_address>0xda20</load_address>
         <run_address>0xda20</run_address>
         <size>0x40</size>
         <input_file_ref idref="fl-c0"/>
      </object_component>
      <object_component id="oc-200">
         <name>.rtdx_text:_RTDX_Final_RT_Monitor</name>
         <load_address>0xda60</load_address>
         <run_address>0xda60</run_address>
         <size>0x40</size>
         <input_file_ref idref="fl-c2"/>
      </object_component>
      <object_component id="oc-1db">
         <name>.rtdx_text:_RTDX_Buffer_Read</name>
         <load_address>0xdaa0</load_address>
         <run_address>0xdaa0</run_address>
         <size>0x20</size>
         <input_file_ref idref="fl-bf"/>
      </object_component>
      <object_component id="oc-1dc">
         <name>.rtdx_text:_RTDX_Buffer_Write</name>
         <load_address>0xdac0</load_address>
         <run_address>0xdac0</run_address>
         <size>0x20</size>
         <input_file_ref idref="fl-c0"/>
      </object_component>
      <object_component id="oc-1fb">
         <name>.rtdx_text:_RTDX_checksum</name>
         <load_address>0xdae0</load_address>
         <run_address>0xdae0</run_address>
         <size>0x20</size>
         <input_file_ref idref="fl-c2"/>
      </object_component>
      <object_component id="oc-15a">
         <name>.rtdx_text</name>
         <load_address>0xdb00</load_address>
         <run_address>0xdb00</run_address>
         <size>0x20</size>
         <input_file_ref idref="fl-c1"/>
      </object_component>
      <object_component id="oc-5f">
         <name>.TSK_idle$stk</name>
         <uninitialized>true</uninitialized>
         <run_address>0xeab0</run_address>
         <size>0x400</size>
         <input_file_ref idref="fl-2"/>
      </object_component>
      <object_component id="oc-60">
         <name>.led_toggle_tsk$stk</name>
         <uninitialized>true</uninitialized>
         <run_address>0xeeb0</run_address>
         <size>0x400</size>
         <input_file_ref idref="fl-2"/>
      </object_component>
      <object_component id="oc-63">
         <name>.LOG_system$buf</name>
         <uninitialized>true</uninitialized>
         <run_address>0xf900</run_address>
         <size>0x100</size>
         <input_file_ref idref="fl-2"/>
      </object_component>
      <object_component id="oc-58">
         <name>.hst1</name>
         <uninitialized>true</uninitialized>
         <run_address>0xe128</run_address>
         <size>0x10</size>
         <input_file_ref idref="fl-2"/>
      </object_component>
      <object_component id="oc-5b">
         <name>.hst0</name>
         <uninitialized>true</uninitialized>
         <run_address>0xfa00</run_address>
         <size>0x100</size>
         <input_file_ref idref="fl-2"/>
      </object_component>
      <object_component id="oc-19f">
         <name>.const</name>
         <load_address>0xfbc0</load_address>
         <run_address>0xfbc0</run_address>
         <size>0x4e</size>
         <input_file_ref idref="fl-d0"/>
      </object_component>
      <object_component id="oc-a2">
         <name>.const</name>
         <load_address>0xfc0e</load_address>
         <run_address>0xfc0e</run_address>
         <size>0x23</size>
         <input_file_ref idref="fl-95"/>
      </object_component>
      <object_component id="oc-a6">
         <name>.const</name>
         <load_address>0xfc31</load_address>
         <run_address>0xfc31</run_address>
         <size>0x22</size>
         <input_file_ref idref="fl-96"/>
      </object_component>
      <object_component id="oc-10b">
         <name>.const</name>
         <load_address>0xfc54</load_address>
         <run_address>0xfc54</run_address>
         <size>0x20</size>
         <input_file_ref idref="fl-af"/>
      </object_component>
      <object_component id="oc-183">
         <name>.const</name>
         <load_address>0xfc74</load_address>
         <run_address>0xfc74</run_address>
         <size>0x1</size>
         <input_file_ref idref="fl-ca"/>
      </object_component>
      <object_component id="oc-56">
         <name>.printf</name>
         <load_address>0xfc75</load_address>
         <run_address>0xfc75</run_address>
         <size>0xc4</size>
         <input_file_ref idref="fl-2"/>
      </object_component>
      <object_component id="oc-ba">
         <name>.args</name>
         <load_address>0xcc7c</load_address>
         <run_address>0xcc7c</run_address>
         <size>0x0</size>
         <input_file_ref idref="fl-9b"/>
      </object_component>
      <object_component id="oc-36">
         <name>_SYS_PUTCBEG</name>
         <load_address>0xf634</load_address>
         <run_address>0xf634</run_address>
         <size>0x0</size>
      </object_component>
      <object_component id="oc-38">
         <name>_SYS_PUTCEND</name>
         <load_address>0xf834</load_address>
         <run_address>0xf834</run_address>
         <size>0x0</size>
      </object_component>
      <object_component id="oc-59">
         <name>.hst</name>
         <uninitialized>true</uninitialized>
         <run_address>0xfdf4</run_address>
         <size>0x3c</size>
         <input_file_ref idref="fl-2"/>
      </object_component>
      <object_component id="oc-64">
         <name>.log</name>
         <load_address>0xcc64</load_address>
         <run_address>0xcc64</run_address>
         <size>0x18</size>
         <input_file_ref idref="fl-2"/>
      </object_component>
      <object_component id="oc-5a">
         <name>.pip</name>
         <uninitialized>true</uninitialized>
         <run_address>0xf834</run_address>
         <size>0xc8</size>
         <input_file_ref idref="fl-2"/>
      </object_component>
      <object_component id="oc-57">
         <name>.sts</name>
         <load_address>0xfd28</load_address>
         <run_address>0xfd28</run_address>
         <size>0x80</size>
         <input_file_ref idref="fl-2"/>
      </object_component>
      <object_component id="oc-3e">
         <name>GBL_stackbeg</name>
         <uninitialized>true</uninitialized>
         <run_address>0x4480</run_address>
         <size>0x0</size>
      </object_component>
      <object_component id="oc-bb">
         <name>.stack</name>
         <uninitialized>true</uninitialized>
         <run_address>0x4480</run_address>
         <size>0x0</size>
         <input_file_ref idref="fl-9b"/>
      </object_component>
      <object_component id="oc-24a">
         <name>.stack</name>
         <uninitialized>true</uninitialized>
         <run_address>0x4480</run_address>
         <size>0x0</size>
      </object_component>
      <object_component id="oc-68">
         <name>.debug_info</name>
         <load_address>0x0</load_address>
         <run_address>0x0</run_address>
         <size>0x441</size>
         <input_file_ref idref="fl-2"/>
      </object_component>
      <object_component id="oc-6b">
         <name>.debug_info</name>
         <load_address>0x441</load_address>
         <run_address>0x441</run_address>
         <size>0x607</size>
         <input_file_ref idref="fl-3"/>
      </object_component>
      <object_component id="oc-6d">
         <name>.debug_info</name>
         <load_address>0xa48</load_address>
         <run_address>0xa48</run_address>
         <size>0xc3f</size>
         <input_file_ref idref="fl-4"/>
      </object_component>
      <object_component id="oc-74">
         <name>.debug_info</name>
         <load_address>0x1687</load_address>
         <run_address>0x1687</run_address>
         <size>0x1fa9</size>
         <input_file_ref idref="fl-5"/>
      </object_component>
      <object_component id="oc-7b">
         <name>.debug_info</name>
         <load_address>0x3630</load_address>
         <run_address>0x3630</run_address>
         <size>0x6a9</size>
         <input_file_ref idref="fl-6"/>
      </object_component>
      <object_component id="oc-7f">
         <name>.debug_info</name>
         <load_address>0x3cd9</load_address>
         <run_address>0x3cd9</run_address>
         <size>0xf8</size>
         <input_file_ref idref="fl-8c"/>
      </object_component>
      <object_component id="oc-85">
         <name>.debug_info</name>
         <load_address>0x3dd1</load_address>
         <run_address>0x3dd1</run_address>
         <size>0xb9</size>
         <input_file_ref idref="fl-8e"/>
      </object_component>
      <object_component id="oc-88">
         <name>.debug_info</name>
         <load_address>0x3e8a</load_address>
         <run_address>0x3e8a</run_address>
         <size>0xaf</size>
         <input_file_ref idref="fl-8f"/>
      </object_component>
      <object_component id="oc-8e">
         <name>.debug_info</name>
         <load_address>0x3f39</load_address>
         <run_address>0x3f39</run_address>
         <size>0x1a5</size>
         <input_file_ref idref="fl-90"/>
      </object_component>
      <object_component id="oc-93">
         <name>.debug_info</name>
         <load_address>0x40de</load_address>
         <run_address>0x40de</run_address>
         <size>0x13c</size>
         <input_file_ref idref="fl-91"/>
      </object_component>
      <object_component id="oc-96">
         <name>.debug_info</name>
         <load_address>0x421a</load_address>
         <run_address>0x421a</run_address>
         <size>0x607</size>
         <input_file_ref idref="fl-92"/>
      </object_component>
      <object_component id="oc-99">
         <name>.debug_info</name>
         <load_address>0x4821</load_address>
         <run_address>0x4821</run_address>
         <size>0x6f0</size>
         <input_file_ref idref="fl-93"/>
      </object_component>
      <object_component id="oc-9c">
         <name>.debug_info</name>
         <load_address>0x4f11</load_address>
         <run_address>0x4f11</run_address>
         <size>0xf1f</size>
         <input_file_ref idref="fl-94"/>
      </object_component>
      <object_component id="oc-a1">
         <name>.debug_info</name>
         <load_address>0x5e30</load_address>
         <run_address>0x5e30</run_address>
         <size>0x7fd</size>
         <input_file_ref idref="fl-95"/>
      </object_component>
      <object_component id="oc-a5">
         <name>.debug_info</name>
         <load_address>0x662d</load_address>
         <run_address>0x662d</run_address>
         <size>0x7ea</size>
         <input_file_ref idref="fl-96"/>
      </object_component>
      <object_component id="oc-a9">
         <name>.debug_info</name>
         <load_address>0x6e17</load_address>
         <run_address>0x6e17</run_address>
         <size>0x6d9</size>
         <input_file_ref idref="fl-97"/>
      </object_component>
      <object_component id="oc-ae">
         <name>.debug_info</name>
         <load_address>0x74f0</load_address>
         <run_address>0x74f0</run_address>
         <size>0x690</size>
         <input_file_ref idref="fl-98"/>
      </object_component>
      <object_component id="oc-b2">
         <name>.debug_info</name>
         <load_address>0x7b80</load_address>
         <run_address>0x7b80</run_address>
         <size>0x112</size>
         <input_file_ref idref="fl-99"/>
      </object_component>
      <object_component id="oc-b6">
         <name>.debug_info</name>
         <load_address>0x7c92</load_address>
         <run_address>0x7c92</run_address>
         <size>0x106</size>
         <input_file_ref idref="fl-9a"/>
      </object_component>
      <object_component id="oc-b9">
         <name>.debug_info</name>
         <load_address>0x7d98</load_address>
         <run_address>0x7d98</run_address>
         <size>0x65a</size>
         <input_file_ref idref="fl-9b"/>
      </object_component>
      <object_component id="oc-c4">
         <name>.debug_info</name>
         <load_address>0x83f2</load_address>
         <run_address>0x83f2</run_address>
         <size>0xaf</size>
         <input_file_ref idref="fl-9e"/>
      </object_component>
      <object_component id="oc-c8">
         <name>.debug_info</name>
         <load_address>0x84a1</load_address>
         <run_address>0x84a1</run_address>
         <size>0xb8</size>
         <input_file_ref idref="fl-9f"/>
      </object_component>
      <object_component id="oc-cc">
         <name>.debug_info</name>
         <load_address>0x8559</load_address>
         <run_address>0x8559</run_address>
         <size>0xaa</size>
         <input_file_ref idref="fl-a0"/>
      </object_component>
      <object_component id="oc-d1">
         <name>.debug_info</name>
[...]
      </symbol>
      <symbol id="sm-5a5">
         <name>_HWI_enable</name>
         <value>0x4038</value>
         <object_component_ref idref="oc-11c"/>
      </symbol>
      <symbol id="sm-5a6">
         <name>_HWI_disable</name>
         <value>0x4020</value>
         <object_component_ref idref="oc-11c"/>
      </symbol>
      <symbol id="sm-5c4">
         <name>_IRQ_clear</name>
         <value>0xb6e0</value>
         <object_component_ref idref="oc-1f7"/>
      </symbol>
      <symbol id="sm-5c5">
         <name>__IRQ_eventTable</name>
         <value>0xdcd0</value>
         <object_component_ref idref="oc-122"/>
      </symbol>
      <symbol id="sm-5c6">
         <name>__IRQ_intTable</name>
         <value>0xdd54</value>
         <object_component_ref idref="oc-122"/>
      </symbol>
      <symbol id="sm-5c7">
         <name>_IRQ_globalEnable</name>
         <value>0xb720</value>
         <object_component_ref idref="oc-1f9"/>
      </symbol>
      <symbol id="sm-5c8">
         <name>_IRQ_globalDisable</name>
         <value>0xb700</value>
         <object_component_ref idref="oc-1e9"/>
      </symbol>
      <symbol id="sm-5c9">
         <name>_IRQ_map</name>
         <value>0x9ec0</value>
         <object_component_ref idref="oc-1f6"/>
      </symbol>
      <symbol id="sm-5ca">
         <name>__IRQ_init</name>
         <value>0xb300</value>
         <object_component_ref idref="oc-201"/>
      </symbol>
      <symbol id="sm-5cb">
         <name>_IRQ_enable</name>
         <value>0xb600</value>
         <object_component_ref idref="oc-1f8"/>
      </symbol>
      <symbol id="sm-5cc">
         <name>__IRQ_dispatchTable</name>
         <value>0xdd94</value>
         <object_component_ref idref="oc-122"/>
      </symbol>
      <symbol id="sm-5cd">
         <name>__IRQ_hookFetchPacket</name>
         <value>0xb820</value>
         <object_component_ref idref="oc-120"/>
      </symbol>
      <symbol id="sm-5d9">
         <name>_KNL_maxqueue</name>
         <value>0xf548</value>
         <object_component_ref idref="oc-126"/>
      </symbol>
      <symbol id="sm-5da">
         <name>_KNL_inactive</name>
         <value>0xf528</value>
         <object_component_ref idref="oc-126"/>
      </symbol>
      <symbol id="sm-5db">
         <name>_KNL_tswitchfxn</name>
         <value>0xf54c</value>
         <object_component_ref idref="oc-126"/>
      </symbol>
      <symbol id="sm-5dc">
         <name>_KNL_setpri</name>
         <value>0xf524</value>
         <object_component_ref idref="oc-126"/>
      </symbol>
      <symbol id="sm-5dd">
         <name>_KNL_swiptr</name>
         <value>0xf540</value>
         <object_component_ref idref="oc-126"/>
      </symbol>
      <symbol id="sm-5de">
         <name>_KNL_dummy</name>
         <value>0xde3c</value>
         <object_component_ref idref="oc-129"/>
      </symbol>
      <symbol id="sm-5df">
         <name>_KNL_curtask</name>
         <value>0xf534</value>
         <object_component_ref idref="oc-126"/>
      </symbol>
      <symbol id="sm-5e0">
         <name>_KNL_curqueue</name>
         <value>0xf544</value>
         <object_component_ref idref="oc-126"/>
      </symbol>
      <symbol id="sm-5e1">
         <name>_KNL_wList</name>
         <value>0xf51c</value>
         <object_component_ref idref="oc-126"/>
      </symbol>
      <symbol id="sm-5e2">
         <name>_KNL_curtime</name>
         <value>0xf53c</value>
         <object_component_ref idref="oc-126"/>
      </symbol>
      <symbol id="sm-5e3">
         <name>_KNL_set</name>
         <value>0xf530</value>
         <object_component_ref idref="oc-126"/>
      </symbol>
      <symbol id="sm-5e4">
         <name>_KNL_alarm</name>
         <value>0xf520</value>
         <object_component_ref idref="oc-126"/>
      </symbol>
      <symbol id="sm-5e5">
         <name>_KNL_prevtask</name>
         <value>0xf538</value>
         <object_component_ref idref="oc-126"/>
      </symbol>
      <symbol id="sm-5e6">
         <name>_KNL_queues</name>
         <value>0xdd9c</value>
         <object_component_ref idref="oc-129"/>
      </symbol>
      <symbol id="sm-5e7">
         <name>_KNL_idlefxn</name>
         <value>0xf55c</value>
         <object_component_ref idref="oc-126"/>
      </symbol>
      <symbol id="sm-5e8">
         <name>_KNL_priority</name>
         <value>0xf52c</value>
         <object_component_ref idref="oc-126"/>
      </symbol>
      <symbol id="sm-5e9">
         <name>_KNL_treadyfxn</name>
         <value>0xf558</value>
         <object_component_ref idref="oc-126"/>
      </symbol>
      <symbol id="sm-5ea">
         <name>_KNL_tcreatefxn</name>
         <value>0xf550</value>
         <object_component_ref idref="oc-126"/>
      </symbol>
      <symbol id="sm-5eb">
         <name>_KNL_wFlag</name>
         <value>0xf518</value>
         <object_component_ref idref="oc-126"/>
      </symbol>
      <symbol id="sm-5ec">
         <name>_KNL_tdeletefxn</name>
         <value>0xf554</value>
         <object_component_ref idref="oc-126"/>
      </symbol>
      <symbol id="sm-5f6">
         <name>_KNL_exit</name>
         <value>0x3660</value>
         <object_component_ref idref="oc-12c"/>
      </symbol>
      <symbol id="sm-5f7">
         <name>_KNL_enter</name>
         <value>0x36b4</value>
         <object_component_ref idref="oc-12c"/>
      </symbol>
      <symbol id="sm-5ff">
         <name>__KNL_lat1beg</name>
         <value>0x3490</value>
         <object_component_ref idref="oc-12f"/>
      </symbol>
      <symbol id="sm-600">
         <name>__KNL_lat1end</name>
         <value>0x3518</value>
         <object_component_ref idref="oc-12f"/>
      </symbol>
      <symbol id="sm-601">
         <name>_KNL_max</name>
         <value>0x353c</value>
         <object_component_ref idref="oc-12f"/>
      </symbol>
      <symbol id="sm-602">
         <name>_KNL_check</name>
         <value>0x3440</value>
         <object_component_ref idref="oc-12f"/>
      </symbol>
      <symbol id="sm-603">
         <name>_KNL_idle</name>
         <value>0x3518</value>
         <object_component_ref idref="oc-12f"/>
      </symbol>
      <symbol id="sm-60d">
         <name>_KNL_post</name>
         <value>0x3aa0</value>
         <object_component_ref idref="oc-134"/>
      </symbol>
      <symbol id="sm-617">
         <name>_KNL_ipost</name>
         <value>0x39e0</value>
         <object_component_ref idref="oc-138"/>
      </symbol>
      <symbol id="sm-621">
         <name>_KNL_run</name>
         <value>0x1b20</value>
         <object_component_ref idref="oc-13c"/>
      </symbol>
      <symbol id="sm-63d">
         <name>_MCBSP_reset</name>
         <value>0xa3e0</value>
         <object_component_ref idref="oc-204"/>
      </symbol>
      <symbol id="sm-63e">
         <name>_MCBSP_getRcvAddr</name>
         <value>0xb740</value>
         <object_component_ref idref="oc-1ef"/>
      </symbol>
      <symbol id="sm-63f">
         <name>_MCBSP_open</name>
         <value>0xad00</value>
         <object_component_ref idref="oc-1e7"/>
      </symbol>
      <symbol id="sm-640">
         <name>_MCBSP_getXmtAddr</name>
         <value>0xb760</value>
         <object_component_ref idref="oc-1f2"/>
      </symbol>
      <symbol id="sm-641">
         <name>__MCBSP_hDev0</name>
         <value>0xe048</value>
         <object_component_ref idref="oc-140"/>
      </symbol>
      <symbol id="sm-642">
         <name>__MCBSP_hDev1</name>
         <value>0xe04c</value>
         <object_component_ref idref="oc-140"/>
      </symbol>
      <symbol id="sm-643">
         <name>_MCBSP_start</name>
         <value>0xae00</value>
         <object_component_ref idref="oc-1ea"/>
      </symbol>
      <symbol id="sm-644">
         <name>_MCBSP_config</name>
         <value>0xb260</value>
         <object_component_ref idref="oc-1e8"/>
      </symbol>
      <symbol id="sm-645">
         <name>_MCBSP_xrdy</name>
         <value>0xb7a0</value>
         <object_component_ref idref="oc-203"/>
      </symbol>
      <symbol id="sm-646">
         <name>_MCBSP_write</name>
         <value>0xb780</value>
         <object_component_ref idref="oc-1eb"/>
      </symbol>
      <symbol id="sm-64a">
         <name>_MEM</name>
         <value>0xf630</value>
         <object_component_ref idref="oc-144"/>
      </symbol>
      <symbol id="sm-654">
         <name>_MEM_init</name>
         <value>0xe420</value>
         <object_component_ref idref="oc-146"/>
      </symbol>
      <symbol id="sm-662">
         <name>_OBJ_table</name>
         <value>0xded0</value>
         <object_component_ref idref="oc-14b"/>
      </symbol>
      <symbol id="sm-663">
         <name>_OBJ_init</name>
         <value>0xe640</value>
         <object_component_ref idref="oc-14c"/>
      </symbol>
      <symbol id="sm-664">
         <name>_OBJ_segtab</name>
         <value>0xdf08</value>
         <object_component_ref idref="oc-14b"/>
      </symbol>
      <symbol id="sm-670">
         <name>_RTDX_Buffer_ReadCB</name>
         <value>0xd9c0</value>
         <object_component_ref idref="oc-1fd"/>
      </symbol>
      <symbol id="sm-671">
         <name>RTDX_NORMALIZED_HDR</name>
         <value>0x1</value>
      </symbol>
      <symbol id="sm-672">
         <name>_RTDX_Buffer_Read</name>
         <value>0xdaa0</value>
         <object_component_ref idref="oc-1db"/>
      </symbol>
      <symbol id="sm-68e">
         <name>_rtdx_buffer_state</name>
         <value>0xea70</value>
         <object_component_ref idref="oc-155"/>
      </symbol>
      <symbol id="sm-68f">
         <name>_RTDX_Buffer_WriteCB</name>
         <value>0xd080</value>
         <object_component_ref idref="oc-1fe"/>
      </symbol>
      <symbol id="sm-690">
         <name>_rtdxNullChanCnt</name>
         <value>0xf600</value>
         <object_component_ref idref="oc-152"/>
      </symbol>
      <symbol id="sm-691">
         <name>_RTDX_writing</name>
         <value>0xea7c</value>
         <object_component_ref idref="oc-155"/>
      </symbol>
      <symbol id="sm-692">
         <name>_RTDX_Buffer_Initialize</name>
         <value>0xd960</value>
         <object_component_ref idref="oc-1de"/>
      </symbol>
      <symbol id="sm-693">
         <name>_RTDX_Buffer_Write</name>
         <value>0xdac0</value>
         <object_component_ref idref="oc-1dc"/>
      </symbol>
      <symbol id="sm-694">
         <name>_rtdxNullFuncCnt</name>
         <value>0xf604</value>
         <object_component_ref idref="oc-152"/>
      </symbol>
      <symbol id="sm-695">
         <name>_RTDX_Buffer_Size</name>
         <value>0xda20</value>
         <object_component_ref idref="oc-208"/>
      </symbol>
      <symbol id="sm-69f">
         <name>_RTDX_Mask_IER</name>
         <value>0xdb00</value>
         <object_component_ref idref="oc-15a"/>
      </symbol>
      <symbol id="sm-6b7">
         <name>_RTDX_Mon_Queue</name>
         <value>0xd6c0</value>
         <object_component_ref idref="oc-20b"/>
      </symbol>
      <symbol id="sm-6b8">
         <name>_rtdx_mon_state</name>
         <value>0xea90</value>
         <object_component_ref idref="oc-15e"/>
      </symbol>
      <symbol id="sm-6b9">
         <name>_RTDX_JTAGONLY</name>
         <value>0x2</value>
      </symbol>
      <symbol id="sm-6ba">
         <name>_RTDX_Final_RT_Monitor</name>
         <value>0xda60</value>
         <object_component_ref idref="oc-200"/>
      </symbol>
      <symbol id="sm-6bb">
         <name>_RTDX_Poll</name>
         <value>0xcc80</value>
         <object_component_ref idref="oc-1da"/>
      </symbol>
      <symbol id="sm-6bc">
         <name>_RTDX_Init_RT_Monitor</name>
         <value>0xd8e0</value>
         <object_component_ref idref="oc-1df"/>
      </symbol>
      <symbol id="sm-6c4">
         <name>_SEM_pendBinary</name>
         <value>0x4080</value>
         <object_component_ref idref="oc-162"/>
      </symbol>
      <symbol id="sm-6ce">
         <name>_SEM_pendEnterKnl</name>
         <value>0x20a0</value>
         <object_component_ref idref="oc-167"/>
      </symbol>
      <symbol id="sm-6d6">
         <name>_SEM_postBinary</name>
         <value>0x3820</value>
         <object_component_ref idref="oc-16a"/>
      </symbol>
      <symbol id="sm-6d7">
         <name>_SEM_post</name>
         <value>0x3820</value>
         <object_component_ref idref="oc-16a"/>
      </symbol>
      <symbol id="sm-6e1">
         <name>_SEM_postEnterKnl</name>
         <value>0x3740</value>
         <object_component_ref idref="oc-16f"/>
      </symbol>
      <symbol id="sm-6e9">
         <name>_STS_set</name>
         <value>0x4420</value>
         <object_component_ref idref="oc-172"/>
      </symbol>
      <symbol id="sm-6f1">
         <name>_SWI_disable</name>
         <value>0x4140</value>
         <object_component_ref idref="oc-176"/>
      </symbol>
      <symbol id="sm-6f2">
         <name>_SWI_enable</name>
         <value>0x4168</value>
         <object_component_ref idref="oc-176"/>
      </symbol>
      <symbol id="sm-702">
         <name>_TIMER_reset</name>
         <value>0xaae0</value>
         <object_component_ref idref="oc-20e"/>
      </symbol>
      <symbol id="sm-703">
         <name>_TIMER_open</name>
         <value>0xa9a0</value>
         <object_component_ref idref="oc-202"/>
      </symbol>
      <symbol id="sm-704">
         <name>__TIMER_hDev0</name>
         <value>0xe0c4</value>
         <object_component_ref idref="oc-17b"/>
      </symbol>
      <symbol id="sm-705">
         <name>__TIMER_hDev1</name>
         <value>0xe0c8</value>
         <object_component_ref idref="oc-17b"/>
      </symbol>
      <symbol id="sm-706">
         <name>__TIMER_hBios</name>
         <value>0xe0cc</value>
         <object_component_ref idref="oc-17b"/>
      </symbol>
      <symbol id="sm-707">
         <name>__TIMER_deviceTable</name>
         <value>0xe0ac</value>
         <object_component_ref idref="oc-17b"/>
      </symbol>
      <symbol id="sm-715">
         <name>_TSK_nTasks</name>
         <value>0xf608</value>
         <object_component_ref idref="oc-17f"/>
      </symbol>
      <symbol id="sm-716">
         <name>_TSK_config</name>
         <value>0xde90</value>
         <object_component_ref idref="oc-182"/>
      </symbol>
      <symbol id="sm-717">
         <name>_TSK</name>
         <value>0xf610</value>
         <object_component_ref idref="oc-17f"/>
      </symbol>
      <symbol id="sm-718">
         <name>_TSK_timerSem</name>
         <value>0xdeb0</value>
         <object_component_ref idref="oc-182"/>
      </symbol>
      <symbol id="sm-719">
         <name>_TSK_pid</name>
         <value>0xf60c</value>
         <object_component_ref idref="oc-17f"/>
      </symbol>
      <symbol id="sm-71a">
         <name>_TSK_ATTRS</name>
         <value>0xde74</value>
         <object_component_ref idref="oc-182"/>
      </symbol>
      <symbol id="sm-724">
         <name>_TSK_exit</name>
         <value>0x2fa0</value>
         <object_component_ref idref="oc-186"/>
      </symbol>
      <symbol id="sm-72e">
         <name>_SYS_exit</name>
         <value>0x3c20</value>
         <object_component_ref idref="oc-18a"/>
      </symbol>
      <symbol id="sm-73a">
         <name>_SYS_exitStack</name>
         <value>0xe0d0</value>
         <object_component_ref idref="oc-190"/>
      </symbol>
      <symbol id="sm-73b">
         <name>_SYS_exitStackPtr</name>
         <value>0xf61c</value>
         <object_component_ref idref="oc-18d"/>
      </symbol>
      <symbol id="sm-73c">
         <name>_SYS_exitStackTop</name>
         <value>0xf620</value>
         <object_component_ref idref="oc-18d"/>
      </symbol>
      <symbol id="sm-746">
         <name>_TSK_init</name>
         <value>0xe5c0</value>
         <object_component_ref idref="oc-193"/>
      </symbol>
      <symbol id="sm-750">
         <name>_TSK_setup</name>
         <value>0x2a20</value>
         <object_component_ref idref="oc-197"/>
      </symbol>
      <symbol id="sm-762">
         <name>__MEM_mutex</name>
         <value>0xdfa0</value>
         <object_component_ref idref="oc-19d"/>
      </symbol>
      <symbol id="sm-763">
         <name>_TSK_startup</name>
         <value>0x3380</value>
         <object_component_ref idref="oc-19e"/>
      </symbol>
      <symbol id="sm-764">
         <name>__TSK_mutex</name>
         <value>0xdf78</value>
         <object_component_ref idref="oc-19d"/>
      </symbol>
      <symbol id="sm-76e">
         <name>_LCK_pend</name>
         <value>0x3b90</value>
         <object_component_ref idref="oc-1a3"/>
      </symbol>
      <symbol id="sm-76f">
         <name>_LCK_post</name>
         <value>0x3b60</value>
         <object_component_ref idref="oc-1a3"/>
      </symbol>
      <symbol id="sm-777">
         <name>_SEM_pend</name>
         <value>0x40e0</value>
         <object_component_ref idref="oc-1a6"/>
      </symbol>
      <symbol id="sm-781">
         <name>_SYS_abort</name>
         <value>0x41a0</value>
         <object_component_ref idref="oc-1ab"/>
      </symbol>
      <symbol id="sm-78f">
         <name>__GBL_setL2CacheMode</name>
         <value>0xc34</value>
         <object_component_ref idref="oc-1b1"/>
      </symbol>
      <symbol id="sm-799">
         <name>__SEM_dopost</name>
         <value>0x2800</value>
         <object_component_ref idref="oc-1b5"/>
      </symbol>
      <symbol id="sm-7a3">
         <name>__auto_init</name>
         <value>0x3140</value>
         <object_component_ref idref="oc-1b9"/>
      </symbol>
      <symbol id="sm-7b5">
         <name>__unlock</name>
         <value>0xe11c</value>
         <object_component_ref idref="oc-1be"/>
      </symbol>
      <symbol id="sm-7b6">
         <name>__lock</name>
         <value>0xe118</value>
         <object_component_ref idref="oc-1be"/>
      </symbol>
      <symbol id="sm-7b7">
         <name>__register_lock</name>
         <value>0xb7e0</value>
         <object_component_ref idref="oc-1e0"/>
      </symbol>
      <symbol id="sm-7b8">
         <name>__nop</name>
         <value>0xb7c0</value>
         <object_component_ref idref="oc-1e3"/>
      </symbol>
      <symbol id="sm-7b9">
         <name>__register_unlock</name>
         <value>0xb800</value>
         <object_component_ref idref="oc-1e1"/>
      </symbol>
      <symbol id="sm-7c6">
         <name>__strasg</name>
         <value>0xafe0</value>
         <object_component_ref idref="oc-1dd"/>
      </symbol>
      <symbol id="sm-7d4">
         <name>_atexit</name>
         <value>0xb0c0</value>
         <object_component_ref idref="oc-1ff"/>
      </symbol>
      <symbol id="sm-7d5">
         <name>___atexit_func_id__</name>
         <value>0xdb20</value>
         <object_component_ref idref="oc-1c9"/>
      </symbol>
      <symbol id="sm-7e5">
         <name>_dtors</name>
         <value>0xe120</value>
         <object_component_ref idref="oc-1ce"/>
      </symbol>
      <symbol id="sm-7e6">
         <name>_call_dtors</name>
         <value>0xa700</value>
         <object_component_ref idref="oc-210"/>
      </symbol>
      <symbol id="sm-7e7">
         <name>___add_dtor</name>
         <value>0xb640</value>
         <object_component_ref idref="oc-20c"/>
      </symbol>
      <symbol id="sm-7f3">
         <name>___TI_enable_exit_profile_output</name>
         <value>0xe114</value>
         <object_component_ref idref="oc-1d3"/>
      </symbol>
      <symbol id="sm-7f4">
         <name>__cleanup_ptr</name>
         <value>0xe10c</value>
         <object_component_ref idref="oc-1d3"/>
      </symbol>
      <symbol id="sm-7f5">
         <name>__dtors_ptr</name>
         <value>0xe110</value>
         <object_component_ref idref="oc-1d3"/>
      </symbol>
      <symbol id="sm-7ff">
         <name>_memcpy</name>
         <value>0x9640</value>
         <object_component_ref idref="oc-1e2"/>
      </symbol>
   </symbol_table>
</link_info>
