<?xml version="1.0"?>
<link_info>
   <banner>TMS320C6x Linker PC v7.4.20</banner>
   <copyright>Copyright (c) 1996-2015 Texas Instruments Incorporated</copyright>
   <link_time>0x585275a4</link_time>
   <output_file>SystemIdentification.out</output_file>
   <entry_point>
      <name>_c_int00</name>
      <address>0xe3e0</address>
   </entry_point>
   <input_file_list>
      <input_file id="fl-2">
         <path>.\</path>
         <kind>object</kind>
         <file>SystemIdentificationcfg.obj</file>
         <name>SystemIdentificationcfg.obj</name>
      </input_file>
      <input_file id="fl-3">
         <path>.\</path>
         <kind>object</kind>
         <file>SystemIdentificationcfg_c.obj</file>
         <name>SystemIdentificationcfg_c.obj</name>
      </input_file>
      <input_file id="fl-4">
         <path>.\</path>
         <kind>object</kind>
         <file>config_AIC23.obj</file>
         <name>config_AIC23.obj</name>
      </input_file>
      <input_file id="fl-5">
         <path>.\</path>
         <kind>object</kind>
         <file>main.obj</file>
         <name>main.obj</name>
      </input_file>
      <input_file id="fl-6">
         <path>.\</path>
         <kind>object</kind>
         <file>skeleton.obj</file>
         <name>skeleton.obj</name>
      </input_file>
      <input_file id="fl-7">
         <path>.\</path>
         <kind>object</kind>
         <file>tinymt32.obj</file>
         <name>tinymt32.obj</name>
      </input_file>
      <input_file id="fl-8d">
         <path>C:\ti\bios_5_42_01_09\packages\ti\bios\lib\</path>
         <kind>archive</kind>
         <file>biosC6000.a67</file>
         <name>clk_htime.o67</name>
      </input_file>
      <input_file id="fl-8e">
         <path>C:\ti\bios_5_42_01_09\packages\ti\bios\lib\</path>
         <kind>archive</kind>
         <file>bios.a67</file>
         <name>biosdata.o67</name>
      </input_file>
      <input_file id="fl-8f">
         <path>C:\ti\bios_5_42_01_09\packages\ti\bios\lib\</path>
         <kind>archive</kind>
         <file>bios.a67</file>
         <name>hwi_disp_asm.o67</name>
      </input_file>
      <input_file id="fl-90">
         <path>C:\ti\bios_5_42_01_09\packages\ti\bios\lib\</path>
         <kind>archive</kind>
         <file>bios.a67</file>
         <name>idl_stub.o67</name>
      </input_file>
      <input_file id="fl-91">
         <path>C:\ti\bios_5_42_01_09\packages\ti\bios\lib\</path>
         <kind>archive</kind>
         <file>lnkrtdx.a67</file>
         <name>rtdx.o67</name>
      </input_file>
      <input_file id="fl-92">
         <path>C:\ti\bios_5_42_01_09\packages\ti\bios\lib\</path>
         <kind>archive</kind>
         <file>bios.a67</file>
         <name>swi.o67</name>
      </input_file>
      <input_file id="fl-93">
         <path>C:\ti\bios_5_42_01_09\packages\ti\bios\lib\</path>
         <kind>archive</kind>
         <file>bios.a67</file>
         <name>fxn_c.o67</name>
      </input_file>
      <input_file id="fl-94">
         <path>C:\ti\bios_5_42_01_09\packages\ti\bios\lib\</path>
         <kind>archive</kind>
         <file>bios.a67</file>
         <name>gbl_cslpllinit62.o67</name>
      </input_file>
      <input_file id="fl-95">
         <path>C:\ti\bios_5_42_01_09\packages\ti\bios\lib\</path>
         <kind>archive</kind>
         <file>bios.a67</file>
         <name>knl_tick.o67</name>
      </input_file>
      <input_file id="fl-96">
         <path>C:\ti\bios_5_42_01_09\packages\ti\bios\lib\</path>
         <kind>archive</kind>
         <file>bios.a67</file>
         <name>utl_doab.o67</name>
      </input_file>
      <input_file id="fl-97">
         <path>C:\ti\bios_5_42_01_09\packages\ti\bios\lib\</path>
         <kind>archive</kind>
         <file>bios.a67</file>
         <name>utl_doer.o67</name>
      </input_file>
      <input_file id="fl-98">
         <path>C:\ti\bios_5_42_01_09\packages\ti\bios\lib\</path>
         <kind>archive</kind>
         <file>bios.a67</file>
         <name>utl_putc.o67</name>
      </input_file>
      <input_file id="fl-99">
         <path>C:\ti\bios_5_42_01_09\packages\ti\bios\lib\</path>
         <kind>archive</kind>
         <file>bios.a67</file>
         <name>utl_halt.o67</name>
      </input_file>
      <input_file id="fl-9a">
         <path>C:\ti\bios_5_42_01_09\packages\ti\bios\lib\</path>
         <kind>archive</kind>
         <file>biosC6000.a67</file>
         <name>clk.o67</name>
      </input_file>
      <input_file id="fl-9b">
         <path>C:\ti\bios_5_42_01_09\packages\ti\bios\lib\</path>
         <kind>archive</kind>
         <file>bios.a67</file>
         <name>fxn.o67</name>
      </input_file>
      <input_file id="fl-9c">
         <path>C:\ti\bios_5_42_01_09\packages\ti\bios\lib\</path>
         <kind>archive</kind>
         <file>bios.a67</file>
         <name>boot.o67</name>
      </input_file>
      <input_file id="fl-9d">
         <path>C:\ti\bios_5_42_01_09\packages\ti\bios\lib\</path>
         <kind>archive</kind>
         <file>bios.a67</file>
         <name>trc.o67</name>
      </input_file>
      <input_file id="fl-9e">
         <path>C:\ti\bios_5_42_01_09\packages\ti\bios\lib\</path>
         <kind>archive</kind>
         <file>bios.a67</file>
         <name>hwi.o67</name>
      </input_file>
      <input_file id="fl-9f">
         <path>C:\ti\bios_5_42_01_09\packages\ti\bios\lib\</path>
         <kind>archive</kind>
         <file>bios.a67</file>
         <name>idl_busy.o67</name>
      </input_file>
      <input_file id="fl-a0">
         <path>C:\ti\bios_5_42_01_09\packages\ti\bios\lib\</path>
         <kind>archive</kind>
         <file>biosC6000.a67</file>
         <name>idl_cal.o67</name>
      </input_file>
      <input_file id="fl-a1">
         <path>C:\ti\bios_5_42_01_09\packages\ti\bios\lib\</path>
         <kind>archive</kind>
         <file>bios.a67</file>
         <name>idl.o67</name>
      </input_file>
      <input_file id="fl-a2">
         <path>C:\ti\bios_5_42_01_09\packages\ti\bios\lib\</path>
         <kind>archive</kind>
         <file>bios.a67</file>
         <name>knl_swit.o67</name>
      </input_file>
      <input_file id="fl-a3">
         <path>C:\ti\bios_5_42_01_09\packages\ti\bios\lib\</path>
         <kind>archive</kind>
         <file>bios.a67</file>
         <name>log.o67</name>
      </input_file>
      <input_file id="fl-a4">
         <path>C:\ti\bios_5_42_01_09\packages\ti\bios\lib\</path>
         <kind>archive</kind>
         <file>bios.a67</file>
         <name>pip.o67</name>
      </input_file>
      <input_file id="fl-a5">
         <path>C:\ti\bios_5_42_01_09\packages\ti\bios\lib\</path>
         <kind>archive</kind>
         <file>bios.a67</file>
         <name>prd.o67</name>
      </input_file>
      <input_file id="fl-a6">
         <path>C:\ti\bios_5_42_01_09\packages\ti\bios\lib\</path>
         <kind>archive</kind>
         <file>bios.a67</file>
         <name>rta.o67</name>
      </input_file>
      <input_file id="fl-a7">
         <path>C:\ti\bios_5_42_01_09\packages\ti\bios\lib\</path>
         <kind>archive</kind>
         <file>bios.a67</file>
         <name>rta_andn.o67</name>
      </input_file>
      <input_file id="fl-a8">
         <path>C:\ti\bios_5_42_01_09\packages\ti\bios\lib\</path>
         <kind>archive</kind>
         <file>bios.a67</file>
         <name>sts.o67</name>
      </input_file>
      <input_file id="fl-a9">
         <path>C:\ti\bios_5_42_01_09\packages\ti\bios\lib\</path>
         <kind>archive</kind>
         <file>bios.a67</file>
         <name>clk_data.o67</name>
      </input_file>
      <input_file id="fl-aa">
         <path>C:\ti\bios_5_42_01_09\packages\ti\bios\lib\</path>
         <kind>archive</kind>
         <file>bios.a67</file>
         <name>clk_data2.o67</name>
      </input_file>
      <input_file id="fl-ab">
         <path>C:\ti\bios_5_42_01_09\packages\ti\bios\lib\</path>
         <kind>archive</kind>
         <file>biosC6000.a67</file>
         <name>clk_meas.o67</name>
      </input_file>
      <input_file id="fl-ac">
         <path>C:\ti\bios_5_42_01_09\packages\ti\bios\lib\</path>
         <kind>archive</kind>
         <file>biosC6000.a67</file>
         <name>clk_start.o67</name>
      </input_file>
      <input_file id="fl-ad">
         <path>C:\ti\bios_5_42_01_09\packages\ti\bios\lib\</path>
         <kind>archive</kind>
         <file>biosC6000.a67</file>
         <name>clk_stop.o67</name>
      </input_file>
      <input_file id="fl-ae">
         <path>C:\ti\C6xCSL\lib_3x\</path>
         <kind>archive</kind>
         <file>csl6713.lib</file>
         <name>csl.obj</name>
      </input_file>
      <input_file id="fl-af">
         <path>C:\ti\DSK6713\c6000\dsk6713\lib\</path>
         <kind>archive</kind>
         <file>dsk6713bsl.lib</file>
         <name>dsk6713_led.obj</name>
      </input_file>
      <input_file id="fl-b0">
         <path>C:\ti\DSK6713\c6000\dsk6713\lib\</path>
         <kind>archive</kind>
         <file>dsk6713bsl.lib</file>
         <name>dsk6713.obj</name>
      </input_file>
      <input_file id="fl-b1">
         <path>C:\ti\C6xCSL\lib_3x\</path>
         <kind>archive</kind>
         <file>csl6713.lib</file>
         <name>csl_edma.obj</name>
      </input_file>
      <input_file id="fl-b2">
         <path>C:\ti\bios_5_42_01_09\packages\ti\bios\lib\</path>
         <kind>archive</kind>
         <file>bios.a67</file>
         <name>gbl_cslcacheinit.o67</name>
      </input_file>
      <input_file id="fl-b3">
         <path>C:\ti\bios_5_42_01_09\packages\ti\bios\lib\</path>
         <kind>archive</kind>
         <file>bios.a67</file>
         <name>gbl_vers.o67</name>
      </input_file>
      <input_file id="fl-b4">
         <path>C:\ti\bios_5_42_01_09\packages\ti\bios\lib\</path>
         <kind>archive</kind>
         <file>bios.a67</file>
         <name>hwi_c.o67</name>
      </input_file>
      <input_file id="fl-b5">
         <path>C:\ti\C6xCSL\lib_3x\</path>
         <kind>archive</kind>
         <file>csl6713.lib</file>
         <name>csl_irq.obj</name>
      </input_file>
      <input_file id="fl-b6">
         <path>C:\ti\bios_5_42_01_09\packages\ti\bios\lib\</path>
         <kind>archive</kind>
         <file>bios.a67</file>
         <name>knl.o67</name>
      </input_file>
      <input_file id="fl-b7">
         <path>C:\ti\bios_5_42_01_09\packages\ti\bios\lib\</path>
         <kind>archive</kind>
         <file>bios.a67</file>
         <name>knl_exit.o67</name>
      </input_file>
      <input_file id="fl-b8">
         <path>C:\ti\bios_5_42_01_09\packages\ti\bios\lib\</path>
         <kind>archive</kind>
         <file>bios.a67</file>
         <name>knl_chec.o67</name>
      </input_file>
      <input_file id="fl-b9">
         <path>C:\ti\bios_5_42_01_09\packages\ti\bios\lib\</path>
         <kind>archive</kind>
         <file>bios.a67</file>
         <name>knl_post.o67</name>
      </input_file>
      <input_file id="fl-ba">
         <path>C:\ti\bios_5_42_01_09\packages\ti\bios\lib\</path>
         <kind>archive</kind>
         <file>bios.a67</file>
         <name>knl_ipos.o67</name>
      </input_file>
      <input_file id="fl-bb">
         <path>C:\ti\bios_5_42_01_09\packages\ti\bios\lib\</path>
         <kind>archive</kind>
         <file>bios.a67</file>
         <name>knl_run.o67</name>
      </input_file>
      <input_file id="fl-bc">
         <path>C:\ti\C6xCSL\lib_3x\</path>
         <kind>archive</kind>
         <file>csl6713.lib</file>
         <name>csl_mcbsp.obj</name>
      </input_file>
      <input_file id="fl-bd">
         <path>C:\ti\bios_5_42_01_09\packages\ti\bios\lib\</path>
         <kind>archive</kind>
         <file>bios.a67</file>
         <name>mem_asm.o67</name>
      </input_file>
      <input_file id="fl-be">
         <path>C:\ti\bios_5_42_01_09\packages\ti\bios\lib\</path>
         <kind>archive</kind>
         <file>bios.a67</file>
         <name>mem_init.o67</name>
      </input_file>
      <input_file id="fl-bf">
         <path>C:\ti\bios_5_42_01_09\packages\ti\bios\lib\</path>
         <kind>archive</kind>
         <file>bios.a67</file>
         <name>obj_init.o67</name>
      </input_file>
      <input_file id="fl-c0">
         <path>C:\ti\bios_5_42_01_09\packages\ti\rtdx\lib\c6000\</path>
         <kind>archive</kind>
         <file>rtdx.lib</file>
         <name>buffer2.o62</name>
      </input_file>
      <input_file id="fl-c1">
         <path>C:\ti\bios_5_42_01_09\packages\ti\rtdx\lib\c6000\</path>
         <kind>archive</kind>
         <file>rtdx.lib</file>
         <name>buffer1.o62</name>
      </input_file>
      <input_file id="fl-c2">
         <path>C:\ti\bios_5_42_01_09\packages\ti\rtdx\lib\c6000\</path>
         <kind>archive</kind>
         <file>rtdx.lib</file>
         <name>intr_tgt.o62</name>
      </input_file>
      <input_file id="fl-c3">
         <path>C:\ti\bios_5_42_01_09\packages\ti\rtdx\lib\c6000\</path>
         <kind>archive</kind>
         <file>rtdx.lib</file>
         <name>rtdx_mon.o62</name>
      </input_file>
      <input_file id="fl-c4">
         <path>C:\ti\bios_5_42_01_09\packages\ti\bios\lib\</path>
         <kind>archive</kind>
         <file>bios.a67</file>
         <name>sem_pend_binary.o67</name>
      </input_file>
      <input_file id="fl-c5">
         <path>C:\ti\bios_5_42_01_09\packages\ti\bios\lib\</path>
         <kind>archive</kind>
         <file>bios.a67</file>
         <name>sem_pend.o67</name>
      </input_file>
      <input_file id="fl-c6">
         <path>C:\ti\bios_5_42_01_09\packages\ti\bios\lib\</path>
         <kind>archive</kind>
         <file>bios.a67</file>
         <name>sem_post_asm.o67</name>
      </input_file>
      <input_file id="fl-c7">
         <path>C:\ti\bios_5_42_01_09\packages\ti\bios\lib\</path>
         <kind>archive</kind>
         <file>bios.a67</file>
         <name>sem_post.o67</name>
      </input_file>
      <input_file id="fl-c8">
         <path>C:\ti\bios_5_42_01_09\packages\ti\bios\lib\</path>
         <kind>archive</kind>
         <file>bios.a67</file>
         <name>sts_set.o67</name>
      </input_file>
      <input_file id="fl-c9">
         <path>C:\ti\C6xCSL\lib_3x\</path>
         <kind>archive</kind>
         <file>csl6713.lib</file>
         <name>csl_timer.obj</name>
      </input_file>
      <input_file id="fl-ca">
         <path>C:\ti\bios_5_42_01_09\packages\ti\bios\lib\</path>
         <kind>archive</kind>
         <file>bios.a67</file>
         <name>tsk.o67</name>
      </input_file>
      <input_file id="fl-cb">
         <path>C:\ti\bios_5_42_01_09\packages\ti\bios\lib\</path>
         <kind>archive</kind>
         <file>bios.a67</file>
         <name>tsk_exit.o67</name>
      </input_file>
      <input_file id="fl-cc">
         <path>C:\ti\bios_5_42_01_09\packages\ti\bios\lib\</path>
         <kind>archive</kind>
         <file>bios.a67</file>
         <name>sys_exit.o67</name>
      </input_file>
      <input_file id="fl-cd">
         <path>C:\ti\bios_5_42_01_09\packages\ti\bios\lib\</path>
         <kind>archive</kind>
         <file>bios.a67</file>
         <name>sys.o67</name>
      </input_file>
      <input_file id="fl-ce">
         <path>C:\ti\bios_5_42_01_09\packages\ti\bios\lib\</path>
         <kind>archive</kind>
         <file>bios.a67</file>
         <name>tsk_init.o67</name>
      </input_file>
      <input_file id="fl-cf">
         <path>C:\ti\bios_5_42_01_09\packages\ti\bios\lib\</path>
         <kind>archive</kind>
         <file>bios.a67</file>
         <name>tsk_setu.o67</name>
      </input_file>
      <input_file id="fl-d0">
         <path>C:\ti\bios_5_42_01_09\packages\ti\bios\lib\</path>
         <kind>archive</kind>
         <file>bios.a67</file>
         <name>tsk_stup.o67</name>
      </input_file>
      <input_file id="fl-d1">
         <path>C:\ti\bios_5_42_01_09\packages\ti\bios\lib\</path>
         <kind>archive</kind>
         <file>bios.a67</file>
         <name>lck.o67</name>
      </input_file>
      <input_file id="fl-d2">
         <path>C:\ti\bios_5_42_01_09\packages\ti\bios\lib\</path>
         <kind>archive</kind>
         <file>bios.a67</file>
         <name>sem_pend_counting.o67</name>
      </input_file>
      <input_file id="fl-d3">
         <path>C:\ti\bios_5_42_01_09\packages\ti\bios\lib\</path>
         <kind>archive</kind>
         <file>bios.a67</file>
         <name>sys_abor.o67</name>
      </input_file>
      <input_file id="fl-d4">
         <path>C:\ti\bios_5_42_01_09\packages\ti\bios\lib\</path>
         <kind>archive</kind>
         <file>bios.a67</file>
         <name>gbl_setL2CacheMode.o67</name>
      </input_file>
      <input_file id="fl-d5">
         <path>C:\ti\bios_5_42_01_09\packages\ti\bios\lib\</path>
         <kind>archive</kind>
         <file>bios.a67</file>
         <name>sem_dopo.o67</name>
      </input_file>
      <input_file id="fl-d6">
         <path>C:\ti\bios_5_42_01_09\packages\ti\bios\lib\</path>
         <kind>archive</kind>
         <file>bios.a67</file>
         <name>autoinit.o67</name>
      </input_file>
      <input_file id="fl-d7">
         <path>C:\ti\ccsv6\tools\compiler\c6000_7.4.20\lib\</path>
         <kind>archive</kind>
         <file>rts6700.lib</file>
         <name>_lock.obj</name>
      </input_file>
      <input_file id="fl-d8">
         <path>C:\ti\ccsv6\tools\compiler\c6000_7.4.20\lib\</path>
         <kind>archive</kind>
         <file>rts6700.lib</file>
         <name>strasg.obj</name>
      </input_file>
      <input_file id="fl-d9">
         <path>C:\ti\ccsv6\tools\compiler\c6000_7.4.20\lib\</path>
         <kind>archive</kind>
         <file>rts6700.lib</file>
         <name>atexit.obj</name>
      </input_file>
      <input_file id="fl-da">
         <path>C:\ti\ccsv6\tools\compiler\c6000_7.4.20\lib\</path>
         <kind>archive</kind>
         <file>rts6700.lib</file>
         <name>sinit.obj</name>
      </input_file>
      <input_file id="fl-db">
         <path>C:\ti\ccsv6\tools\compiler\c6000_7.4.20\lib\</path>
         <kind>archive</kind>
         <file>rts6700.lib</file>
         <name>exit.obj</name>
      </input_file>
      <input_file id="fl-dc">
         <path>C:\ti\ccsv6\tools\compiler\c6000_7.4.20\lib\</path>
         <kind>archive</kind>
         <file>rts6700.lib</file>
         <name>memcpy62.obj</name>
      </input_file>
   </input_file_list>
   <object_component_list>
      <object_component id="oc-76">
         <name>.datenpuffer</name>
         <uninitialized>true</uninitialized>
         <run_address>0x3f000</run_address>
         <size>0xfa0</size>
         <input_file_ref idref="fl-6"/>
      </object_component>
      <object_component id="oc-66">
         <name>.vers</name>
         <load_address>0x0</load_address>
         <run_address>0x0</run_address>
         <size>0x4c</size>
         <input_file_ref idref="fl-2"/>
      </object_component>
      <object_component id="oc-54">
         <name>.clk</name>
         <uninitialized>true</uninitialized>
         <run_address>0xfd9c</run_address>
         <size>0x8</size>
         <input_file_ref idref="fl-2"/>
      </object_component>
      <object_component id="oc-8">
         <name>HWI_A_VECS</name>
         <load_address>0x0</load_address>
         <run_address>0x0</run_address>
         <size>0x0</size>
      </object_component>
      <object_component id="oc-59">
         <name>.hwi_vec</name>
         <load_address>0x0</load_address>
         <run_address>0x0</run_address>
         <size>0x200</size>
         <input_file_ref idref="fl-2"/>
      </object_component>
      <object_component id="oc-5a">
         <name>.swi</name>
         <uninitialized>true</uninitialized>
         <run_address>0xfb78</run_address>
         <size>0xb0</size>
         <input_file_ref idref="fl-2"/>
      </object_component>
      <object_component id="oc-5d">
         <name>.tsk</name>
         <uninitialized>true</uninitialized>
         <run_address>0xfa00</run_address>
         <size>0xc0</size>
         <input_file_ref idref="fl-2"/>
      </object_component>
      <object_component id="oc-61">
         <name>.idl</name>
         <uninitialized>true</uninitialized>
         <run_address>0xf7dc</run_address>
         <size>0x10</size>
         <input_file_ref idref="fl-2"/>
      </object_component>
      <object_component id="oc-60">
         <name>.idlcal</name>
         <uninitialized>true</uninitialized>
         <run_address>0xf7ec</run_address>
         <size>0x10</size>
         <input_file_ref idref="fl-2"/>
      </object_component>
      <object_component id="oc-49">
         <name>.bss</name>
         <uninitialized>true</uninitialized>
         <run_address>0xf480</run_address>
         <size>0x28</size>
         <input_file_ref idref="fl-2"/>
      </object_component>
      <object_component id="oc-73">
         <name>.bss</name>
         <uninitialized>true</uninitialized>
         <run_address>0xf440</run_address>
         <size>0x40</size>
         <input_file_ref idref="fl-6"/>
      </object_component>
      <object_component id="oc-80">
         <name>.bss</name>
         <uninitialized>true</uninitialized>
         <run_address>0xf290</run_address>
         <size>0xcc</size>
         <input_file_ref idref="fl-8e"/>
      </object_component>
      <object_component id="oc-82">
         <name>.bss</name>
         <uninitialized>true</uninitialized>
         <run_address>0xf190</run_address>
         <size>0x100</size>
         <input_file_ref idref="fl-8f"/>
      </object_component>
      <object_component id="oc-89">
         <name>.bss</name>
         <uninitialized>true</uninitialized>
         <run_address>0xf4c0</run_address>
         <size>0x18</size>
         <input_file_ref idref="fl-91"/>
      </object_component>
      <object_component id="oc-8f">
         <name>.bss</name>
         <uninitialized>true</uninitialized>
         <run_address>0xf35c</run_address>
         <size>0x9c</size>
         <input_file_ref idref="fl-92"/>
      </object_component>
      <object_component id="oc-bd">
         <name>.bss</name>
         <uninitialized>true</uninitialized>
         <run_address>0xf4a8</run_address>
         <size>0x18</size>
         <input_file_ref idref="fl-9e"/>
      </object_component>
      <object_component id="oc-bf">
         <name>.bss</name>
         <uninitialized>true</uninitialized>
         <run_address>0xf50c</run_address>
         <size>0x4</size>
         <input_file_ref idref="fl-9f"/>
      </object_component>
      <object_component id="oc-eb">
         <name>.bss</name>
         <uninitialized>true</uninitialized>
         <run_address>0xf4f4</run_address>
         <size>0x8</size>
         <input_file_ref idref="fl-a9"/>
      </object_component>
      <object_component id="oc-ee">
         <name>.bss</name>
         <uninitialized>true</uninitialized>
         <run_address>0xf504</run_address>
         <size>0x4</size>
         <input_file_ref idref="fl-aa"/>
      </object_component>
      <object_component id="oc-124">
         <name>.bss</name>
         <uninitialized>true</uninitialized>
         <run_address>0xf3f8</run_address>
         <size>0x48</size>
         <input_file_ref idref="fl-b6"/>
      </object_component>
      <object_component id="oc-142">
         <name>.bss</name>
         <uninitialized>true</uninitialized>
         <run_address>0xf510</run_address>
         <size>0x4</size>
         <input_file_ref idref="fl-bd"/>
      </object_component>
      <object_component id="oc-150">
         <name>.bss</name>
         <uninitialized>true</uninitialized>
         <run_address>0xf4d8</run_address>
         <size>0x10</size>
         <input_file_ref idref="fl-c1"/>
      </object_component>
      <object_component id="oc-179">
         <name>.bss</name>
         <uninitialized>true</uninitialized>
         <run_address>0xf4e8</run_address>
         <size>0xc</size>
         <input_file_ref idref="fl-ca"/>
      </object_component>
      <object_component id="oc-187">
         <name>.bss</name>
         <uninitialized>true</uninitialized>
         <run_address>0xf4fc</run_address>
         <size>0x8</size>
         <input_file_ref idref="fl-cd"/>
      </object_component>
      <object_component id="oc-1a8">
         <name>.bss</name>
         <uninitialized>true</uninitialized>
         <run_address>0xf508</run_address>
         <size>0x4</size>
         <input_file_ref idref="fl-d4"/>
      </object_component>
      <object_component id="oc-6e">
         <name>.far</name>
         <uninitialized>true</uninitialized>
         <run_address>0xdf30</run_address>
         <size>0x34</size>
         <input_file_ref idref="fl-4"/>
      </object_component>
      <object_component id="oc-77">
         <name>.far</name>
         <uninitialized>true</uninitialized>
         <run_address>0xdea8</run_address>
         <size>0x50</size>
         <input_file_ref idref="fl-6"/>
      </object_component>
      <object_component id="oc-9c">
         <name>.far</name>
         <uninitialized>true</uninitialized>
         <run_address>0xdfd0</run_address>
         <size>0x10</size>
         <input_file_ref idref="fl-95"/>
      </object_component>
      <object_component id="oc-a9">
         <name>.far</name>
         <uninitialized>true</uninitialized>
         <run_address>0xdfe0</run_address>
         <size>0xc</size>
         <input_file_ref idref="fl-98"/>
      </object_component>
      <object_component id="oc-fe">
         <name>.far</name>
         <uninitialized>true</uninitialized>
         <run_address>0xdf64</run_address>
         <size>0x28</size>
         <input_file_ref idref="fl-ae"/>
      </object_component>
      <object_component id="oc-103">
         <name>.far</name>
         <uninitialized>true</uninitialized>
         <run_address>0xe006</run_address>
         <size>0x2</size>
         <input_file_ref idref="fl-af"/>
      </object_component>
      <object_component id="oc-108">
         <name>.far</name>
         <uninitialized>true</uninitialized>
         <run_address>0xe004</run_address>
         <size>0x2</size>
         <input_file_ref idref="fl-b0"/>
      </object_component>
      <object_component id="oc-10e">
         <name>.far</name>
         <uninitialized>true</uninitialized>
         <run_address>0xde04</run_address>
         <size>0x54</size>
         <input_file_ref idref="fl-b1"/>
      </object_component>
      <object_component id="oc-120">
         <name>.far</name>
         <uninitialized>true</uninitialized>
         <run_address>0xdb88</run_address>
         <size>0xf4</size>
         <input_file_ref idref="fl-b5"/>
      </object_component>
      <object_component id="oc-127">
         <name>.far</name>
         <uninitialized>true</uninitialized>
         <run_address>0xdc7c</run_address>
         <size>0xd8</size>
         <input_file_ref idref="fl-b6"/>
      </object_component>
      <object_component id="oc-13e">
         <name>.far</name>
         <uninitialized>true</uninitialized>
         <run_address>0xdef8</run_address>
         <size>0x38</size>
         <input_file_ref idref="fl-bc"/>
      </object_component>
      <object_component id="oc-149">
         <name>.far</name>
         <uninitialized>true</uninitialized>
         <run_address>0xddb0</run_address>
         <size>0x54</size>
         <input_file_ref idref="fl-bf"/>
      </object_component>
      <object_component id="oc-175">
         <name>.far</name>
         <uninitialized>true</uninitialized>
         <run_address>0xdf8c</run_address>
         <size>0x24</size>
         <input_file_ref idref="fl-c9"/>
      </object_component>
      <object_component id="oc-17c">
         <name>.far</name>
         <uninitialized>true</uninitialized>
         <run_address>0xdd54</run_address>
         <size>0x5c</size>
         <input_file_ref idref="fl-ca"/>
      </object_component>
      <object_component id="oc-18a">
         <name>.far</name>
         <uninitialized>true</uninitialized>
         <run_address>0xdfb0</run_address>
         <size>0x20</size>
         <input_file_ref idref="fl-cd"/>
      </object_component>
      <object_component id="oc-197">
         <name>.far</name>
         <uninitialized>true</uninitialized>
         <run_address>0xde58</run_address>
         <size>0x50</size>
         <input_file_ref idref="fl-d0"/>
      </object_component>
      <object_component id="oc-1b8">
         <name>.far</name>
         <uninitialized>true</uninitialized>
         <run_address>0xdff8</run_address>
         <size>0x8</size>
         <input_file_ref idref="fl-d7"/>
      </object_component>
      <object_component id="oc-1c0">
         <name>.far</name>
         <uninitialized>true</uninitialized>
         <run_address>0xda00</run_address>
         <size>0x188</size>
         <input_file_ref idref="fl-d9"/>
      </object_component>
      <object_component id="oc-1c5">
         <name>.far</name>
         <uninitialized>true</uninitialized>
         <run_address>0xe000</run_address>
         <size>0x4</size>
         <input_file_ref idref="fl-da"/>
      </object_component>
      <object_component id="oc-1ca">
         <name>.far</name>
         <uninitialized>true</uninitialized>
         <run_address>0xdfec</run_address>
         <size>0xc</size>
         <input_file_ref idref="fl-db"/>
      </object_component>
      <object_component id="oc-64">
         <name>.sem</name>
         <uninitialized>true</uninitialized>
         <run_address>0xfd20</run_address>
         <size>0x2c</size>
         <input_file_ref idref="fl-2"/>
      </object_component>
      <object_component id="oc-50">
         <name>.mem</name>
         <uninitialized>true</uninitialized>
         <run_address>0xe98c</run_address>
         <size>0x4</size>
         <input_file_ref idref="fl-2"/>
      </object_component>
      <object_component id="oc-8b">
         <name>.bios</name>
         <load_address>0x200</load_address>
         <run_address>0x200</run_address>
         <size>0x600</size>
         <input_file_ref idref="fl-91"/>
      </object_component>
      <object_component id="oc-1ab">
         <name>.bios</name>
         <load_address>0x800</load_address>
         <run_address>0x800</run_address>
         <size>0x5e0</size>
         <input_file_ref idref="fl-d4"/>
      </object_component>
      <object_component id="oc-46">
         <name>.bios</name>
         <load_address>0xde0</load_address>
         <run_address>0xde0</run_address>
         <size>0x540</size>
         <input_file_ref idref="fl-92"/>
      </object_component>
      <object_component id="oc-47">
         <name>.bios</name>
         <load_address>0x1320</load_address>
         <run_address>0x1320</run_address>
         <size>0x460</size>
         <input_file_ref idref="fl-8f"/>
      </object_component>
      <object_component id="oc-da">
         <name>.bios</name>
         <load_address>0x1780</load_address>
         <run_address>0x1780</run_address>
         <size>0x3a0</size>
         <input_file_ref idref="fl-a5"/>
      </object_component>
      <object_component id="oc-13a">
         <name>.bios</name>
         <load_address>0x1b20</load_address>
         <run_address>0x1b20</run_address>
         <size>0x2c0</size>
         <input_file_ref idref="fl-bb"/>
      </object_component>
      <object_component id="oc-df">
         <name>.bios</name>
         <load_address>0x1de0</load_address>
         <run_address>0x1de0</run_address>
         <size>0x2c0</size>
         <input_file_ref idref="fl-a6"/>
      </object_component>
      <object_component id="oc-165">
         <name>.bios</name>
         <load_address>0x20a0</load_address>
         <run_address>0x20a0</run_address>
         <size>0x2c0</size>
         <input_file_ref idref="fl-c5"/>
      </object_component>
      <object_component id="oc-4b">
         <name>.bios</name>
         <load_address>0x2360</load_address>
         <run_address>0x2360</run_address>
         <size>0x260</size>
         <input_file_ref idref="fl-95"/>
      </object_component>
      <object_component id="oc-d6">
         <name>.bios</name>
         <load_address>0x25c0</load_address>
         <run_address>0x25c0</run_address>
         <size>0x240</size>
         <input_file_ref idref="fl-a4"/>
      </object_component>
      <object_component id="oc-1af">
         <name>.bios</name>
         <load_address>0x2800</load_address>
         <run_address>0x2800</run_address>
         <size>0x220</size>
         <input_file_ref idref="fl-d5"/>
      </object_component>
      <object_component id="oc-191">
         <name>.bios</name>
         <load_address>0x2a20</load_address>
         <run_address>0x2a20</run_address>
         <size>0x200</size>
         <input_file_ref idref="fl-cf"/>
      </object_component>
      <object_component id="oc-ce">
         <name>.bios</name>
         <load_address>0x2c20</load_address>
         <run_address>0x2c20</run_address>
         <size>0x1c0</size>
         <input_file_ref idref="fl-a2"/>
      </object_component>
      <object_component id="oc-af">
         <name>.bios</name>
         <load_address>0x2de0</load_address>
         <run_address>0x2de0</run_address>
         <size>0x1c0</size>
         <input_file_ref idref="fl-9a"/>
      </object_component>
      <object_component id="oc-180">
         <name>.bios</name>
         <load_address>0x2fa0</load_address>
         <run_address>0x2fa0</run_address>
         <size>0x1a0</size>
         <input_file_ref idref="fl-cb"/>
      </object_component>
      <object_component id="oc-1b3">
         <name>.bios</name>
         <load_address>0x3140</load_address>
         <run_address>0x3140</run_address>
         <size>0x180</size>
         <input_file_ref idref="fl-d6"/>
      </object_component>
      <object_component id="oc-198">
         <name>.bios</name>
         <load_address>0x32c0</load_address>
         <run_address>0x32c0</run_address>
         <size>0x180</size>
         <input_file_ref idref="fl-d0"/>
      </object_component>
      <object_component id="oc-12d">
         <name>.bios</name>
         <load_address>0x3440</load_address>
         <run_address>0x3440</run_address>
         <size>0x140</size>
         <input_file_ref idref="fl-b8"/>
      </object_component>
      <object_component id="oc-113">
         <name>.bios</name>
         <load_address>0x3580</load_address>
         <run_address>0x3580</run_address>
         <size>0xe0</size>
         <input_file_ref idref="fl-b2"/>
      </object_component>
      <object_component id="oc-12a">
         <name>.bios</name>
         <load_address>0x3660</load_address>
         <run_address>0x3660</run_address>
         <size>0xe0</size>
         <input_file_ref idref="fl-b7"/>
      </object_component>
      <object_component id="oc-16d">
         <name>.bios</name>
         <load_address>0x3740</load_address>
         <run_address>0x3740</run_address>
         <size>0xe0</size>
         <input_file_ref idref="fl-c7"/>
      </object_component>
      <object_component id="oc-168">
         <name>.bios</name>
         <load_address>0x3820</load_address>
         <run_address>0x3820</run_address>
         <size>0xe0</size>
         <input_file_ref idref="fl-c6"/>
      </object_component>
      <object_component id="oc-f1">
         <name>.bios</name>
         <load_address>0x3900</load_address>
         <run_address>0x3900</run_address>
         <size>0xe0</size>
         <input_file_ref idref="fl-ab"/>
      </object_component>
      <object_component id="oc-136">
         <name>.bios</name>
         <load_address>0x39e0</load_address>
         <run_address>0x39e0</run_address>
         <size>0xc0</size>
         <input_file_ref idref="fl-ba"/>
      </object_component>
      <object_component id="oc-132">
         <name>.bios</name>
         <load_address>0x3aa0</load_address>
         <run_address>0x3aa0</run_address>
         <size>0xc0</size>
         <input_file_ref idref="fl-b9"/>
      </object_component>
      <object_component id="oc-19d">
         <name>.bios</name>
         <load_address>0x3b60</load_address>
         <run_address>0x3b60</run_address>
         <size>0xc0</size>
         <input_file_ref idref="fl-d1"/>
      </object_component>
      <object_component id="oc-184">
         <name>.bios</name>
         <load_address>0x3c20</load_address>
         <run_address>0x3c20</run_address>
         <size>0xc0</size>
         <input_file_ref idref="fl-cc"/>
      </object_component>
      <object_component id="oc-48">
         <name>.bios</name>
         <load_address>0x3ce0</load_address>
         <run_address>0x3ce0</run_address>
         <size>0xc0</size>
         <input_file_ref idref="fl-8d"/>
      </object_component>
      <object_component id="oc-b3">
         <name>.bios</name>
         <load_address>0x3da0</load_address>
         <run_address>0x3da0</run_address>
         <size>0x80</size>
         <input_file_ref idref="fl-9b"/>
      </object_component>
      <object_component id="oc-c1">
         <name>.bios</name>
         <load_address>0x3e20</load_address>
         <run_address>0x3e20</run_address>
         <size>0x80</size>
         <input_file_ref idref="fl-9f"/>
      </object_component>
      <object_component id="oc-d2">
         <name>.bios</name>
         <load_address>0x3ea0</load_address>
         <run_address>0x3ea0</run_address>
         <size>0x80</size>
         <input_file_ref idref="fl-a3"/>
      </object_component>
      <object_component id="oc-e7">
         <name>.bios</name>
         <load_address>0x3f20</load_address>
         <run_address>0x3f20</run_address>
         <size>0x80</size>
         <input_file_ref idref="fl-a8"/>
      </object_component>
      <object_component id="oc-c5">
         <name>.bios</name>
         <load_address>0x3fa0</load_address>
         <run_address>0x3fa0</run_address>
         <size>0x80</size>
         <input_file_ref idref="fl-a0"/>
      </object_component>
      <object_component id="oc-11a">
         <name>.bios</name>
         <load_address>0x4020</load_address>
         <run_address>0x4020</run_address>
         <size>0x60</size>
         <input_file_ref idref="fl-b4"/>
      </object_component>
      <object_component id="oc-160">
         <name>.bios</name>
         <load_address>0x4080</load_address>
         <run_address>0x4080</run_address>
         <size>0x60</size>
         <input_file_ref idref="fl-c4"/>
      </object_component>
      <object_component id="oc-1a0">
         <name>.bios</name>
         <load_address>0x40e0</load_address>
         <run_address>0x40e0</run_address>
         <size>0x60</size>
         <input_file_ref idref="fl-d2"/>
      </object_component>
      <object_component id="oc-1a5">
         <name>.bios</name>
         <load_address>0x4140</load_address>
         <run_address>0x4140</run_address>
         <size>0x60</size>
         <input_file_ref idref="fl-d3"/>
      </object_component>
      <object_component id="oc-4a">
         <name>.bios</name>
         <load_address>0x41a0</load_address>
         <run_address>0x41a0</run_address>
         <size>0x60</size>
         <input_file_ref idref="fl-98"/>
      </object_component>
      <object_component id="oc-f5">
         <name>.bios</name>
         <load_address>0x4200</load_address>
         <run_address>0x4200</run_address>
         <size>0x60</size>
         <input_file_ref idref="fl-ac"/>
      </object_component>
      <object_component id="oc-43">
         <name>.bios</name>
         <load_address>0x4260</load_address>
         <run_address>0x4260</run_address>
         <size>0x40</size>
         <input_file_ref idref="fl-90"/>
      </object_component>
      <object_component id="oc-e3">
         <name>.bios</name>
         <load_address>0x42a0</load_address>
         <run_address>0x42a0</run_address>
         <size>0x40</size>
         <input_file_ref idref="fl-a7"/>
      </object_component>
      <object_component id="oc-42">
         <name>.bios</name>
         <load_address>0x42e0</load_address>
         <run_address>0x42e0</run_address>
         <size>0x40</size>
         <input_file_ref idref="fl-96"/>
      </object_component>
      <object_component id="oc-f9">
         <name>.bios</name>
         <load_address>0x4320</load_address>
         <run_address>0x4320</run_address>
         <size>0x40</size>
         <input_file_ref idref="fl-ad"/>
      </object_component>
      <object_component id="oc-4e">
         <name>.bios</name>
         <load_address>0x4360</load_address>
         <run_address>0x4360</run_address>
         <size>0x20</size>
         <input_file_ref idref="fl-93"/>
      </object_component>
      <object_component id="oc-116">
         <name>.bios</name>
         <load_address>0x4380</load_address>
         <run_address>0x4380</run_address>
         <size>0x20</size>
         <input_file_ref idref="fl-b3"/>
      </object_component>
      <object_component id="oc-c9">
         <name>.bios</name>
         <load_address>0x43a0</load_address>
         <run_address>0x43a0</run_address>
         <size>0x20</size>
         <input_file_ref idref="fl-a1"/>
      </object_component>
      <object_component id="oc-170">
         <name>.bios</name>
         <load_address>0x43c0</load_address>
         <run_address>0x43c0</run_address>
         <size>0x20</size>
         <input_file_ref idref="fl-c8"/>
      </object_component>
      <object_component id="oc-4d">
         <name>.bios</name>
         <load_address>0x43e0</load_address>
         <run_address>0x43e0</run_address>
         <size>0x20</size>
         <input_file_ref idref="fl-97"/>
      </object_component>
      <object_component id="oc-4c">
         <name>.bios</name>
         <load_address>0x4400</load_address>
         <run_address>0x4400</run_address>
         <size>0x20</size>
         <input_file_ref idref="fl-99"/>
      </object_component>
      <object_component id="oc-154">
         <name>.pinit</name>
         <load_address>0xfd84</load_address>
         <run_address>0xfd84</run_address>
         <size>0x4</size>
         <input_file_ref idref="fl-c1"/>
      </object_component>
      <object_component id="oc-15d">
         <name>.pinit</name>
         <load_address>0xfd88</load_address>
         <run_address>0xfd88</run_address>
         <size>0x4</size>
         <input_file_ref idref="fl-c3"/>
      </object_component>
      <object_component id="oc-53">
         <name>.sys</name>
         <uninitialized>true</uninitialized>
         <run_address>0xfd74</run_address>
         <size>0x10</size>
         <input_file_ref idref="fl-2"/>
      </object_component>
      <object_component id="oc-1d0">
         <name>.text</name>
         <load_address>0x8420</load_address>
         <run_address>0x8420</run_address>
         <size>0xe60</size>
         <input_file_ref idref="fl-6"/>
      </object_component>
      <object_component id="oc-107">
         <name>.text</name>
         <load_address>0x9280</load_address>
         <run_address>0x9280</run_address>
         <size>0x480</size>
         <input_file_ref idref="fl-b0"/>
      </object_component>
      <object_component id="oc-1db">
         <name>.text:_EDMA_open</name>
         <load_address>0x9700</load_address>
         <run_address>0x9700</run_address>
         <size>0x280</size>
         <input_file_ref idref="fl-b1"/>
      </object_component>
      <object_component id="oc-1e1">
         <name>.text</name>
         <load_address>0x9980</load_address>
         <run_address>0x9980</run_address>
         <size>0x260</size>
         <input_file_ref idref="fl-4"/>
      </object_component>
      <object_component id="oc-1d9">
         <name>.text:_memcpy</name>
         <load_address>0x9be0</load_address>
         <run_address>0x9be0</run_address>
         <size>0x240</size>
         <input_file_ref idref="fl-dc"/>
      </object_component>
      <object_component id="oc-1e0">
         <name>.text:__CSL_init</name>
         <load_address>0x9e20</load_address>
         <run_address>0x9e20</run_address>
         <size>0x220</size>
         <input_file_ref idref="fl-ae"/>
      </object_component>
      <object_component id="oc-102">
         <name>.text</name>
         <load_address>0xa040</load_address>
         <run_address>0xa040</run_address>
         <size>0x1e0</size>
         <input_file_ref idref="fl-af"/>
      </object_component>
      <object_component id="oc-1de">
         <name>.text:_IRQ_map</name>
         <load_address>0xa220</load_address>
         <run_address>0xa220</run_address>
         <size>0x1c0</size>
         <input_file_ref idref="fl-b5"/>
      </object_component>
      <object_component id="oc-1f6">
         <name>.text:_mux2Tables</name>
         <load_address>0xa3e0</load_address>
         <run_address>0xa3e0</run_address>
         <size>0x1c0</size>
         <input_file_ref idref="fl-b5"/>
      </object_component>
      <object_component id="oc-1dc">
         <name>.text:_EDMA_allocTable</name>
         <load_address>0xa5a0</load_address>
         <run_address>0xa5a0</run_address>
         <size>0x1a0</size>
         <input_file_ref idref="fl-b1"/>
      </object_component>
      <object_component id="oc-1ef">
         <name>.text:_MCBSP_reset</name>
         <load_address>0xa740</load_address>
         <run_address>0xa740</run_address>
         <size>0x1a0</size>
         <input_file_ref idref="fl-bc"/>
      </object_component>
      <object_component id="oc-44">
         <name>.text</name>
         <load_address>0xa8e0</load_address>
         <run_address>0xa8e0</run_address>
         <size>0x180</size>
         <input_file_ref idref="fl-94"/>
      </object_component>
      <object_component id="oc-1f8">
         <name>.text:_call_dtors</name>
         <load_address>0xaa60</load_address>
         <run_address>0xaa60</run_address>
         <size>0x160</size>
         <input_file_ref idref="fl-da"/>
      </object_component>
      <object_component id="oc-1ea">
         <name>.text:_EDMA_reset</name>
         <load_address>0xabc0</load_address>
         <run_address>0xabc0</run_address>
         <size>0x140</size>
         <input_file_ref idref="fl-b1"/>
      </object_component>
      <object_component id="oc-1ee">
         <name>.text:_TIMER_open</name>
         <load_address>0xad00</load_address>
         <run_address>0xad00</run_address>
         <size>0x140</size>
         <input_file_ref idref="fl-c9"/>
      </object_component>
      <object_component id="oc-1f7">
         <name>.text:_TIMER_reset</name>
         <load_address>0xae40</load_address>
         <run_address>0xae40</run_address>
         <size>0x120</size>
         <input_file_ref idref="fl-c9"/>
      </object_component>
      <object_component id="oc-1dd">
         <name>.text:_EDMA_intAlloc</name>
         <load_address>0xaf60</load_address>
         <run_address>0xaf60</run_address>
         <size>0x100</size>
         <input_file_ref idref="fl-b1"/>
      </object_component>
      <object_component id="oc-1e2">
         <name>.text:_MCBSP_open</name>
         <load_address>0xb060</load_address>
         <run_address>0xb060</run_address>
         <size>0x100</size>
         <input_file_ref idref="fl-bc"/>
      </object_component>
      <object_component id="oc-1e3">
         <name>.text:_MCBSP_start</name>
         <load_address>0xb160</load_address>
         <run_address>0xb160</run_address>
         <size>0x100</size>
         <input_file_ref idref="fl-bc"/>
      </object_component>
      <object_component id="oc-1d4">
         <name>.text:__strasg</name>
         <load_address>0xb260</load_address>
         <run_address>0xb260</run_address>
         <size>0xe0</size>
         <input_file_ref idref="fl-d8"/>
      </object_component>
      <object_component id="oc-1e8">
         <name>.text:_atexit</name>
         <load_address>0xb340</load_address>
         <run_address>0xb340</run_address>
         <size>0xe0</size>
         <input_file_ref idref="fl-d9"/>
      </object_component>
      <object_component id="oc-194">
         <name>.text</name>
         <load_address>0xb420</load_address>
         <run_address>0xb420</run_address>
         <size>0xc0</size>
         <input_file_ref idref="fl-d0"/>
      </object_component>
      <object_component id="oc-1ed">
         <name>.text:__IRQ_init</name>
         <load_address>0xb4e0</load_address>
         <run_address>0xb4e0</run_address>
         <size>0xa0</size>
         <input_file_ref idref="fl-b5"/>
      </object_component>
      <object_component id="oc-1ec">
         <name>.text:_setMux</name>
         <load_address>0xb580</load_address>
         <run_address>0xb580</run_address>
         <size>0xa0</size>
         <input_file_ref idref="fl-b5"/>
      </object_component>
      <object_component id="oc-1f5">
         <name>.text:_EDMA_disableChannel</name>
         <load_address>0xb620</load_address>
         <run_address>0xb620</run_address>
         <size>0x60</size>
         <input_file_ref idref="fl-b1"/>
      </object_component>
      <object_component id="oc-1eb">
         <name>.text:_EDMA_enableChannel</name>
         <load_address>0xb680</load_address>
         <run_address>0xb680</run_address>
         <size>0x60</size>
         <input_file_ref idref="fl-b1"/>
      </object_component>
      <object_component id="oc-1f4">
         <name>.text:___add_dtor</name>
         <load_address>0xb6e0</load_address>
         <run_address>0xb6e0</run_address>
         <size>0x40</size>
         <input_file_ref idref="fl-da"/>
      </object_component>
      <object_component id="oc-1df">
         <name>.text:_CSL6713_LIB_</name>
         <load_address>0xb720</load_address>
         <run_address>0xb720</run_address>
         <size>0x20</size>
         <input_file_ref idref="fl-ae"/>
      </object_component>
      <object_component id="oc-1da">
         <name>.text:__nop</name>
         <load_address>0xb740</load_address>
         <run_address>0xb740</run_address>
         <size>0x20</size>
         <input_file_ref idref="fl-d7"/>
      </object_component>
      <object_component id="oc-1d7">
         <name>.text:__register_lock</name>
         <load_address>0xb760</load_address>
         <run_address>0xb760</run_address>
         <size>0x20</size>
         <input_file_ref idref="fl-d7"/>
      </object_component>
      <object_component id="oc-1d8">
         <name>.text:__register_unlock</name>
         <load_address>0xb780</load_address>
         <run_address>0xb780</run_address>
         <size>0x20</size>
         <input_file_ref idref="fl-d7"/>
      </object_component>
      <object_component id="oc-11e">
         <name>.text</name>
         <load_address>0xb7a0</load_address>
         <run_address>0xb7a0</run_address>
         <size>0x20</size>
         <input_file_ref idref="fl-b5"/>
      </object_component>
      <object_component id="oc-51">
         <name>.cinit</name>
         <load_address>0xb7c0</load_address>
         <run_address>0xb7c0</run_address>
         <size>0x7ec</size>
         <input_file_ref idref="fl-2"/>
      </object_component>
      <object_component id="oc-81">
         <name>.cinit</name>
         <load_address>0xbfb0</load_address>
         <run_address>0xbfb0</run_address>
         <size>0x26c</size>
         <input_file_ref idref="fl-8e"/>
      </object_component>
      <object_component id="oc-126">
         <name>.cinit</name>
         <load_address>0xc220</load_address>
         <run_address>0xc220</run_address>
         <size>0x1a4</size>
         <input_file_ref idref="fl-b6"/>
      </object_component>
      <object_component id="oc-11f">
         <name>.cinit</name>
         <load_address>0xc3c8</load_address>
         <run_address>0xc3c8</run_address>
         <size>0x12c</size>
         <input_file_ref idref="fl-b5"/>
      </object_component>
      <object_component id="oc-90">
         <name>.cinit</name>
         <load_address>0xc4f8</load_address>
         <run_address>0xc4f8</run_address>
         <size>0xb0</size>
         <input_file_ref idref="fl-92"/>
      </object_component>
      <object_component id="oc-75">
         <name>.cinit</name>
         <load_address>0xc5a8</load_address>
         <run_address>0xc5a8</run_address>
         <size>0xa4</size>
         <input_file_ref idref="fl-6"/>
      </object_component>
      <object_component id="oc-17b">
         <name>.cinit</name>
         <load_address>0xc650</load_address>
         <run_address>0xc650</run_address>
         <size>0x80</size>
         <input_file_ref idref="fl-ca"/>
      </object_component>
      <object_component id="oc-10d">
         <name>.cinit</name>
         <load_address>0xc6d0</load_address>
         <run_address>0xc6d0</run_address>
         <size>0x70</size>
         <input_file_ref idref="fl-b1"/>
      </object_component>
      <object_component id="oc-196">
         <name>.cinit</name>
         <load_address>0xc740</load_address>
         <run_address>0xc740</run_address>
         <size>0x60</size>
         <input_file_ref idref="fl-d0"/>
      </object_component>
      <object_component id="oc-8a">
         <name>.cinit</name>
         <load_address>0xc7a0</load_address>
         <run_address>0xc7a0</run_address>
         <size>0x5c</size>
         <input_file_ref idref="fl-91"/>
      </object_component>
      <object_component id="oc-13d">
         <name>.cinit</name>
         <load_address>0xc800</load_address>
         <run_address>0xc800</run_address>
         <size>0x54</size>
         <input_file_ref idref="fl-bc"/>
      </object_component>
      <object_component id="oc-de">
         <name>.cinit</name>
         <load_address>0xc858</load_address>
         <run_address>0xc858</run_address>
         <size>0x4c</size>
         <input_file_ref idref="fl-a6"/>
      </object_component>
      <object_component id="oc-174">
         <name>.cinit</name>
         <load_address>0xc8a8</load_address>
         <run_address>0xc8a8</run_address>
         <size>0x4c</size>
         <input_file_ref idref="fl-c9"/>
      </object_component>
      <object_component id="oc-152">
         <name>.cinit</name>
         <load_address>0xc8f8</load_address>
         <run_address>0xc8f8</run_address>
         <size>0x4c</size>
         <input_file_ref idref="fl-c1"/>
      </object_component>
      <object_component id="oc-6d">
         <name>.cinit</name>
         <load_address>0xc948</load_address>
         <run_address>0xc948</run_address>
         <size>0x48</size>
         <input_file_ref idref="fl-4"/>
      </object_component>
      <object_component id="oc-fd">
         <name>.cinit</name>
         <load_address>0xc990</load_address>
         <run_address>0xc990</run_address>
         <size>0x3c</size>
         <input_file_ref idref="fl-ae"/>
      </object_component>
      <object_component id="oc-be">
         <name>.cinit</name>
         <load_address>0xc9d0</load_address>
         <run_address>0xc9d0</run_address>
         <size>0x34</size>
         <input_file_ref idref="fl-9e"/>
      </object_component>
      <object_component id="oc-a8">
         <name>.cinit</name>
         <load_address>0xca08</load_address>
         <run_address>0xca08</run_address>
         <size>0x2c</size>
         <input_file_ref idref="fl-98"/>
      </object_component>
      <object_component id="oc-1c9">
         <name>.cinit</name>
         <load_address>0xca38</load_address>
         <run_address>0xca38</run_address>
         <size>0x2c</size>
         <input_file_ref idref="fl-db"/>
      </object_component>
      <object_component id="oc-148">
         <name>.cinit</name>
         <load_address>0xca68</load_address>
         <run_address>0xca68</run_address>
         <size>0x24</size>
         <input_file_ref idref="fl-bf"/>
      </object_component>
      <object_component id="oc-189">
         <name>.cinit</name>
         <load_address>0xca90</load_address>
         <run_address>0xca90</run_address>
         <size>0x1c</size>
         <input_file_ref idref="fl-cd"/>
      </object_component>
      <object_component id="oc-1b7">
         <name>.cinit</name>
         <load_address>0xcab0</load_address>
         <run_address>0xcab0</run_address>
         <size>0x1c</size>
         <input_file_ref idref="fl-d7"/>
      </object_component>
      <object_component id="oc-1bf">
         <name>.cinit</name>
         <load_address>0xcad0</load_address>
         <run_address>0xcad0</run_address>
         <size>0x1c</size>
         <input_file_ref idref="fl-d9"/>
      </object_component>
      <object_component id="oc-9b">
         <name>.cinit</name>
         <load_address>0xcaf0</load_address>
         <run_address>0xcaf0</run_address>
         <size>0x18</size>
         <input_file_ref idref="fl-95"/>
      </object_component>
      <object_component id="oc-1aa">
         <name>.cinit</name>
         <load_address>0xcb08</load_address>
         <run_address>0xcb08</run_address>
         <size>0xc</size>
         <input_file_ref idref="fl-d4"/>
      </object_component>
      <object_component id="oc-c0">
         <name>.cinit</name>
         <load_address>0xcb18</load_address>
         <run_address>0xcb18</run_address>
         <size>0xc</size>
         <input_file_ref idref="fl-9f"/>
      </object_component>
      <object_component id="oc-cd">
         <name>.cinit</name>
         <load_address>0xcb28</load_address>
         <run_address>0xcb28</run_address>
         <size>0xc</size>
         <input_file_ref idref="fl-a2"/>
      </object_component>
      <object_component id="oc-1c4">
         <name>.cinit</name>
         <load_address>0xcb38</load_address>
         <run_address>0xcb38</run_address>
         <size>0xc</size>
         <input_file_ref idref="fl-da"/>
      </object_component>
      <object_component id="oc-1e5">
         <name>.switch</name>
         <load_address>0xfd4c</load_address>
         <run_address>0xfd4c</run_address>
         <size>0x28</size>
         <input_file_ref idref="fl-c3"/>
      </object_component>
      <object_component id="oc-4f">
         <name>.gblinit</name>
         <load_address>0xfc98</load_address>
         <run_address>0xfc98</run_address>
         <size>0x4c</size>
         <input_file_ref idref="fl-2"/>
      </object_component>
      <object_component id="oc-65">
         <name>.sysinit</name>
         <load_address>0xe020</load_address>
         <run_address>0xe020</run_address>
         <size>0x2e0</size>
         <input_file_ref idref="fl-2"/>
      </object_component>
      <object_component id="oc-144">
         <name>.sysinit</name>
         <load_address>0xe300</load_address>
         <run_address>0xe300</run_address>
         <size>0xe0</size>
         <input_file_ref idref="fl-be"/>
      </object_component>
      <object_component id="oc-45">
         <name>.sysinit</name>
         <load_address>0xe3e0</load_address>
         <run_address>0xe3e0</run_address>
         <size>0xc0</size>
         <input_file_ref idref="fl-9c"/>
      </object_component>
      <object_component id="oc-18d">
         <name>.sysinit</name>
         <load_address>0xe4a0</load_address>
         <run_address>0xe4a0</run_address>
         <size>0x80</size>
         <input_file_ref idref="fl-ce"/>
      </object_component>
      <object_component id="oc-14a">
         <name>.sysinit</name>
         <load_address>0xe520</load_address>
         <run_address>0xe520</run_address>
         <size>0x20</size>
         <input_file_ref idref="fl-bf"/>
      </object_component>
      <object_component id="oc-bc">
         <name>.trcdata</name>
         <load_address>0xfd90</load_address>
         <run_address>0xfd90</run_address>
         <size>0xc</size>
         <input_file_ref idref="fl-9d"/>
      </object_component>
      <object_component id="oc-52">
         <name>.rtdx_data</name>
         <uninitialized>true</uninitialized>
         <run_address>0xe540</run_address>
         <size>0x410</size>
         <input_file_ref idref="fl-2"/>
      </object_component>
      <object_component id="oc-153">
         <name>.rtdx_data</name>
         <uninitialized>true</uninitialized>
         <run_address>0xe950</run_address>
         <size>0x20</size>
         <input_file_ref idref="fl-c1"/>
      </object_component>
      <object_component id="oc-15c">
         <name>.rtdx_data</name>
         <uninitialized>true</uninitialized>
         <run_address>0xe970</run_address>
         <size>0x1c</size>
         <input_file_ref idref="fl-c3"/>
      </object_component>
      <object_component id="oc-1d1">
         <name>.rtdx_text:_RTDX_Poll</name>
         <load_address>0xcb60</load_address>
         <run_address>0xcb60</run_address>
         <size>0x400</size>
         <input_file_ref idref="fl-c3"/>
      </object_component>
      <object_component id="oc-1e7">
         <name>.rtdx_text:_RTDX_Buffer_WriteCB</name>
         <load_address>0xcf60</load_address>
         <run_address>0xcf60</run_address>
         <size>0x340</size>
         <input_file_ref idref="fl-c1"/>
      </object_component>
      <object_component id="oc-1f2">
         <name>.rtdx_text:_RTDX_write_next</name>
         <load_address>0xd2a0</load_address>
         <run_address>0xd2a0</run_address>
         <size>0x300</size>
         <input_file_ref idref="fl-c1"/>
      </object_component>
      <object_component id="oc-1f3">
         <name>.rtdx_text:_RTDX_Mon_Queue</name>
         <load_address>0xd5a0</load_address>
         <run_address>0xd5a0</run_address>
         <size>0x140</size>
         <input_file_ref idref="fl-c3"/>
      </object_component>
      <object_component id="oc-1f1">
         <name>.rtdx_text:_claim</name>
         <load_address>0xd6e0</load_address>
         <run_address>0xd6e0</run_address>
         <size>0xe0</size>
         <input_file_ref idref="fl-c1"/>
      </object_component>
      <object_component id="oc-1d6">
         <name>.rtdx_text:_RTDX_Init_RT_Monitor</name>
         <load_address>0xd7c0</load_address>
         <run_address>0xd7c0</run_address>
         <size>0x80</size>
         <input_file_ref idref="fl-c3"/>
      </object_component>
      <object_component id="oc-1d5">
         <name>.rtdx_text:_RTDX_Buffer_Initialize</name>
         <load_address>0xd840</load_address>
         <run_address>0xd840</run_address>
         <size>0x60</size>
         <input_file_ref idref="fl-c1"/>
      </object_component>
      <object_component id="oc-1e6">
         <name>.rtdx_text:_RTDX_Buffer_ReadCB</name>
         <load_address>0xd8a0</load_address>
         <run_address>0xd8a0</run_address>
         <size>0x60</size>
         <input_file_ref idref="fl-c0"/>
      </object_component>
      <object_component id="oc-1f0">
         <name>.rtdx_text:_RTDX_Buffer_Size</name>
         <load_address>0xd900</load_address>
         <run_address>0xd900</run_address>
         <size>0x40</size>
         <input_file_ref idref="fl-c1"/>
      </object_component>
      <object_component id="oc-1e9">
         <name>.rtdx_text:_RTDX_Final_RT_Monitor</name>
         <load_address>0xd940</load_address>
         <run_address>0xd940</run_address>
         <size>0x40</size>
         <input_file_ref idref="fl-c3"/>
      </object_component>
      <object_component id="oc-1d2">
         <name>.rtdx_text:_RTDX_Buffer_Read</name>
         <load_address>0xd980</load_address>
         <run_address>0xd980</run_address>
         <size>0x20</size>
         <input_file_ref idref="fl-c0"/>
      </object_component>
      <object_component id="oc-1d3">
         <name>.rtdx_text:_RTDX_Buffer_Write</name>
         <load_address>0xd9a0</load_address>
         <run_address>0xd9a0</run_address>
         <size>0x20</size>
         <input_file_ref idref="fl-c1"/>
      </object_component>
      <object_component id="oc-1e4">
         <name>.rtdx_text:_RTDX_checksum</name>
         <load_address>0xd9c0</load_address>
         <run_address>0xd9c0</run_address>
         <size>0x20</size>
         <input_file_ref idref="fl-c3"/>
      </object_component>
      <object_component id="oc-158">
         <name>.rtdx_text</name>
         <load_address>0xd9e0</load_address>
         <run_address>0xd9e0</run_address>
         <size>0x20</size>
         <input_file_ref idref="fl-c2"/>
      </object_component>
      <object_component id="oc-5e">
         <name>.TSK_idle$stk</name>
         <uninitialized>true</uninitialized>
         <run_address>0xe990</run_address>
         <size>0x400</size>
         <input_file_ref idref="fl-2"/>
      </object_component>
      <object_component id="oc-5f">
         <name>.led_toggle_tsk$stk</name>
         <uninitialized>true</uninitialized>
         <run_address>0xed90</run_address>
         <size>0x400</size>
         <input_file_ref idref="fl-2"/>
      </object_component>
      <object_component id="oc-62">
         <name>.LOG_system$buf</name>
         <uninitialized>true</uninitialized>
         <run_address>0xf800</run_address>
         <size>0x100</size>
         <input_file_ref idref="fl-2"/>
      </object_component>
      <object_component id="oc-55">
         <name>.hst1</name>
         <uninitialized>true</uninitialized>
         <run_address>0xcb4c</run_address>
         <size>0x10</size>
         <input_file_ref idref="fl-2"/>
      </object_component>
      <object_component id="oc-58">
         <name>.hst0</name>
         <uninitialized>true</uninitialized>
         <run_address>0xf900</run_address>
         <size>0x100</size>
         <input_file_ref idref="fl-2"/>
      </object_component>
      <object_component id="oc-199">
         <name>.const</name>
         <load_address>0xfac0</load_address>
         <run_address>0xfac0</run_address>
         <size>0x4e</size>
         <input_file_ref idref="fl-d0"/>
      </object_component>
      <object_component id="oc-a0">
         <name>.const</name>
         <load_address>0xfb0e</load_address>
         <run_address>0xfb0e</run_address>
         <size>0x23</size>
         <input_file_ref idref="fl-96"/>
      </object_component>
      <object_component id="oc-a4">
         <name>.const</name>
         <load_address>0xfb31</load_address>
         <run_address>0xfb31</run_address>
         <size>0x22</size>
         <input_file_ref idref="fl-97"/>
      </object_component>
      <object_component id="oc-109">
         <name>.const</name>
         <load_address>0xfb54</load_address>
         <run_address>0xfb54</run_address>
         <size>0x20</size>
         <input_file_ref idref="fl-b0"/>
      </object_component>
      <object_component id="oc-17d">
         <name>.const</name>
         <load_address>0xfb74</load_address>
         <run_address>0xfb74</run_address>
         <size>0x1</size>
         <input_file_ref idref="fl-ca"/>
      </object_component>
      <object_component id="oc-5b">
         <name>.printf</name>
         <load_address>0xfb75</load_address>
         <run_address>0xfb75</run_address>
         <size>0xa7</size>
         <input_file_ref idref="fl-2"/>
      </object_component>
      <object_component id="oc-b8">
         <name>.args</name>
         <load_address>0xcb5c</load_address>
         <run_address>0xcb5c</run_address>
         <size>0x0</size>
         <input_file_ref idref="fl-9c"/>
      </object_component>
      <object_component id="oc-36">
         <name>_SYS_PUTCBEG</name>
         <load_address>0xf514</load_address>
         <run_address>0xf514</run_address>
         <size>0x0</size>
      </object_component>
      <object_component id="oc-38">
         <name>_SYS_PUTCEND</name>
         <load_address>0xf714</load_address>
         <run_address>0xf714</run_address>
         <size>0x0</size>
      </object_component>
      <object_component id="oc-56">
         <name>.hst</name>
         <uninitialized>true</uninitialized>
         <run_address>0xfce4</run_address>
         <size>0x3c</size>
         <input_file_ref idref="fl-2"/>
      </object_component>
      <object_component id="oc-63">
         <name>.log</name>
         <load_address>0xe008</load_address>
         <run_address>0xe008</run_address>
         <size>0x18</size>
         <input_file_ref idref="fl-2"/>
      </object_component>
      <object_component id="oc-57">
         <name>.pip</name>
         <uninitialized>true</uninitialized>
         <run_address>0xf714</run_address>
         <size>0xc8</size>
         <input_file_ref idref="fl-2"/>
      </object_component>
      <object_component id="oc-5c">
         <name>.sts</name>
         <load_address>0xfc28</load_address>
         <run_address>0xfc28</run_address>
         <size>0x70</size>
         <input_file_ref idref="fl-2"/>
      </object_component>
      <object_component id="oc-3e">
         <name>GBL_stackbeg</name>
         <uninitialized>true</uninitialized>
         <run_address>0x4420</run_address>
         <size>0x0</size>
      </object_component>
      <object_component id="oc-b9">
         <name>.stack</name>
         <uninitialized>true</uninitialized>
         <run_address>0x4420</run_address>
         <size>0x0</size>
         <input_file_ref idref="fl-9c"/>
      </object_component>
      <object_component id="oc-230">
         <name>.stack</name>
         <uninitialized>true</uninitialized>
         <run_address>0x4420</run_address>
         <size>0x0</size>
      </object_component>
      <object_component id="oc-67">
         <name>.debug_info</name>
         <load_address>0x0</load_address>
         <run_address>0x0</run_address>
         <size>0x43b</size>
         <input_file_ref idref="fl-2"/>
      </object_component>
      <object_component id="oc-6a">
         <name>.debug_info</name>
         <load_address>0x43b</load_address>
         <run_address>0x43b</run_address>
         <size>0x5ef</size>
         <input_file_ref idref="fl-3"/>
      </object_component>
      <object_component id="oc-6c">
         <name>.debug_info</name>
         <load_address>0xa2a</load_address>
         <run_address>0xa2a</run_address>
         <size>0xb51</size>
         <input_file_ref idref="fl-4"/>
      </object_component>
      <object_component id="oc-71">
         <name>.debug_info</name>
         <load_address>0x157b</load_address>
         <run_address>0x157b</run_address>
         <size>0x5dd</size>
         <input_file_ref idref="fl-5"/>
      </object_component>
      <object_component id="oc-74">
         <name>.debug_info</name>
         <load_address>0x1b58</load_address>
         <run_address>0x1b58</run_address>
         <size>0x1a5e</size>
         <input_file_ref idref="fl-6"/>
      </object_component>
      <object_component id="oc-7a">
         <name>.debug_info</name>
         <load_address>0x35b6</load_address>
         <run_address>0x35b6</run_address>
         <size>0x6e5</size>
         <input_file_ref idref="fl-7"/>
      </object_component>
      <object_component id="oc-7d">
         <name>.debug_info</name>
         <load_address>0x3c9b</load_address>
         <run_address>0x3c9b</run_address>
         <size>0xf8</size>
         <input_file_ref idref="fl-8d"/>
      </object_component>
      <object_component id="oc-83">
         <name>.debug_info</name>
         <load_address>0x3d93</load_address>
         <run_address>0x3d93</run_address>
         <size>0xb9</size>
         <input_file_ref idref="fl-8f"/>
      </object_component>
      <object_component id="oc-86">
         <name>.debug_info</name>
         <load_address>0x3e4c</load_address>
         <run_address>0x3e4c</run_address>
         <size>0xaf</size>
         <input_file_ref idref="fl-90"/>
      </object_component>
      <object_component id="oc-8c">
         <name>.debug_info</name>
         <load_address>0x3efb</load_address>
         <run_address>0x3efb</run_address>
         <size>0x1a5</size>
         <input_file_ref idref="fl-91"/>
      </object_component>
      <object_component id="oc-91">
         <name>.debug_info</name>
         <load_address>0x40a0</load_address>
         <run_address>0x40a0</run_address>
         <size>0x13c</size>
         <input_file_ref idref="fl-92"/>
      </object_component>
      <object_component id="oc-94">
         <name>.debug_info</name>
         <load_address>0x41dc</load_address>
         <run_address>0x41dc</run_address>
         <size>0x607</size>
         <input_file_ref idref="fl-93"/>
      </object_component>
      <object_component id="oc-97">
         <name>.debug_info</name>
         <load_address>0x47e3</load_address>
         <run_address>0x47e3</run_address>
         <size>0x6f0</size>
         <input_file_ref idref="fl-94"/>
      </object_component>
      <object_component id="oc-9a">
         <name>.debug_info</name>
         <load_address>0x4ed3</load_address>
         <run_address>0x4ed3</run_address>
         <size>0xf1f</size>
         <input_file_ref idref="fl-95"/>
      </object_component>
      <object_component id="oc-9f">
         <name>.debug_info</name>
         <load_address>0x5df2</load_address>
         <run_address>0x5df2</run_address>
         <size>0x7fd</size>
         <input_file_ref idref="fl-96"/>
      </object_component>
      <object_component id="oc-a3">
         <name>.debug_info</name>
         <load_address>0x65ef</load_address>
         <run_address>0x65ef</run_address>
         <size>0x7ea</size>
         <input_file_ref idref="fl-97"/>
      </object_component>
      <object_component id="oc-a7">
         <name>.debug_info</name>
         <load_address>0x6dd9</load_address>
         <run_address>0x6dd9</run_address>
         <size>0x6d9</size>
         <input_file_ref idref="fl-98"/>
      </object_component>
      <object_component id="oc-ac">
         <name>.debug_info</name>
         <load_address>0x74b2</load_address>
         <run_address>0x74b2</run_address>
         <size>0x690</size>
         <input_file_ref idref="fl-99"/>
      </object_component>
      <object_component id="oc-b0">
         <name>.debug_info</name>
         <load_address>0x7b42</load_address>
         <run_address>0x7b42</run_address>
         <size>0x112</size>
         <input_file_ref idref="fl-9a"/>
      </object_component>
      <object_component id="oc-b4">
         <name>.debug_info</name>
         <load_address>0x7c54</load_address>
         <run_address>0x7c54</run_address>
         <size>0x106</size>
         <input_file_ref idref="fl-9b"/>
      </object_component>
      <object_component id="oc-b7">
         <name>.debug_info</name>
         <load_address>0x7d5a</load_address>
         <run_address>0x7d5a</run_address>
         <size>0x65a</size>
         <input_file_ref idref="fl-9c"/>
      </object_component>
      <object_component id="oc-c2">
         <name>.debug_info</name>
         <load_address>0x83b4</load_address>
         <run_address>0x83b4</run_address>
         <size>0xaf</size>
         <input_file_ref idref="fl-9f"/>
      </object_component>
      <object_component id="oc-c6">
         <name>.debug_info</name>
         <load_address>0x8463</load_address>
         <run_address>0x8463</run_address>
         <size>0xb8</size>
         <input_file_ref idref="fl-a0"/>
      </object_component>
      <object_component id="oc-ca">
         <name>.debug_info</name>
         <load_address>0x851b</load_address>
         <run_address>0x851b</run_address>
         <size>0xaa</size>
         <input_file_ref idref="fl-a1"/>
      </object_component>
      <object_component id="oc-cf">
         <name>.debug_info</name>
         <load_address>0x85c5</load_address>
         <run_address>0x85c5</run_address>
         <size>0x11b</size>
         <input_file_ref idref="fl-a2"/>
      </object_component>
      <object_component id="oc-d3">
         <name>.debug_info</name>
         <load_address>0x86e0</load_address>
         <run_address>0x86e0</run_address>
         <size>0xaa</size>
         <input_file_ref idref="fl-a3"/>
      </object_component>
      <object_component id="oc-d7">
         <name>.debug_info</name>
         <load_address>0x878a</load_address>
         <run_address>0x878a</run_address>
         <size>0x10c</size>
         <input_file_ref idref="fl-a4"/>
      </object_component>
      <object_component id="oc-db">
         <name>.debug_info</name>
         <load_address>0x8896</load_address>
         <run_address>0x8896</run_address>
         <size>0xd8</size>
         <input_file_ref idref="fl-a5"/>
      </object_component>
      <object_component id="oc-e0">
         <name>.debug_info</name>
         <load_address>0x896e</load_address>
         <run_address>0x896e</run_address>
         <size>0x1c2</size>
         <input_file_ref idref="fl-a6"/>
      </object_component>
      <object_component id="oc-e4">
         <name>.debug_info</name>
         <load_address>0x8b30</load_address>
         <run_address>0x8b30</run_address>
         <size>0xdb</size>
         <input_file_ref idref="fl-a7"/>
      </object_component>
      <object_component id="oc-e8">
         <name>.debug_info</name>
         <load_address>0x8c0b</load_address>
         <run_address>0x8c0b</run_address>
         <size>0x106</size>
         <input_file_ref idref="fl-a8"/>
      </object_component>
      <object_component id="oc-ec">
         <name>.debug_info</name>
         <load_address>0x8d11</load_address>
         <run_address>0x8d11</run_address>
         <size>0x60b</size>
         <input_file_ref idref="fl-a9"/>
      </object_component>
      <object_component id="oc-ef">
         <name>.debug_info</name>
         <load_address>0x931c</load_address>
         <run_address>0x931c</run_address>
         <size>0x5e5</size>
         <input_file_ref idref="fl-aa"/>
      </object_component>
      <object_component id="oc-f2">
         <name>.debug_info</name>
         <load_address>0x9901</load_address>
         <run_address>0x9901</run_address>
         <size>0xb7</size>
         <input_file_ref idref="fl-ab"/>
      </object_component>
      <object_component id="oc-f6">
         <name>.debug_info</name>
         <load_address>0x99b8</load_address>
         <run_address>0x99b8</run_address>
         <size>0xb4</size>
         <input_file_ref idref="fl-ac"/>
      </object_component>
      <object_component id="oc-fa">
         <name>.debug_info</name>
         <load_address>0x9a6c</load_address>
         <run_address>0x9a6c</run_address>
         <size>0xb1</size>
         <input_file_ref idref="fl-ad"/>
      </object_component>
      <object_component id="oc-100">
         <name>.debug_info</name>
         <load_address>0x9b1d</load_address>
         <run_address>0x9b1d</run_address>
         <size>0xa13</size>
         <input_file_ref idref="fl-ae"/>
      </object_component>
      <object_component id="oc-105">
         <name>.debug_info</name>
         <load_address>0xa530</load_address>
         <run_address>0xa530</run_address>
         <size>0x60b</size>
         <input_file_ref idref="fl-af"/>
      </object_component>
      <object_component id="oc-10b">
         <name>.debug_info</name>
         <load_address>0xab3b</load_address>
         <run_address>0xab3b</run_address>
         <size>0x8a7</size>
         <input_file_ref idref="fl-b0"/>
      </object_component>
      <object_component id="oc-110">
         <name>.debug_info</name>
         <load_address>0xb3e2</load_address>
         <run_address>0xb3e2</run_address>
         <size>0xd09</size>
         <input_file_ref idref="fl-b1"/>
      </object_component>
      <object_component id="oc-112">
         <name>.debug_info</name>
         <load_address>0xc0eb</load_address>
         <run_address>0xc0eb</run_address>
         <size>0x7ee</size>
         <input_file_ref idref="fl-b2"/>
      </object_component>
      <object_component id="oc-117">
         <name>.debug_info</name>
         <load_address>0xc8d9</load_address>
         <run_address>0xc8d9</run_address>
         <size>0xb9</size>
         <input_file_ref idref="fl-b3"/>
[...]
         <object_component_ref idref="oc-107"/>
      </symbol>
      <symbol id="sm-4bf">
         <name>_EDMA_enableChannel</name>
         <value>0xb680</value>
         <object_component_ref idref="oc-1eb"/>
      </symbol>
      <symbol id="sm-4c0">
         <name>_EDMA_intAlloc</name>
         <value>0xaf60</value>
         <object_component_ref idref="oc-1dd"/>
      </symbol>
      <symbol id="sm-4c1">
         <name>_EDMA_reset</name>
         <value>0xabc0</value>
         <object_component_ref idref="oc-1ea"/>
      </symbol>
      <symbol id="sm-4c2">
         <name>_tccAllocTable</name>
         <value>0xde18</value>
         <object_component_ref idref="oc-10e"/>
      </symbol>
      <symbol id="sm-4c3">
         <name>_EDMA_open</name>
         <value>0x9700</value>
         <object_component_ref idref="oc-1db"/>
      </symbol>
      <symbol id="sm-4c4">
         <name>_EDMA_disableChannel</name>
         <value>0xb620</value>
         <object_component_ref idref="oc-1f5"/>
      </symbol>
      <symbol id="sm-4c5">
         <name>_EDMA_allocTable</name>
         <value>0xa5a0</value>
         <object_component_ref idref="oc-1dc"/>
      </symbol>
      <symbol id="sm-4cf">
         <name>_GBL_cslCacheInit</name>
         <value>0x3580</value>
         <object_component_ref idref="oc-113"/>
      </symbol>
      <symbol id="sm-4d7">
         <name>GBL_A_VERSION</name>
         <value>0x5205</value>
      </symbol>
      <symbol id="sm-4d8">
         <name>_GBL_getVersion</name>
         <value>0x4380</value>
         <object_component_ref idref="oc-116"/>
      </symbol>
      <symbol id="sm-4e0">
         <name>_HWI_restore</name>
         <value>0x404c</value>
         <object_component_ref idref="oc-11a"/>
      </symbol>
      <symbol id="sm-4e1">
         <name>_HWI_enable</name>
         <value>0x4038</value>
         <object_component_ref idref="oc-11a"/>
      </symbol>
      <symbol id="sm-4e2">
         <name>_HWI_disable</name>
         <value>0x4020</value>
         <object_component_ref idref="oc-11a"/>
      </symbol>
      <symbol id="sm-4f8">
         <name>__IRQ_eventTable</name>
         <value>0xdbb0</value>
         <object_component_ref idref="oc-120"/>
      </symbol>
      <symbol id="sm-4f9">
         <name>__IRQ_intTable</name>
         <value>0xdc34</value>
         <object_component_ref idref="oc-120"/>
      </symbol>
      <symbol id="sm-4fa">
         <name>_IRQ_map</name>
         <value>0xa220</value>
         <object_component_ref idref="oc-1de"/>
      </symbol>
      <symbol id="sm-4fb">
         <name>__IRQ_init</name>
         <value>0xb4e0</value>
         <object_component_ref idref="oc-1ed"/>
      </symbol>
      <symbol id="sm-4fc">
         <name>__IRQ_dispatchTable</name>
         <value>0xdc74</value>
         <object_component_ref idref="oc-120"/>
      </symbol>
      <symbol id="sm-4fd">
         <name>__IRQ_hookFetchPacket</name>
         <value>0xb7a0</value>
         <object_component_ref idref="oc-11e"/>
      </symbol>
      <symbol id="sm-509">
         <name>_KNL_maxqueue</name>
         <value>0xf428</value>
         <object_component_ref idref="oc-124"/>
      </symbol>
      <symbol id="sm-50a">
         <name>_KNL_inactive</name>
         <value>0xf408</value>
         <object_component_ref idref="oc-124"/>
      </symbol>
      <symbol id="sm-50b">
         <name>_KNL_tswitchfxn</name>
         <value>0xf42c</value>
         <object_component_ref idref="oc-124"/>
      </symbol>
      <symbol id="sm-50c">
         <name>_KNL_setpri</name>
         <value>0xf404</value>
         <object_component_ref idref="oc-124"/>
      </symbol>
      <symbol id="sm-50d">
         <name>_KNL_swiptr</name>
         <value>0xf420</value>
         <object_component_ref idref="oc-124"/>
      </symbol>
      <symbol id="sm-50e">
         <name>_KNL_dummy</name>
         <value>0xdd1c</value>
         <object_component_ref idref="oc-127"/>
      </symbol>
      <symbol id="sm-50f">
         <name>_KNL_curtask</name>
         <value>0xf414</value>
         <object_component_ref idref="oc-124"/>
      </symbol>
      <symbol id="sm-510">
         <name>_KNL_curqueue</name>
         <value>0xf424</value>
         <object_component_ref idref="oc-124"/>
      </symbol>
      <symbol id="sm-511">
         <name>_KNL_wList</name>
         <value>0xf3fc</value>
         <object_component_ref idref="oc-124"/>
      </symbol>
      <symbol id="sm-512">
         <name>_KNL_curtime</name>
         <value>0xf41c</value>
         <object_component_ref idref="oc-124"/>
      </symbol>
      <symbol id="sm-513">
         <name>_KNL_set</name>
         <value>0xf410</value>
         <object_component_ref idref="oc-124"/>
      </symbol>
      <symbol id="sm-514">
         <name>_KNL_alarm</name>
         <value>0xf400</value>
         <object_component_ref idref="oc-124"/>
      </symbol>
      <symbol id="sm-515">
         <name>_KNL_prevtask</name>
         <value>0xf418</value>
         <object_component_ref idref="oc-124"/>
      </symbol>
      <symbol id="sm-516">
         <name>_KNL_queues</name>
         <value>0xdc7c</value>
         <object_component_ref idref="oc-127"/>
      </symbol>
      <symbol id="sm-517">
         <name>_KNL_idlefxn</name>
         <value>0xf43c</value>
         <object_component_ref idref="oc-124"/>
      </symbol>
      <symbol id="sm-518">
         <name>_KNL_priority</name>
         <value>0xf40c</value>
         <object_component_ref idref="oc-124"/>
      </symbol>
      <symbol id="sm-519">
         <name>_KNL_treadyfxn</name>
         <value>0xf438</value>
         <object_component_ref idref="oc-124"/>
      </symbol>
      <symbol id="sm-51a">
         <name>_KNL_tcreatefxn</name>
         <value>0xf430</value>
         <object_component_ref idref="oc-124"/>
      </symbol>
      <symbol id="sm-51b">
         <name>_KNL_wFlag</name>
         <value>0xf3f8</value>
         <object_component_ref idref="oc-124"/>
      </symbol>
      <symbol id="sm-51c">
         <name>_KNL_tdeletefxn</name>
         <value>0xf434</value>
         <object_component_ref idref="oc-124"/>
      </symbol>
      <symbol id="sm-526">
         <name>_KNL_exit</name>
         <value>0x3660</value>
         <object_component_ref idref="oc-12a"/>
      </symbol>
      <symbol id="sm-527">
         <name>_KNL_enter</name>
         <value>0x36b4</value>
         <object_component_ref idref="oc-12a"/>
      </symbol>
      <symbol id="sm-52f">
         <name>__KNL_lat1beg</name>
         <value>0x3490</value>
         <object_component_ref idref="oc-12d"/>
      </symbol>
      <symbol id="sm-530">
         <name>__KNL_lat1end</name>
         <value>0x3518</value>
         <object_component_ref idref="oc-12d"/>
      </symbol>
      <symbol id="sm-531">
         <name>_KNL_max</name>
         <value>0x353c</value>
         <object_component_ref idref="oc-12d"/>
      </symbol>
      <symbol id="sm-532">
         <name>_KNL_check</name>
         <value>0x3440</value>
         <object_component_ref idref="oc-12d"/>
      </symbol>
      <symbol id="sm-533">
         <name>_KNL_idle</name>
         <value>0x3518</value>
         <object_component_ref idref="oc-12d"/>
      </symbol>
      <symbol id="sm-53d">
         <name>_KNL_post</name>
         <value>0x3aa0</value>
         <object_component_ref idref="oc-132"/>
      </symbol>
      <symbol id="sm-547">
         <name>_KNL_ipost</name>
         <value>0x39e0</value>
         <object_component_ref idref="oc-136"/>
      </symbol>
      <symbol id="sm-551">
         <name>_KNL_run</name>
         <value>0x1b20</value>
         <object_component_ref idref="oc-13a"/>
      </symbol>
      <symbol id="sm-563">
         <name>_MCBSP_reset</name>
         <value>0xa740</value>
         <object_component_ref idref="oc-1ef"/>
      </symbol>
      <symbol id="sm-564">
         <name>_MCBSP_open</name>
         <value>0xb060</value>
         <object_component_ref idref="oc-1e2"/>
      </symbol>
      <symbol id="sm-565">
         <name>__MCBSP_hDev0</name>
         <value>0xdf28</value>
         <object_component_ref idref="oc-13e"/>
      </symbol>
      <symbol id="sm-566">
         <name>__MCBSP_hDev1</name>
         <value>0xdf2c</value>
         <object_component_ref idref="oc-13e"/>
      </symbol>
      <symbol id="sm-567">
         <name>_MCBSP_start</name>
         <value>0xb160</value>
         <object_component_ref idref="oc-1e3"/>
      </symbol>
      <symbol id="sm-56b">
         <name>_MEM</name>
         <value>0xf510</value>
         <object_component_ref idref="oc-142"/>
      </symbol>
      <symbol id="sm-575">
         <name>_MEM_init</name>
         <value>0xe300</value>
         <object_component_ref idref="oc-144"/>
      </symbol>
      <symbol id="sm-583">
         <name>_OBJ_table</name>
         <value>0xddb0</value>
         <object_component_ref idref="oc-149"/>
      </symbol>
      <symbol id="sm-584">
         <name>_OBJ_init</name>
         <value>0xe520</value>
         <object_component_ref idref="oc-14a"/>
      </symbol>
      <symbol id="sm-585">
         <name>_OBJ_segtab</name>
         <value>0xdde8</value>
         <object_component_ref idref="oc-149"/>
      </symbol>
      <symbol id="sm-591">
         <name>_RTDX_Buffer_ReadCB</name>
         <value>0xd8a0</value>
         <object_component_ref idref="oc-1e6"/>
      </symbol>
      <symbol id="sm-592">
         <name>RTDX_NORMALIZED_HDR</name>
         <value>0x1</value>
      </symbol>
      <symbol id="sm-593">
         <name>_RTDX_Buffer_Read</name>
         <value>0xd980</value>
         <object_component_ref idref="oc-1d2"/>
      </symbol>
      <symbol id="sm-5af">
         <name>_rtdx_buffer_state</name>
         <value>0xe950</value>
         <object_component_ref idref="oc-153"/>
      </symbol>
      <symbol id="sm-5b0">
         <name>_RTDX_Buffer_WriteCB</name>
         <value>0xcf60</value>
         <object_component_ref idref="oc-1e7"/>
      </symbol>
      <symbol id="sm-5b1">
         <name>_rtdxNullChanCnt</name>
         <value>0xf4e0</value>
         <object_component_ref idref="oc-150"/>
      </symbol>
      <symbol id="sm-5b2">
         <name>_RTDX_writing</name>
         <value>0xe95c</value>
         <object_component_ref idref="oc-153"/>
      </symbol>
      <symbol id="sm-5b3">
         <name>_RTDX_Buffer_Initialize</name>
         <value>0xd840</value>
         <object_component_ref idref="oc-1d5"/>
      </symbol>
      <symbol id="sm-5b4">
         <name>_RTDX_Buffer_Write</name>
         <value>0xd9a0</value>
         <object_component_ref idref="oc-1d3"/>
      </symbol>
      <symbol id="sm-5b5">
         <name>_rtdxNullFuncCnt</name>
         <value>0xf4e4</value>
         <object_component_ref idref="oc-150"/>
      </symbol>
      <symbol id="sm-5b6">
         <name>_RTDX_Buffer_Size</name>
         <value>0xd900</value>
         <object_component_ref idref="oc-1f0"/>
      </symbol>
      <symbol id="sm-5c0">
         <name>_RTDX_Mask_IER</name>
         <value>0xd9e0</value>
         <object_component_ref idref="oc-158"/>
      </symbol>
      <symbol id="sm-5d8">
         <name>_RTDX_Mon_Queue</name>
         <value>0xd5a0</value>
         <object_component_ref idref="oc-1f3"/>
      </symbol>
      <symbol id="sm-5d9">
         <name>_rtdx_mon_state</name>
         <value>0xe970</value>
         <object_component_ref idref="oc-15c"/>
      </symbol>
      <symbol id="sm-5da">
         <name>_RTDX_JTAGONLY</name>
         <value>0x2</value>
      </symbol>
      <symbol id="sm-5db">
         <name>_RTDX_Final_RT_Monitor</name>
         <value>0xd940</value>
         <object_component_ref idref="oc-1e9"/>
      </symbol>
      <symbol id="sm-5dc">
         <name>_RTDX_Poll</name>
         <value>0xcb60</value>
         <object_component_ref idref="oc-1d1"/>
      </symbol>
      <symbol id="sm-5dd">
         <name>_RTDX_Init_RT_Monitor</name>
         <value>0xd7c0</value>
         <object_component_ref idref="oc-1d6"/>
      </symbol>
      <symbol id="sm-5e5">
         <name>_SEM_pendBinary</name>
         <value>0x4080</value>
         <object_component_ref idref="oc-160"/>
      </symbol>
      <symbol id="sm-5ef">
         <name>_SEM_pendEnterKnl</name>
         <value>0x20a0</value>
         <object_component_ref idref="oc-165"/>
      </symbol>
      <symbol id="sm-5f7">
         <name>_SEM_postBinary</name>
         <value>0x3820</value>
         <object_component_ref idref="oc-168"/>
      </symbol>
      <symbol id="sm-5f8">
         <name>_SEM_post</name>
         <value>0x3820</value>
         <object_component_ref idref="oc-168"/>
      </symbol>
      <symbol id="sm-602">
         <name>_SEM_postEnterKnl</name>
         <value>0x3740</value>
         <object_component_ref idref="oc-16d"/>
      </symbol>
      <symbol id="sm-60a">
         <name>_STS_set</name>
         <value>0x43c0</value>
         <object_component_ref idref="oc-170"/>
      </symbol>
      <symbol id="sm-61a">
         <name>_TIMER_reset</name>
         <value>0xae40</value>
         <object_component_ref idref="oc-1f7"/>
      </symbol>
      <symbol id="sm-61b">
         <name>_TIMER_open</name>
         <value>0xad00</value>
         <object_component_ref idref="oc-1ee"/>
      </symbol>
      <symbol id="sm-61c">
         <name>__TIMER_hDev0</name>
         <value>0xdfa4</value>
         <object_component_ref idref="oc-175"/>
      </symbol>
      <symbol id="sm-61d">
         <name>__TIMER_hDev1</name>
         <value>0xdfa8</value>
         <object_component_ref idref="oc-175"/>
      </symbol>
      <symbol id="sm-61e">
         <name>__TIMER_hBios</name>
         <value>0xdfac</value>
         <object_component_ref idref="oc-175"/>
      </symbol>
      <symbol id="sm-61f">
         <name>__TIMER_deviceTable</name>
         <value>0xdf8c</value>
         <object_component_ref idref="oc-175"/>
      </symbol>
      <symbol id="sm-62d">
         <name>_TSK_nTasks</name>
         <value>0xf4e8</value>
         <object_component_ref idref="oc-179"/>
      </symbol>
      <symbol id="sm-62e">
         <name>_TSK_config</name>
         <value>0xdd70</value>
         <object_component_ref idref="oc-17c"/>
      </symbol>
      <symbol id="sm-62f">
         <name>_TSK</name>
         <value>0xf4f0</value>
         <object_component_ref idref="oc-179"/>
      </symbol>
      <symbol id="sm-630">
         <name>_TSK_timerSem</name>
         <value>0xdd90</value>
         <object_component_ref idref="oc-17c"/>
      </symbol>
      <symbol id="sm-631">
         <name>_TSK_pid</name>
         <value>0xf4ec</value>
         <object_component_ref idref="oc-179"/>
      </symbol>
      <symbol id="sm-632">
         <name>_TSK_ATTRS</name>
         <value>0xdd54</value>
         <object_component_ref idref="oc-17c"/>
      </symbol>
      <symbol id="sm-63c">
         <name>_TSK_exit</name>
         <value>0x2fa0</value>
         <object_component_ref idref="oc-180"/>
      </symbol>
      <symbol id="sm-646">
         <name>_SYS_exit</name>
         <value>0x3c20</value>
         <object_component_ref idref="oc-184"/>
      </symbol>
      <symbol id="sm-652">
         <name>_SYS_exitStack</name>
         <value>0xdfb0</value>
         <object_component_ref idref="oc-18a"/>
      </symbol>
      <symbol id="sm-653">
         <name>_SYS_exitStackPtr</name>
         <value>0xf4fc</value>
         <object_component_ref idref="oc-187"/>
      </symbol>
      <symbol id="sm-654">
         <name>_SYS_exitStackTop</name>
         <value>0xf500</value>
         <object_component_ref idref="oc-187"/>
      </symbol>
      <symbol id="sm-65e">
         <name>_TSK_init</name>
         <value>0xe4a0</value>
         <object_component_ref idref="oc-18d"/>
      </symbol>
      <symbol id="sm-668">
         <name>_TSK_setup</name>
         <value>0x2a20</value>
         <object_component_ref idref="oc-191"/>
      </symbol>
      <symbol id="sm-67a">
         <name>__MEM_mutex</name>
         <value>0xde80</value>
         <object_component_ref idref="oc-197"/>
      </symbol>
      <symbol id="sm-67b">
         <name>_TSK_startup</name>
         <value>0x3380</value>
         <object_component_ref idref="oc-198"/>
      </symbol>
      <symbol id="sm-67c">
         <name>__TSK_mutex</name>
         <value>0xde58</value>
         <object_component_ref idref="oc-197"/>
      </symbol>
      <symbol id="sm-686">
         <name>_LCK_pend</name>
         <value>0x3b90</value>
         <object_component_ref idref="oc-19d"/>
      </symbol>
      <symbol id="sm-687">
         <name>_LCK_post</name>
         <value>0x3b60</value>
         <object_component_ref idref="oc-19d"/>
      </symbol>
      <symbol id="sm-68f">
         <name>_SEM_pend</name>
         <value>0x40e0</value>
         <object_component_ref idref="oc-1a0"/>
      </symbol>
      <symbol id="sm-699">
         <name>_SYS_abort</name>
         <value>0x4140</value>
         <object_component_ref idref="oc-1a5"/>
      </symbol>
      <symbol id="sm-6a7">
         <name>__GBL_setL2CacheMode</name>
         <value>0xc34</value>
         <object_component_ref idref="oc-1ab"/>
      </symbol>
      <symbol id="sm-6b1">
         <name>__SEM_dopost</name>
         <value>0x2800</value>
         <object_component_ref idref="oc-1af"/>
      </symbol>
      <symbol id="sm-6bb">
         <name>__auto_init</name>
         <value>0x3140</value>
         <object_component_ref idref="oc-1b3"/>
      </symbol>
      <symbol id="sm-6cd">
         <name>__unlock</name>
         <value>0xdffc</value>
         <object_component_ref idref="oc-1b8"/>
      </symbol>
      <symbol id="sm-6ce">
         <name>__lock</name>
         <value>0xdff8</value>
         <object_component_ref idref="oc-1b8"/>
      </symbol>
      <symbol id="sm-6cf">
         <name>__register_lock</name>
         <value>0xb760</value>
         <object_component_ref idref="oc-1d7"/>
      </symbol>
      <symbol id="sm-6d0">
         <name>__nop</name>
         <value>0xb740</value>
         <object_component_ref idref="oc-1da"/>
      </symbol>
      <symbol id="sm-6d1">
         <name>__register_unlock</name>
         <value>0xb780</value>
         <object_component_ref idref="oc-1d8"/>
      </symbol>
      <symbol id="sm-6d9">
         <name>__strasg</name>
         <value>0xb260</value>
         <object_component_ref idref="oc-1d4"/>
      </symbol>
      <symbol id="sm-6e7">
         <name>_atexit</name>
         <value>0xb340</value>
         <object_component_ref idref="oc-1e8"/>
      </symbol>
      <symbol id="sm-6e8">
         <name>___atexit_func_id__</name>
         <value>0xda00</value>
         <object_component_ref idref="oc-1c0"/>
      </symbol>
      <symbol id="sm-6f8">
         <name>_dtors</name>
         <value>0xe000</value>
         <object_component_ref idref="oc-1c5"/>
      </symbol>
      <symbol id="sm-6f9">
         <name>_call_dtors</name>
         <value>0xaa60</value>
         <object_component_ref idref="oc-1f8"/>
      </symbol>
      <symbol id="sm-6fa">
         <name>___add_dtor</name>
         <value>0xb6e0</value>
         <object_component_ref idref="oc-1f4"/>
      </symbol>
      <symbol id="sm-706">
         <name>___TI_enable_exit_profile_output</name>
         <value>0xdff4</value>
         <object_component_ref idref="oc-1ca"/>
      </symbol>
      <symbol id="sm-707">
         <name>__cleanup_ptr</name>
         <value>0xdfec</value>
         <object_component_ref idref="oc-1ca"/>
      </symbol>
      <symbol id="sm-708">
         <name>__dtors_ptr</name>
         <value>0xdff0</value>
         <object_component_ref idref="oc-1ca"/>
      </symbol>
      <symbol id="sm-712">
         <name>_memcpy</name>
         <value>0x9be0</value>
         <object_component_ref idref="oc-1d9"/>
      </symbol>
   </symbol_table>
</link_info>
