******************************************************************************
               TMS320C6x Linker PC v7.4.20                     
******************************************************************************
>> Linked Thu Dec 15 11:51:16 2016

OUTPUT FILE NAME:   <SystemIdentification.out>
ENTRY POINT SYMBOL: "_c_int00"  address: 0000e3e0


MEMORY CONFIGURATION

         name            origin    length      used     unused   attr    fill
----------------------  --------  ---------  --------  --------  ----  --------
  IRAM                  00000000   0003f000  0000fd9d  0002f263  RWIX
  MyBuffers             0003f000   00001000  00000fa0  00000060  RWIX
  SDRAM                 80000000   00800000  00008000  007f8000  RWIX


SECTION ALLOCATION MAP

 output                                  attributes/
section   page    origin      length       input sections
--------  ----  ----------  ----------   ----------------
.prd       0    00000000    00000000     UNINITIALIZED

.data      0    00000000    00000000     UNINITIALIZED

.vers      0    00000000    0000004c     COPY SECTION
                  00000000    0000004c     SystemIdentificationcfg.obj (.vers)

.hwi_vec   0    00000000    00000200     
                  00000000    00000200     SystemIdentificationcfg.obj (.hwi_vec)

.bios      0    00000200    00004220     
                  00000200    00000600     lnkrtdx.a67 : rtdx.o67 (.bios)
                  00000800    000005e0     bios.a67 : gbl_setL2CacheMode.o67 (.bios)
                  00000de0    00000540              : swi.o67 (.bios)
                  00001320    00000460              : hwi_disp_asm.o67 (.bios)
                  00001780    000003a0              : prd.o67 (.bios)
                  00001b20    000002c0              : knl_run.o67 (.bios)
                  00001de0    000002c0              : rta.o67 (.bios)
                  000020a0    000002c0              : sem_pend.o67 (.bios)
                  00002360    00000260              : knl_tick.o67 (.bios)
                  000025c0    00000240              : pip.o67 (.bios)
                  00002800    00000220              : sem_dopo.o67 (.bios)
                  00002a20    00000200              : tsk_setu.o67 (.bios)
                  00002c20    000001c0              : knl_swit.o67 (.bios)
                  00002de0    000001c0     biosC6000.a67 : clk.o67 (.bios)
                  00002fa0    000001a0     bios.a67 : tsk_exit.o67 (.bios)
                  00003140    00000180              : autoinit.o67 (.bios)
                  000032c0    00000180              : tsk_stup.o67 (.bios)
                  00003440    00000140              : knl_chec.o67 (.bios)
                  00003580    000000e0              : gbl_cslcacheinit.o67 (.bios)
                  00003660    000000e0              : knl_exit.o67 (.bios)
                  00003740    000000e0              : sem_post.o67 (.bios)
                  00003820    000000e0              : sem_post_asm.o67 (.bios)
                  00003900    000000e0     biosC6000.a67 : clk_meas.o67 (.bios)
                  000039e0    000000c0     bios.a67 : knl_ipos.o67 (.bios)
                  00003aa0    000000c0              : knl_post.o67 (.bios)
                  00003b60    000000c0              : lck.o67 (.bios)
                  00003c20    000000c0              : sys_exit.o67 (.bios)
                  00003ce0    000000c0     biosC6000.a67 : clk_htime.o67 (.bios)
                  00003da0    00000080     bios.a67 : fxn.o67 (.bios)
                  00003e20    00000080              : idl_busy.o67 (.bios)
                  00003ea0    00000080              : log.o67 (.bios)
                  00003f20    00000080              : sts.o67 (.bios)
                  00003fa0    00000080     biosC6000.a67 : idl_cal.o67 (.bios)
                  00004020    00000060     bios.a67 : hwi_c.o67 (.bios)
                  00004080    00000060              : sem_pend_binary.o67 (.bios)
                  000040e0    00000060              : sem_pend_counting.o67 (.bios)
                  00004140    00000060              : sys_abor.o67 (.bios)
                  000041a0    00000060              : utl_putc.o67 (.bios)
                  00004200    00000060     biosC6000.a67 : clk_start.o67 (.bios)
                  00004260    00000040     bios.a67 : idl_stub.o67 (.bios)
                  000042a0    00000040              : rta_andn.o67 (.bios)
                  000042e0    00000040              : utl_doab.o67 (.bios)
                  00004320    00000040     biosC6000.a67 : clk_stop.o67 (.bios)
                  00004360    00000020     bios.a67 : fxn_c.o67 (.bios)
                  00004380    00000020              : gbl_vers.o67 (.bios)
                  000043a0    00000020              : idl.o67 (.bios)
                  000043c0    00000020              : sts_set.o67 (.bios)
                  000043e0    00000020              : utl_doer.o67 (.bios)
                  00004400    00000020              : utl_halt.o67 (.bios)

.stack     0    00004420    00004000     UNINITIALIZED
                  00004420    00004000     --HOLE--

.text      0    00008420    000033a0     
                  00008420    00000e60     skeleton.obj (.text)
                  00009280    00000480     dsk6713bsl.lib : dsk6713.obj (.text)
                  00009700    00000280     csl6713.lib : csl_edma.obj (.text:_EDMA_open)
                  00009980    00000260     config_AIC23.obj (.text)
                  00009be0    00000240     rts6700.lib : memcpy62.obj (.text:_memcpy)
                  00009e20    00000220     csl6713.lib : csl.obj (.text:__CSL_init)
                  0000a040    000001e0     dsk6713bsl.lib : dsk6713_led.obj (.text)
                  0000a220    000001c0     csl6713.lib : csl_irq.obj (.text:_IRQ_map)
                  0000a3e0    000001c0                 : csl_irq.obj (.text:_mux2Tables)
                  0000a5a0    000001a0                 : csl_edma.obj (.text:_EDMA_allocTable)
                  0000a740    000001a0                 : csl_mcbsp.obj (.text:_MCBSP_reset)
                  0000a8e0    00000180     bios.a67 : gbl_cslpllinit62.o67 (.text)
                  0000aa60    00000160     rts6700.lib : sinit.obj (.text:_call_dtors)
                  0000abc0    00000140     csl6713.lib : csl_edma.obj (.text:_EDMA_reset)
                  0000ad00    00000140                 : csl_timer.obj (.text:_TIMER_open)
                  0000ae40    00000120                 : csl_timer.obj (.text:_TIMER_reset)
                  0000af60    00000100                 : csl_edma.obj (.text:_EDMA_intAlloc)
                  0000b060    00000100                 : csl_mcbsp.obj (.text:_MCBSP_open)
                  0000b160    00000100                 : csl_mcbsp.obj (.text:_MCBSP_start)
                  0000b260    000000e0     rts6700.lib : strasg.obj (.text:__strasg)
                  0000b340    000000e0                 : atexit.obj (.text:_atexit)
                  0000b420    000000c0     bios.a67 : tsk_stup.o67 (.text)
                  0000b4e0    000000a0     csl6713.lib : csl_irq.obj (.text:__IRQ_init)
                  0000b580    000000a0                 : csl_irq.obj (.text:_setMux)
                  0000b620    00000060                 : csl_edma.obj (.text:_EDMA_disableChannel)
                  0000b680    00000060                 : csl_edma.obj (.text:_EDMA_enableChannel)
                  0000b6e0    00000040     rts6700.lib : sinit.obj (.text:___add_dtor)
                  0000b720    00000020     csl6713.lib : csl.obj (.text:_CSL6713_LIB_)
                  0000b740    00000020     rts6700.lib : _lock.obj (.text:__nop)
                  0000b760    00000020                 : _lock.obj (.text:__register_lock)
                  0000b780    00000020                 : _lock.obj (.text:__register_unlock)
                  0000b7a0    00000020     csl6713.lib : csl_irq.obj (.text)

.cinit     0    0000b7c0    0000138c     
                  0000b7c0    000007ec     SystemIdentificationcfg.obj (.cinit)
                  0000bfac    00000004     --HOLE-- [fill = 0]
                  0000bfb0    0000026c     bios.a67 : biosdata.o67 (.cinit)
                  0000c21c    00000004     --HOLE-- [fill = 0]
                  0000c220    000001a4              : knl.o67 (.cinit)
                  0000c3c4    00000004     --HOLE-- [fill = 0]
                  0000c3c8    0000012c     csl6713.lib : csl_irq.obj (.cinit)
                  0000c4f4    00000004     --HOLE-- [fill = 0]
                  0000c4f8    000000b0     bios.a67 : swi.o67 (.cinit)
                  0000c5a8    000000a4     skeleton.obj (.cinit)
                  0000c64c    00000004     --HOLE-- [fill = 0]
                  0000c650    00000080     bios.a67 : tsk.o67 (.cinit)
                  0000c6d0    00000070     csl6713.lib : csl_edma.obj (.cinit)
                  0000c740    00000060     bios.a67 : tsk_stup.o67 (.cinit)
                  0000c7a0    0000005c     lnkrtdx.a67 : rtdx.o67 (.cinit)
                  0000c7fc    00000004     --HOLE-- [fill = 0]
                  0000c800    00000054     csl6713.lib : csl_mcbsp.obj (.cinit)
                  0000c854    00000004     --HOLE-- [fill = 0]
                  0000c858    0000004c     bios.a67 : rta.o67 (.cinit)
                  0000c8a4    00000004     --HOLE-- [fill = 0]
                  0000c8a8    0000004c     csl6713.lib : csl_timer.obj (.cinit)
                  0000c8f4    00000004     --HOLE-- [fill = 0]
                  0000c8f8    0000004c     rtdx.lib : buffer1.o62 (.cinit)
                  0000c944    00000004     --HOLE-- [fill = 0]
                  0000c948    00000048     config_AIC23.obj (.cinit)
                  0000c990    0000003c     csl6713.lib : csl.obj (.cinit)
                  0000c9cc    00000004     --HOLE-- [fill = 0]
                  0000c9d0    00000034     bios.a67 : hwi.o67 (.cinit)
                  0000ca04    00000004     --HOLE-- [fill = 0]
                  0000ca08    0000002c              : utl_putc.o67 (.cinit)
                  0000ca34    00000004     --HOLE-- [fill = 0]
                  0000ca38    0000002c     rts6700.lib : exit.obj (.cinit)
                  0000ca64    00000004     --HOLE-- [fill = 0]
                  0000ca68    00000024     bios.a67 : obj_init.o67 (.cinit)
                  0000ca8c    00000004     --HOLE-- [fill = 0]
                  0000ca90    0000001c              : sys.o67 (.cinit)
                  0000caac    00000004     --HOLE-- [fill = 0]
                  0000cab0    0000001c     rts6700.lib : _lock.obj (.cinit)
                  0000cacc    00000004     --HOLE-- [fill = 0]
                  0000cad0    0000001c                 : atexit.obj (.cinit)
                  0000caec    00000004     --HOLE-- [fill = 0]
                  0000caf0    00000018     bios.a67 : knl_tick.o67 (.cinit)
                  0000cb08    0000000c              : gbl_setL2CacheMode.o67 (.cinit)
                  0000cb14    00000004     --HOLE-- [fill = 0]
                  0000cb18    0000000c              : idl_busy.o67 (.cinit)
                  0000cb24    00000004     --HOLE-- [fill = 0]
                  0000cb28    0000000c              : knl_swit.o67 (.cinit)
                  0000cb34    00000004     --HOLE-- [fill = 0]
                  0000cb38    0000000c     rts6700.lib : sinit.obj (.cinit)
                  0000cb44    00000004     --HOLE-- [fill = 0]
                  0000cb48    00000004     (.pad.cinit) [fill = 0]

.hst1      0    0000cb4c    00000010     UNINITIALIZED
                  0000cb4c    00000010     SystemIdentificationcfg.obj (.hst1)

.args      0    0000cb5c    00000004     
                  0000cb5c    00000004     --HOLE-- [fill = 0]

.rtdx_text 
*          0    0000cb60    00000ea0     
                  0000cb60    00000400     rtdx.lib : rtdx_mon.o62 (.rtdx_text:_RTDX_Poll)
                  0000cf60    00000340              : buffer1.o62 (.rtdx_text:_RTDX_Buffer_WriteCB)
                  0000d2a0    00000300              : buffer1.o62 (.rtdx_text:_RTDX_write_next)
                  0000d5a0    00000140              : rtdx_mon.o62 (.rtdx_text:_RTDX_Mon_Queue)
                  0000d6e0    000000e0              : buffer1.o62 (.rtdx_text:_claim)
                  0000d7c0    00000080              : rtdx_mon.o62 (.rtdx_text:_RTDX_Init_RT_Monitor)
                  0000d840    00000060              : buffer1.o62 (.rtdx_text:_RTDX_Buffer_Initialize)
                  0000d8a0    00000060              : buffer2.o62 (.rtdx_text:_RTDX_Buffer_ReadCB)
                  0000d900    00000040              : buffer1.o62 (.rtdx_text:_RTDX_Buffer_Size)
                  0000d940    00000040              : rtdx_mon.o62 (.rtdx_text:_RTDX_Final_RT_Monitor)
                  0000d980    00000020              : buffer2.o62 (.rtdx_text:_RTDX_Buffer_Read)
                  0000d9a0    00000020              : buffer1.o62 (.rtdx_text:_RTDX_Buffer_Write)
                  0000d9c0    00000020              : rtdx_mon.o62 (.rtdx_text:_RTDX_checksum)
                  0000d9e0    00000020              : intr_tgt.o62 (.rtdx_text)

.far       0    0000da00    00000608     UNINITIALIZED
                  0000da00    00000188     rts6700.lib : atexit.obj (.far)
                  0000db88    000000f4     csl6713.lib : csl_irq.obj (.far)
                  0000dc7c    000000d8     bios.a67 : knl.o67 (.far)
                  0000dd54    0000005c              : tsk.o67 (.far)
                  0000ddb0    00000054              : obj_init.o67 (.far)
                  0000de04    00000054     csl6713.lib : csl_edma.obj (.far)
                  0000de58    00000050     bios.a67 : tsk_stup.o67 (.far)
                  0000dea8    00000050     skeleton.obj (.far)
                  0000def8    00000038     csl6713.lib : csl_mcbsp.obj (.far)
                  0000df30    00000034     config_AIC23.obj (.far)
                  0000df64    00000028     csl6713.lib : csl.obj (.far)
                  0000df8c    00000024                 : csl_timer.obj (.far)
                  0000dfb0    00000020     bios.a67 : sys.o67 (.far)
                  0000dfd0    00000010              : knl_tick.o67 (.far)
                  0000dfe0    0000000c              : utl_putc.o67 (.far)
                  0000dfec    0000000c     rts6700.lib : exit.obj (.far)
                  0000dff8    00000008                 : _lock.obj (.far)
                  0000e000    00000004                 : sinit.obj (.far)
                  0000e004    00000002     dsk6713bsl.lib : dsk6713.obj (.far)
                  0000e006    00000002                    : dsk6713_led.obj (.far)

.log       0    0000e008    00000018     
                  0000e008    00000018     SystemIdentificationcfg.obj (.log)

.sysinit   0    0000e020    00000520     
                  0000e020    000002e0     SystemIdentificationcfg.obj (.sysinit)
                  0000e300    000000e0     bios.a67 : mem_init.o67 (.sysinit)
                  0000e3e0    000000c0              : boot.o67 (.sysinit)
                  0000e4a0    00000080              : tsk_init.o67 (.sysinit)
                  0000e520    00000020              : obj_init.o67 (.sysinit)

.rtdx_data 
*          0    0000e540    0000044c     UNINITIALIZED
                  0000e540    00000410     SystemIdentificationcfg.obj (.rtdx_data)
                  0000e950    00000020     rtdx.lib : buffer1.o62 (.rtdx_data)
                  0000e970    0000001c              : rtdx_mon.o62 (.rtdx_data)

.mem       0    0000e98c    00000004     UNINITIALIZED
                  0000e98c    00000004     SystemIdentificationcfg.obj (.mem)

.TSK_idle$stk 
*          0    0000e990    00000400     UNINITIALIZED
                  0000e990    00000400     SystemIdentificationcfg.obj (.TSK_idle$stk)

.led_toggle_tsk$stk 
*          0    0000ed90    00000400     UNINITIALIZED
                  0000ed90    00000400     SystemIdentificationcfg.obj (.led_toggle_tsk$stk)

.bss       0    0000f190    00000384     UNINITIALIZED
                  0000f190    00000100     bios.a67 : hwi_disp_asm.o67 (.bss)
                  0000f290    000000cc              : biosdata.o67 (.bss)
                  0000f35c    0000009c              : swi.o67 (.bss)
                  0000f3f8    00000048              : knl.o67 (.bss)
                  0000f440    00000040     skeleton.obj (.bss)
                  0000f480    00000028     SystemIdentificationcfg.obj (.bss)
                  0000f4a8    00000018     bios.a67 : hwi.o67 (.bss)
                  0000f4c0    00000018     lnkrtdx.a67 : rtdx.o67 (.bss)
                  0000f4d8    00000010     rtdx.lib : buffer1.o62 (.bss)
                  0000f4e8    0000000c     bios.a67 : tsk.o67 (.bss)
                  0000f4f4    00000008              : clk_data.o67 (.bss)
                  0000f4fc    00000008              : sys.o67 (.bss)
                  0000f504    00000004              : clk_data2.o67 (.bss)
                  0000f508    00000004              : gbl_setL2CacheMode.o67 (.bss)
                  0000f50c    00000004              : idl_busy.o67 (.bss)
                  0000f510    00000004              : mem_asm.o67 (.bss)

.trace     0    0000f514    00000200     
                  0000f514    00000200     --HOLE-- [fill = 00000000]

.pip       0    0000f714    000000c8     UNINITIALIZED
                  0000f714    000000c8     SystemIdentificationcfg.obj (.pip)

.idl       0    0000f7dc    00000010     UNINITIALIZED
                  0000f7dc    00000010     SystemIdentificationcfg.obj (.idl)

.idlcal    0    0000f7ec    00000010     UNINITIALIZED
                  0000f7ec    00000010     SystemIdentificationcfg.obj (.idlcal)

.LOG_system$buf 
*          0    0000f800    00000100     UNINITIALIZED
                  0000f800    00000100     SystemIdentificationcfg.obj (.LOG_system$buf)

.hst0      0    0000f900    00000100     UNINITIALIZED
                  0000f900    00000100     SystemIdentificationcfg.obj (.hst0)

.tsk       0    0000fa00    000000c0     UNINITIALIZED
                  0000fa00    000000c0     SystemIdentificationcfg.obj (.tsk)

.const     0    0000fac0    000000b5     
                  0000fac0    0000004e     bios.a67 : tsk_stup.o67 (.const)
                  0000fb0e    00000023              : utl_doab.o67 (.const)
                  0000fb31    00000022              : utl_doer.o67 (.const)
                  0000fb53    00000001     --HOLE-- [fill = 0]
                  0000fb54    00000020     dsk6713bsl.lib : dsk6713.obj (.const)
                  0000fb74    00000001     bios.a67 : tsk.o67 (.const)

.printf    0    0000fb75    000000a7     COPY SECTION
                  0000fb75    000000a7     SystemIdentificationcfg.obj (.printf)

.swi       0    0000fb78    000000b0     UNINITIALIZED
                  0000fb78    000000b0     SystemIdentificationcfg.obj (.swi)

.sts       0    0000fc28    00000070     
                  0000fc28    00000070     SystemIdentificationcfg.obj (.sts)

.gblinit   0    0000fc98    0000004c     
                  0000fc98    0000004c     SystemIdentificationcfg.obj (.gblinit)

.hst       0    0000fce4    0000003c     UNINITIALIZED
                  0000fce4    0000003c     SystemIdentificationcfg.obj (.hst)

.sem       0    0000fd20    0000002c     UNINITIALIZED
                  0000fd20    0000002c     SystemIdentificationcfg.obj (.sem)

.switch    0    0000fd4c    00000028     
                  0000fd4c    00000028     rtdx.lib : rtdx_mon.o62 (.switch)

.sys       0    0000fd74    00000010     UNINITIALIZED
                  0000fd74    00000010     SystemIdentificationcfg.obj (.sys)

.pinit     0    0000fd84    0000000c     
                  0000fd84    00000004     rtdx.lib : buffer1.o62 (.pinit)
                  0000fd88    00000004              : rtdx_mon.o62 (.pinit)
                  0000fd8c    00000004     --HOLE-- [fill = 0]

.trcdata   0    0000fd90    0000000c     
                  0000fd90    0000000c     bios.a67 : trc.o67 (.trcdata)

.clk       0    0000fd9c    00000008     UNINITIALIZED
                  0000fd9c    00000008     SystemIdentificationcfg.obj (.clk)

.datenpuffer 
*          0    0003f000    00000fa0     UNINITIALIZED
                  0003f000    00000fa0     skeleton.obj (.datenpuffer)

.SDRAM$heap 
*          0    80000000    00008000     UNINITIALIZED
                  80000000    00008000     --HOLE--


GLOBAL SYMBOLS: SORTED ALPHABETICALLY BY Name 

address    name
--------   ----
0000f190   $bss
0000f190   .bss
00000000   .data
00008420   .text
0000e1dc   BIOS$$CLKOFF
0000e19c   BIOS$$CLKON
0000e020   BIOS_init
0000e244   BIOS_start
00000000   BUF$
00000001   BUF_ENABLED
00000001   CLK$
0000fd9c   CLK_A_TABBEG
00000001   CLK_CALDIV
00000004   CLK_CALMULT
0000dbba   CLK_COUNTSPMS
00000000   CLK_COUNTSPMSHIGH
0000f2b8   CLK_D_idletime
0000f2b4   CLK_D_isrhook
0000f2b0   CLK_D_tabbeg
0000f2ac   CLK_D_timefxn
00003ce0   CLK_F_getfhtime
00003d00   CLK_F_gethtime
00002de0   CLK_F_getltime
00003d00   CLK_F_getshtime
00002df4   CLK_F_isr
00002f54   CLK_F_itime
00001320   CLK_HOOKFXN
00000001   CLK_HTIMEDIV
00000004   CLK_HTIMEMULT
0000dbba   CLK_HTIMEPERLTIME
00004000   CLK_INTBIT
00000001   CLK_LTIMEDIV
00036ee8   CLK_LTIMEMULT
000003e8   CLK_MICROSECS
0000dbba   CLK_PRD
00000000   CLK_PRDHIGH
01940000   CLK_REGS
0000f2a8   CLK_R_time
00000020   CLK_TCR
00000000   CLK_TDDR
00000000   CLK_TDDRHIGH
00003d00   CLK_TIMEFXN
00000000   CLK_TIMERNUM
00000001   CLK_USETIMER
0000fda0   CLK_null
00000000   DEV$
00000000   DGN$
00000000   DHL$
00000000   DHL_gChannelsAvailable
00000000   DIO$
00000000   DIO_NUMSWIBASE
00000000   DIO_NUMTSKBASE
00000000   DIO_STATIC
00000000   DPI$
00003da0   FXN_F_nop
00003da8   FXN_F_run
00003df8   FXN_F_zero
00000001   GBL$
00005205   GBL_A_VERSION
00000000   GBL_BIGENDIAN
00000000   GBL_C641XL2PRIORITY
00000000   GBL_CACHE
00000001   GBL_CALLCSLCFGINIT
00004e20   GBL_CLKIN
00001770   GBL_CLKTYPE
00001a39   GBL_DSPSUBTYPE
0000003e   GBL_DSPTYPE
00000001   GBL_ENABLEINST
00000042   GBL_FOOTPRINT
00036ee8   GBL_FREQ
00002226   GBL_L2ALLOC
00000000   GBL_L2CONFIGALLOC
00000001   GBL_L2CONFIGURE
00000001   GBL_L2MARMASK
00000000   GBL_L2MARMASK1
00000000   GBL_L2MARMASK2
00000000   GBL_L2MARMASK3
00000000   GBL_L2MARMASK4
00000000   GBL_L2MARMASK5
00000000   GBL_L2MODE
00000000   GBL_L2PRIORITY
00000000   GBL_NULL
00000000   GBL_PROCID
00000000   GBL_ROM
00000000   GBL_SUPPORTCSL
0000dbef   GBL_TRCMASKVALUE
00000001   GBL_USERINIT
0000a908   GBL_USERINITFXN
00000001   GBL_boot
0000fd98   GBL_initdone
00004420   GBL_stackbeg
0000841f   GBL_stackend
00000000   GIO$
00004360   GIO_CREATEFXN
00004360   GIO_DELETEFXN
00004360   GIO_PENDFXN
00004360   GIO_POSTFXN
00000000   HOOK$
00000000   HOOK_KNLID
00000001   HST$
0000fce4   HST_A_TABBEG
0000fd20   HST_A_TABEND
00000000   HST_DSM
ffffffff   HST_DSMBUFSEG
00000400   HST_DSMMEMSIZE
0000f324   HST_D_chanmask
0000f328   HST_D_tabbeg
0000f32c   HST_D_tabend
000000ff   HST_MAXFRAMEALLOWED
00000040   HST_MAXFRAMESET
00000000   HST_NONE
00000001   HST_RTDX
00000001   HWI$
00000000   HWI_A_VECS
00004108   HWI_CFGDISPATCHED
0000f4b8   HWI_D_bss
0000f4bc   HWI_D_ccmask
0000f4a8   HWI_D_spsave
00001320   HWI_F_dispatch
00000000   HWI_GENERATE_RESET_VEC
0000000a   HWI_INT10
00000000   HWI_INT10$hwi
0000000b   HWI_INT11
00000000   HWI_INT11$hwi
0000000c   HWI_INT12
00000000   HWI_INT12$hwi
0000000d   HWI_INT13
00000000   HWI_INT13$hwi
0000000e   HWI_INT14
00000000   HWI_INT14$hwi
0000000f   HWI_INT15
00000000   HWI_INT15$hwi
00000004   HWI_INT4
00000000   HWI_INT4$hwi
00000005   HWI_INT5
00000000   HWI_INT5$hwi
00000006   HWI_INT6
00000000   HWI_INT6$hwi
00000007   HWI_INT7
00000000   HWI_INT7$hwi
00000008   HWI_INT8
00000000   HWI_INT8$hwi
00000009   HWI_INT9
00000000   HWI_INT9$hwi
082039a3   HWI_INTRMULTHIGH
310718a4   HWI_INTRMULTLOW
00000001   HWI_NMI
00000000   HWI_NMI$hwi
00000000   HWI_POLARITYMASK
00000002   HWI_RESERVED0
00000000   HWI_RESERVED0$hwi
00000003   HWI_RESERVED1
00000000   HWI_RESERVED1$hwi
00000000   HWI_RESET
00000000   HWI_RESET$hwi
00000001   HWI_ZEROTAB
00000001   IDL$
0000f7ec   IDL_A_CALBEG
0000f7dc   IDL_A_TABBEG
00000006   IDL_CALIBRERROR
00004260   IDL_CALIBRFXN
0000f50c   IDL_D_busyObj
0000f298   IDL_D_calbeg
0000f294   IDL_D_calibrate
0000f290   IDL_D_tabbeg
0000f7e8   IDL_END
0000f7f8   IDL_END$
00003e20   IDL_F_busy
00003fa0   IDL_F_calibrate
000043a0   IDL_F_loop
00004260   IDL_F_stub
00000001   IDL_USECLKIDLTIME
0000fc8c   IDL_busyObj
0000fc17   IDL_busyObj$avgfmt
00000001   IDL_busyObj$filter
00000001   IDL_busyObj$iA
00000000   IDL_busyObj$iB
00000001   IDL_busyObj$iC
0000fc11   IDL_busyObj$maxfmt
00000000   IDL_busyObj$operation
0000fc88   IDL_busyObj$stsobj
0000fc14   IDL_busyObj$sumfmt
00000002   IDL_busyObj$unittype
0000f7dc   IDL_cpuLoad
0000f7ec   IDL_cpuLoad$
ffffffff   IRAM
00000001   ISRC$
00002da0   KNL_glue
0000fb78   KNL_swi
00000001   KNL_swi$dorta
00000002   KNL_swi$ord
00000000   KNL_swi$pri
0000fc2c   KNL_swi$sts
0000fb85   KNL_swi$sts$avgfmt
00000002   KNL_swi$sts$filter
00000001   KNL_swi$sts$filtmaxmult
00000001   KNL_swi$sts$filtsummult
0000fb75   KNL_swi$sts$maxfmt
0000fc28   KNL_swi$sts$stsobj
0000fb7d   KNL_swi$sts$sumfmt
00000000   KNL_swi$sts$unittype
00000000   KNL_swi$swi
00000001   LCK$
0000fbfc   LEDToggle_SWI
00000001   LEDToggle_SWI$dorta
00000006   LEDToggle_SWI$ord
00000008   LEDToggle_SWI$pri
0000fc5c   LEDToggle_SWI$sts
0000fbd3   LEDToggle_SWI$sts$avgfmt
00000002   LEDToggle_SWI$sts$filter
00000001   LEDToggle_SWI$sts$filtmaxmult
00000001   LEDToggle_SWI$sts$filtsummult
0000fbc3   LEDToggle_SWI$sts$maxfmt
0000fc58   LEDToggle_SWI$sts$stsobj
0000fbcb   LEDToggle_SWI$sts$sumfmt
00000000   LEDToggle_SWI$sts$unittype
00000000   LEDToggle_SWI$swi
00000200   LNK_F_checkBufferCall
00000280   LNK_F_dataPump
00000220   LNK_F_getChanPtr
00000278   LNK_F_init
000007c4   LNK_F_readCallBack
0000f7e0   LNK_dataPump
0000f7f0   LNK_dataPump$
0000f4c4   LNK_dspFrameReadyMask
0000f4c0   LNK_dspFrameRequestMask
00000520   LNK_newin
00000660   LNK_newout
00000294   LNK_rcloop
00000360   LNK_rdrtry
0000f4cc   LNK_readDone
0000f4d0   LNK_readFail
0000f4c8   LNK_readPend
00000370   LNK_rrloop
0000f4d4   LNK_writeFail
00000444   LNK_wrloop
00000434   LNK_wrrtry
00000001   LOG$
0000e008   LOG_A_TABBEG
0000e020   LOG_A_TABEND
00000001   LOG_A_TABLEN
0000f29c   LOG_D_system
00000001   LOG_ENABLED
00003ea0   LOG_F_event
0000e008   LOG_system
0000f800   LOG_system$buf
00000000   LOG_system$datatype
00000000   LOG_system$log
00000040   LOG_system$size
00000000   MBX$
00000001   MEM$
0000f48c   MEM_MALLOCSEG
00000000   MEM_NULL
0000f48c   MEM_SEGZERO
00000000   MEM_USEMPC
00000001   MEM_gNumHeap
00000000   MSGQ$
00000000   MSGQ_USEMSGQ
ffffffff   MyBuffers
00000000   OBJ$
00000000   PIP$
0000f714   PIP_A_TABBEG
0000f7dc   PIP_A_TABEND
00000002   PIP_A_TABLEN
0000f2a0   PIP_D_tabbeg
0000f2a4   PIP_D_tablen
00002654   PIP_F_give
00002654   PIP_F_probe
00002728   PIP_F_start
000025c0   PIP_F_take
00000064   PIP_OBJSIZE
00000000   PIP_gNextId
00000002   PIP_gNumEmbed
00000000   POOL$
00000000   POOL_USEPOOL
00000001   PRD$
00000000   PRD_A_TABBEG
00000000   PRD_A_TABEND
00000000   PRD_A_TABLEN
0000f2e0   PRD_D_cur
0000f2e4   PRD_D_elapsed
0000f2e8   PRD_D_prevtim
0000f2ec   PRD_D_scalar
0000f2f0   PRD_D_swihandle
0000f2f4   PRD_D_tabbeg
0000f2f8   PRD_D_tablen
0000f2fc   PRD_D_thook
0000f2dc   PRD_D_tick
00001780   PRD_F_swi
00001a40   PRD_F_tick
00004000   PRD_SCALAR
00000000   PRD_SWIHANDLE
000025a0   PRD_THOOKFXN
0000fd9c   PRD_clock
00000001   QUE$
0000f300   RTA_D_fromHost
0000f308   RTA_D_logval
0000f318   RTA_D_stsval
0000f304   RTA_D_toHost
000042a0   RTA_F_andn
00001ed8   RTA_F_dispatch
00001de0   RTA_F_getlog
00001e24   RTA_F_getsts
000042c0   RTA_F_or
00001e6c   RTA_F_readblk
00001e98   RTA_F_resetmem
00001e8c   RTA_F_writeword
0000f7e4   RTA_dispatcher
0000f7f4   RTA_dispatcher$
00001f28   RTA_execute
0000fce8   RTA_fromHost
0000cb4c   RTA_fromHost$buf
00000004   RTA_fromHost$framesize
00000000   RTA_fromHost$hst
00000001   RTA_fromHost$id
00000000   RTA_fromHost$mode
0000f714   RTA_fromHost$pipe
0000f744   RTA_fromHost$pipe$aaa
0000f774   RTA_fromHost$pipe$bbb
0000f490   RTA_fromHost$pipe$dtab
0000f718   RTA_fromHost$pipe$rd
0000f748   RTA_fromHost$pipe$wr
0000fcf0   RTA_fromHost$rtdx
0000fd04   RTA_toHost
0000f900   RTA_toHost$buf
00000040   RTA_toHost$framesize
00000000   RTA_toHost$hst
00000000   RTA_toHost$id
00000001   RTA_toHost$mode
0000f778   RTA_toHost$pipe
0000f7a8   RTA_toHost$pipe$aaa
0000f7d8   RTA_toHost$pipe$bbb
0000f49c   RTA_toHost$pipe$dtab
0000f77c   RTA_toHost$pipe$rd
0000f7ac   RTA_toHost$pipe$wr
0000fd0c   RTA_toHost$rtdx
00000001   RTDX$
00000408   RTDX_BUFMEMSIZE
ffffffff   RTDX_DATAMEMSEG
00000000   RTDX_MODE
00000001   RTDX_NORMALIZED_HDR
00000001   RTDX_USERTDX
00000000   RTDX_USERTEXECUTION
0000f48c   SDRAM
80000000   SDRAM$B
00008000   SDRAM$L
00000001   SEM$
0000fd2c   SEM_LEDToggle
00000000   SIO$
00000001   STS$
0000fc28   STS_A_TABBEG
0000fc98   STS_A_TABEND
00003f58   STS_F_add
00003f20   STS_F_delta
00003f84   STS_F_reset
00000001   SWI$
0000fb78   SWI_A_TABBEG
0000fc28   SWI_A_TABEND
00000004   SWI_A_TABLEN
0000f374   SWI_D_curfxn
0000f364   SWI_D_curmask
0000f370   SWI_D_curmbox
0000f368   SWI_D_curset
0000f360   SWI_D_execaddr
0000f37c   SWI_D_inswi
0000f36c   SWI_D_lock
0000f378   SWI_D_rdybeg
0000f380   SWI_D_rdytab
0000f35c   SWI_D_runaddr
00000000   SWI_EHOOKFXN
00000ffc   SWI_EXECFXN
00000de0   SWI_F_enable
00000ffc   SWI_F_exec
00001028   SWI_F_iexec
00000e50   SWI_F_post
000010b8   SWI_F_run
00000000   SWI_IHOOKFXN
000010b8   SWI_RUNFXN
0000fba4   SWI_process_ping
00000001   SWI_process_ping$dorta
00000004   SWI_process_ping$ord
00000008   SWI_process_ping$pri
0000fc3c   SWI_process_ping$sts
0000fb9f   SWI_process_ping$sts$avgfmt
00000002   SWI_process_ping$sts$filter
00000001   SWI_process_ping$sts$filtmaxmult
00000001   SWI_process_ping$sts$filtsummult
0000fb8f   SWI_process_ping$sts$maxfmt
0000fc38   SWI_process_ping$sts$stsobj
0000fb97   SWI_process_ping$sts$sumfmt
00000000   SWI_process_ping$sts$unittype
00000000   SWI_process_ping$swi
0000fbd0   SWI_process_pong
00000001   SWI_process_pong$dorta
00000005   SWI_process_pong$ord
00000008   SWI_process_pong$pri
0000fc4c   SWI_process_pong$sts
0000fbb9   SWI_process_pong$sts$avgfmt
00000002   SWI_process_pong$sts$filter
00000001   SWI_process_pong$sts$filtmaxmult
00000001   SWI_process_pong$sts$filtsummult
0000fba9   SWI_process_pong$sts$maxfmt
0000fc48   SWI_process_pong$sts$stsobj
0000fbb1   SWI_process_pong$sts$sumfmt
00000000   SWI_process_pong$sts$unittype
00000000   SWI_process_pong$swi
00000001   SYS$
0000fd74   SYS$config
000042e0   SYS_ABORTFXN
000043e0   SYS_ERRORFXN
00004400   SYS_EXITFXN
000041a0   SYS_PUTCFXN
0000fd94   TRC_R_mask
0000fd90   TRC_cinit
00000001   TSK$
00000000   TSK_NUM_HOOKS
00000001   TSK_PRIORITY
00000000   TSK_READYFXN
00000000   TSK_STACKSEG
00000400   TSK_STACKSIZE
00000000   TSK_SWITCHFXN
00004360   TSK_VCREATEFXN
00004360   TSK_VDELETEFXN
00004360   TSK_VEXITFXN
0000fa0c   TSK_idle
00000000   TSK_idle$ord
00000000   TSK_idle$pri
0000e990   TSK_idle$stack
0000ed28   TSK_idle$stkptr
0000fc6c   TSK_idle$sts
0000fbed   TSK_idle$sts$avgfmt
00000002   TSK_idle$sts$filter
00000001   TSK_idle$sts$filtmaxmult
00000001   TSK_idle$sts$filtsummult
0000fbdd   TSK_idle$sts$maxfmt
0000fc68   TSK_idle$sts$stsobj
0000fbe5   TSK_idle$sts$sumfmt
00000000   TSK_idle$sts$unittype
00000000   TSK_idle$tsk
00000000   UDEV$
0000e020   _BIOS_init
0000e244   _BIOS_start
0003f000   _Buffer_in_ping
0003f3e8   _Buffer_in_pong
0003f7d0   _Buffer_out_ping
0003fbb8   _Buffer_out_pong
0000dbba   _CLK_COUNTSPMS
0000f4f4   _CLK_DFLTMICROSECS
0000f2d8   _CLK_D_countspms
0000f2cc   _CLK_D_dirty
0000f4f8   _CLK_D_microseconds
0000f2d0   _CLK_D_prd
0000f2d4   _CLK_D_tddr
00002f54   _CLK_F_itime
0000dbba   _CLK_PRD
01940000   _CLK_REGS
00000000   _CLK_TDDR
00000000   _CLK_TIMERNUM
00000001   _CLK_USETIMER
0000f2bc   _CLK_htimeDiv
0000f2c0   _CLK_htimeMult
0000f504   _CLK_htimePerLtime
00002f54   _CLK_itime
0000f2c4   _CLK_ltimeDiv
0000f2c8   _CLK_ltimeMult
00003900   _CLK_measure
00004200   _CLK_start
00004320   _CLK_stop
0000b720   _CSL6713_LIB_
000099ec   _Config_DSK6713_AIC23
0000a040   _DSK6713_LED_init
0000a080   _DSK6713_LED_off
0000a0f0   _DSK6713_LED_on
0000a160   _DSK6713_LED_toggle
00009694   _DSK6713_getVersion
000092cc   _DSK6713_init
000095e8   _DSK6713_rget
000095fc   _DSK6713_rset
0000e004   _DSK6713_version
00009610   _DSK6713_wait
00009668   _DSK6713_waitusec
0000a5a0   _EDMA_allocTable
0000b620   _EDMA_disableChannel
0000b680   _EDMA_enableChannel
0000af60   _EDMA_intAlloc
000090f8   _EDMA_interrupt_service
00009700   _EDMA_open
0000abc0   _EDMA_reset
00004360   _FXN_F_nop
00003da8   _FXN_F_run
00003df8   _FXN_F_zero
00000000   _GBL_CACHE
0000f334   _GBL_clkIn
00003580   _GBL_cslCacheInit
0000f338   _GBL_freq
00004380   _GBL_getVersion
0000f330   _GBL_procId
0000a908   _GBL_setPLLto225MHz
0000fce4   _HST_A_TABBEG
0000fd20   _HST_A_TABEND
00004108   _HWI_CFGDISPATCHED
0000f4b4   _HWI_D_inhwi
0000f4a8   _HWI_D_spsave
00001320   _HWI_F_dispatch
0000000a   _HWI_INT10
0000000b   _HWI_INT11
0000000c   _HWI_INT12
0000000d   _HWI_INT13
0000000e   _HWI_INT14
0000000f   _HWI_INT15
00000004   _HWI_INT4
00000005   _HWI_INT5
00000006   _HWI_INT6
00000007   _HWI_INT7
00000008   _HWI_INT8
00000009   _HWI_INT9
00000001   _HWI_NMI
00000002   _HWI_RESERVED0
00000003   _HWI_RESERVED1
00000000   _HWI_RESET
00008418   _HWI_STKBOTTOM
00004420   _HWI_STKTOP
0000f4a8   _HWI_data
00004020   _HWI_disable
0000f190   _HWI_dispatchTab
00004038   _HWI_enable
0000404c   _HWI_restore
0000fc8c   _IDL_busyObj
0000f7dc   _IDL_cpuLoad
000043a0   _IDL_loop
ffffffff   _IRAM
0000a220   _IRQ_map
0000f400   _KNL_alarm
00003440   _KNL_check
0000f424   _KNL_curqueue
0000f414   _KNL_curtask
0000f41c   _KNL_curtime
0000dd1c   _KNL_dummy
000036b4   _KNL_enter
00003660   _KNL_exit
00003518   _KNL_idle
0000f43c   _KNL_idlefxn
0000f408   _KNL_inactive
000039e0   _KNL_ipost
0000353c   _KNL_max
0000f428   _KNL_maxqueue
00003aa0   _KNL_post
0000f418   _KNL_prevtask
0000f40c   _KNL_priority
0000dc7c   _KNL_queues
00001b20   _KNL_run
00002c20   _KNL_saveIsrFrame
0000f410   _KNL_set
0000f404   _KNL_setpri
0000fb78   _KNL_swi
0000f420   _KNL_swiptr
00002cec   _KNL_switch
0000f430   _KNL_tcreatefxn
0000f434   _KNL_tdeletefxn
000025a0   _KNL_tick
0000f438   _KNL_treadyfxn
0000f42c   _KNL_tswitchfxn
0000f3f8   _KNL_wFlag
0000f3fc   _KNL_wList
00003b90   _LCK_pend
00003b60   _LCK_post
0000fbfc   _LEDToggle_SWI
0000f7e0   _LNK_dataPump
0000f4c4   _LNK_dspFrameReadyMask
0000f4c0   _LNK_dspFrameRequestMask
0000f4cc   _LNK_readDone
0000f4d0   _LNK_readFail
0000f4c8   _LNK_readPend
0000f4d4   _LNK_writeFail
0000e008   _LOG_A_TABBEG
0000e020   _LOG_A_TABEND
00000001   _LOG_A_TABLEN
0000f29c   _LOG_D_system
00003ea0   _LOG_event
0000e008   _LOG_system
0000b060   _MCBSP_open
0000a740   _MCBSP_reset
0000b160   _MCBSP_start
0000f510   _MEM
0000f33c   _MEM_D_NUMSEGMENTS
0000f344   _MEM_D_freelist
0000f348   _MEM_D_lockaddr
0000f340   _MEM_D_memtab
0000f34c   _MEM_D_unlockaddr
0000e300   _MEM_init
0000f480   _MEM_memtab
ffffffff   _MyBuffers
0000e520   _OBJ_init
0000dde8   _OBJ_segtab
0000ddb0   _OBJ_table
0000f714   _PIP_A_TABBEG
0000f7dc   _PIP_A_TABEND
0000f2dc   _PRD_D_tick
0000fd9c   _PRD_clock
0000f7e4   _RTA_dispatcher
0000fce8   _RTA_fromHost
0000fd04   _RTA_toHost
0000e540   _RTDX_Buffer
0000e94c   _RTDX_Buffer_End
0000d840   _RTDX_Buffer_Initialize
0000d980   _RTDX_Buffer_Read
0000d8a0   _RTDX_Buffer_ReadCB
0000d900   _RTDX_Buffer_Size
0000e948   _RTDX_Buffer_Start
0000d9a0   _RTDX_Buffer_Write
0000cf60   _RTDX_Buffer_WriteCB
0000d940   _RTDX_Final_RT_Monitor
0000d7c0   _RTDX_Init_RT_Monitor
00000002   _RTDX_JTAGONLY
0000d9e0   _RTDX_Mask_IER
0000d5a0   _RTDX_Mon_Queue
0000cb60   _RTDX_Poll
00000000   _RTDX_interrupt_mask
0000e95c   _RTDX_writing
0000f48c   _SDRAM
80000000   _SDRAM_base
00008000   _SDRAM_length
0000fd2c   _SEM_LEDToggle
000040e0   _SEM_pend
00004080   _SEM_pendBinary
000020a0   _SEM_pendEnterKnl
00003820   _SEM_post
00003820   _SEM_postBinary
00003740   _SEM_postEnterKnl
0000fc28   _STS_A_TABBEG
0000fc98   _STS_A_TABEND
00003f58   _STS_add
00003f20   _STS_delta
00003f84   _STS_reset
000043c0   _STS_set
0000f374   _SWI_D_curfxn
0000f364   _SWI_D_curmask
0000f368   _SWI_D_curset
0000f360   _SWI_D_execaddr
0000f37c   _SWI_D_inswi
0000f36c   _SWI_D_lock
0000f378   _SWI_D_rdybeg
0000f35c   _SWI_D_runaddr
000090e8   _SWI_LEDToggle
0000f35c   _SWI_data
00000e50   _SWI_post
0000fba4   _SWI_process_ping
0000fbd0   _SWI_process_pong
0000f350   _SYS
0000f514   _SYS_PUTCBEG
0000f713   _SYS_PUTCEND
00004140   _SYS_abort
00003c20   _SYS_exit
0000dfb0   _SYS_exitStack
0000f4fc   _SYS_exitStackPtr
0000f500   _SYS_exitStackTop
0000ad00   _TIMER_open
0000ae40   _TIMER_reset
0000fd94   _TRC_R_mask
0000f4f0   _TSK
0000dd54   _TSK_ATTRS
0000dd70   _TSK_config
00002fa0   _TSK_exit
0000fa0c   _TSK_idle
0000e4a0   _TSK_init
0000f4e8   _TSK_nTasks
0000f4ec   _TSK_pid
00002a20   _TSK_setup
00003380   _TSK_startup
0000dd90   _TSK_timerSem
000042e0   _UTL_doAbort
000043e0   _UTL_doError
000041a0   _UTL_doPutc
00004400   _UTL_halt
00002f70   __CLK_lat1beg
00002f9c   __CLK_lat1end
00009e20   __CSL_init
00000c34   __GBL_setL2CacheMode
0000f358   __HOOK_NUMHOOKS
0000f354   __HOOK_knlId
00001320   __HWI_lat1beg
000014a0   __HWI_lat1end
000014a0   __HWI_lat2beg
00001640   __HWI_lat2end1
000015cc   __HWI_lat2end2
00001660   __HWI_lat3beg
00001760   __HWI_lat3end1
000015fc   __HWI_lat3end2
00003e20   __IDL_lat1beg
00003e70   __IDL_lat1end
0000dc74   __IRQ_dispatchTable
0000dbb0   __IRQ_eventTable
0000b7a0   __IRQ_hookFetchPacket
0000b4e0   __IRQ_init
0000dc34   __IRQ_intTable
00003490   __KNL_lat1beg
00003518   __KNL_lat1end
00003ea0   __LOG_lat1beg
0000df28   __MCBSP_hDev0
0000df2c   __MCBSP_hDev1
0000de80   __MEM_mutex
00001e98   __RTA_lat1beg
00001ed0   __RTA_lat1end
00002800   __SEM_dopost
00008420   __STACK_END
00004000   __STACK_SIZE
00000f8c   __SWI_lat1beg
00001040   __SWI_lat1end
00001044   __SWI_lat2beg
000010b4   __SWI_lat2end
00000de0   __SWI_lat3beg
00000e4c   __SWI_lat3end
0000df8c   __TIMER_deviceTable
0000dfac   __TIMER_hBios
0000dfa4   __TIMER_hDev0
0000dfa8   __TIMER_hDev1
0000de58   __TSK_mutex
0000dff4   ___TI_enable_exit_profile_output
ffffffff   ___TI_pprof_out_hndl
ffffffff   ___TI_prof_data_size
ffffffff   ___TI_prof_data_start
0000b6e0   ___add_dtor
0000da00   ___atexit_func_id__
ffffffff   ___binit__
0000f190   ___bss__
ffffffff   ___c_args__
0000b7c0   ___cinit__
00000000   ___data__
00000000   ___edata__
0000f514   ___end__
0000b7c0   ___etext__
0000fd84   ___pinit__
00008420   ___text__
00003140   __auto_init
0000dfec   __cleanup_ptr
0000dff0   __dtors_ptr
0000dff8   __lock
0000b740   __nop
0000b760   __register_lock
0000b780   __register_unlock
00004420   __stack
0000b260   __strasg
0000dffc   __unlock
0000b340   _atexit
0000e3e0   _c_int00
0000aa60   _call_dtors
0000dec8   _configEDMARcv
0000dee0   _configEDMAXmt
000086d0   _config_EDMA
00008f04   _config_interrupts
0000dea8   _datainterface_config
0000e000   _dtors
0000f450   _hEdmaRcv
0000f454   _hEdmaReload
0000f45c   _hEdmaReloadRcvPing
0000f464   _hEdmaReloadRcvPong
0000f460   _hEdmaReloadXmtPing
0000f468   _hEdmaReloadXmtPong
0000f458   _hEdmaXmt
0000f46c   _hMcbsp
0000fa6c   _led_toggle_tsk
00008f60   _main
00009be0   _memcpy
0000850c   _process_ping_SWI
00008470   _process_pong_SWI
0000f4e0   _rtdxNullChanCnt
0000f4e4   _rtdxNullFuncCnt
0000e950   _rtdx_buffer_state
0000e970   _rtdx_mon_state
0000de18   _tccAllocTable
0000f440   _tccRcvPing
0000f444   _tccRcvPong
0000f448   _tccXmtPing
0000f44c   _tccXmtPong
00008420   _tsk_led_toggle
0000a8e0   _wait500nS
ffffffff   binit
0000b7c0   cinit
00000000   edata
0000f514   end
0000b7c0   etext
00000000   hwi0
00000020   hwi1
00000140   hwi10
00000160   hwi11
00000180   hwi12
000001a0   hwi13
000001c0   hwi14
000001e0   hwi15
00000040   hwi2
00000060   hwi3
00000080   hwi4
000000a0   hwi5
000000c0   hwi6
000000e0   hwi7
00000100   hwi8
00000120   hwi9
0000fa6c   led_toggle_tsk
00000001   led_toggle_tsk$ord
00000001   led_toggle_tsk$pri
0000ed90   led_toggle_tsk$stack
0000f128   led_toggle_tsk$stkptr
0000fc7c   led_toggle_tsk$sts
0000fc07   led_toggle_tsk$sts$avgfmt
00000002   led_toggle_tsk$sts$filter
00000001   led_toggle_tsk$sts$filtmaxmult
00000001   led_toggle_tsk$sts$filtsummult
0000fbf7   led_toggle_tsk$sts$maxfmt
0000fc78   led_toggle_tsk$sts$stsobj
0000fbff   led_toggle_tsk$sts$sumfmt
00000000   led_toggle_tsk$sts$unittype
00000000   led_toggle_tsk$tsk
0000fd84   pinit


GLOBAL SYMBOLS: SORTED BY Symbol Address 

address    name
--------   ----
00000000   .data
00000000   BUF$
00000000   CLK_COUNTSPMSHIGH
00000000   CLK_PRDHIGH
00000000   CLK_TDDR
00000000   CLK_TDDRHIGH
00000000   CLK_TIMERNUM
00000000   DEV$
00000000   DGN$
00000000   DHL$
00000000   DHL_gChannelsAvailable
00000000   DIO$
00000000   DIO_NUMSWIBASE
00000000   DIO_NUMTSKBASE
00000000   DIO_STATIC
00000000   DPI$
00000000   GBL_BIGENDIAN
00000000   GBL_C641XL2PRIORITY
00000000   GBL_CACHE
00000000   GBL_L2CONFIGALLOC
00000000   GBL_L2MARMASK1
00000000   GBL_L2MARMASK2
00000000   GBL_L2MARMASK3
00000000   GBL_L2MARMASK4
00000000   GBL_L2MARMASK5
00000000   GBL_L2MODE
00000000   GBL_L2PRIORITY
00000000   GBL_NULL
00000000   GBL_PROCID
00000000   GBL_ROM
00000000   GBL_SUPPORTCSL
00000000   GIO$
00000000   HOOK$
00000000   HOOK_KNLID
00000000   HST_DSM
00000000   HST_NONE
00000000   HWI_A_VECS
00000000   HWI_GENERATE_RESET_VEC
00000000   HWI_INT10$hwi
00000000   HWI_INT11$hwi
00000000   HWI_INT12$hwi
00000000   HWI_INT13$hwi
00000000   HWI_INT14$hwi
00000000   HWI_INT15$hwi
00000000   HWI_INT4$hwi
00000000   HWI_INT5$hwi
00000000   HWI_INT6$hwi
00000000   HWI_INT7$hwi
00000000   HWI_INT8$hwi
00000000   HWI_INT9$hwi
00000000   HWI_NMI$hwi
00000000   HWI_POLARITYMASK
00000000   HWI_RESERVED0$hwi
00000000   HWI_RESERVED1$hwi
00000000   HWI_RESET
00000000   HWI_RESET$hwi
00000000   IDL_busyObj$iB
00000000   IDL_busyObj$operation
00000000   KNL_swi$pri
00000000   KNL_swi$sts$unittype
00000000   KNL_swi$swi
00000000   LEDToggle_SWI$sts$unittype
00000000   LEDToggle_SWI$swi
00000000   LOG_system$datatype
00000000   LOG_system$log
00000000   MBX$
00000000   MEM_NULL
00000000   MEM_USEMPC
00000000   MSGQ$
00000000   MSGQ_USEMSGQ
00000000   OBJ$
00000000   PIP$
00000000   PIP_gNextId
00000000   POOL$
00000000   POOL_USEPOOL
00000000   PRD_A_TABBEG
00000000   PRD_A_TABEND
00000000   PRD_A_TABLEN
00000000   PRD_SWIHANDLE
00000000   RTA_fromHost$hst
00000000   RTA_fromHost$mode
00000000   RTA_toHost$hst
00000000   RTA_toHost$id
00000000   RTDX_MODE
00000000   RTDX_USERTEXECUTION
00000000   SIO$
00000000   SWI_EHOOKFXN
00000000   SWI_IHOOKFXN
00000000   SWI_process_ping$sts$unittype
00000000   SWI_process_ping$swi
00000000   SWI_process_pong$sts$unittype
00000000   SWI_process_pong$swi
00000000   TSK_NUM_HOOKS
00000000   TSK_READYFXN
00000000   TSK_STACKSEG
00000000   TSK_SWITCHFXN
00000000   TSK_idle$ord
00000000   TSK_idle$pri
00000000   TSK_idle$sts$unittype
00000000   TSK_idle$tsk
00000000   UDEV$
00000000   _CLK_TDDR
00000000   _CLK_TIMERNUM
00000000   _GBL_CACHE
00000000   _HWI_RESET
00000000   _RTDX_interrupt_mask
00000000   ___data__
00000000   ___edata__
00000000   edata
00000000   hwi0
00000000   led_toggle_tsk$sts$unittype
00000000   led_toggle_tsk$tsk
00000001   BUF_ENABLED
00000001   CLK$
00000001   CLK_CALDIV
00000001   CLK_HTIMEDIV
00000001   CLK_LTIMEDIV
00000001   CLK_USETIMER
00000001   GBL$
00000001   GBL_CALLCSLCFGINIT
00000001   GBL_ENABLEINST
00000001   GBL_L2CONFIGURE
00000001   GBL_L2MARMASK
00000001   GBL_USERINIT
00000001   GBL_boot
00000001   HST$
00000001   HST_RTDX
00000001   HWI$
00000001   HWI_NMI
00000001   HWI_ZEROTAB
00000001   IDL$
00000001   IDL_USECLKIDLTIME
00000001   IDL_busyObj$filter
00000001   IDL_busyObj$iA
00000001   IDL_busyObj$iC
00000001   ISRC$
00000001   KNL_swi$dorta
00000001   KNL_swi$sts$filtmaxmult
00000001   KNL_swi$sts$filtsummult
00000001   LCK$
00000001   LEDToggle_SWI$dorta
00000001   LEDToggle_SWI$sts$filtmaxmult
00000001   LEDToggle_SWI$sts$filtsummult
00000001   LOG$
00000001   LOG_A_TABLEN
00000001   LOG_ENABLED
00000001   MEM$
00000001   MEM_gNumHeap
00000001   PRD$
00000001   QUE$
00000001   RTA_fromHost$id
00000001   RTA_toHost$mode
00000001   RTDX$
00000001   RTDX_NORMALIZED_HDR
00000001   RTDX_USERTDX
00000001   SEM$
00000001   STS$
00000001   SWI$
00000001   SWI_process_ping$dorta
00000001   SWI_process_ping$sts$filtmaxmult
00000001   SWI_process_ping$sts$filtsummult
00000001   SWI_process_pong$dorta
00000001   SWI_process_pong$sts$filtmaxmult
00000001   SWI_process_pong$sts$filtsummult
00000001   SYS$
00000001   TSK$
00000001   TSK_PRIORITY
00000001   TSK_idle$sts$filtmaxmult
00000001   TSK_idle$sts$filtsummult
00000001   _CLK_USETIMER
00000001   _HWI_NMI
00000001   _LOG_A_TABLEN
00000001   led_toggle_tsk$ord
00000001   led_toggle_tsk$pri
00000001   led_toggle_tsk$sts$filtmaxmult
00000001   led_toggle_tsk$sts$filtsummult
00000002   HWI_RESERVED0
00000002   IDL_busyObj$unittype
00000002   KNL_swi$ord
00000002   KNL_swi$sts$filter
00000002   LEDToggle_SWI$sts$filter
00000002   PIP_A_TABLEN
00000002   PIP_gNumEmbed
00000002   SWI_process_ping$sts$filter
00000002   SWI_process_pong$sts$filter
00000002   TSK_idle$sts$filter
00000002   _HWI_RESERVED0
00000002   _RTDX_JTAGONLY
00000002   led_toggle_tsk$sts$filter
00000003   HWI_RESERVED1
00000003   _HWI_RESERVED1
00000004   CLK_CALMULT
00000004   CLK_HTIMEMULT
00000004   HWI_INT4
00000004   RTA_fromHost$framesize
00000004   SWI_A_TABLEN
00000004   SWI_process_ping$ord
00000004   _HWI_INT4
00000005   HWI_INT5
00000005   SWI_process_pong$ord
00000005   _HWI_INT5
00000006   HWI_INT6
00000006   IDL_CALIBRERROR
00000006   LEDToggle_SWI$ord
00000006   _HWI_INT6
00000007   HWI_INT7
00000007   _HWI_INT7
00000008   HWI_INT8
00000008   LEDToggle_SWI$pri
00000008   SWI_process_ping$pri
00000008   SWI_process_pong$pri
00000008   _HWI_INT8
00000009   HWI_INT9
00000009   _HWI_INT9
0000000a   HWI_INT10
0000000a   _HWI_INT10
0000000b   HWI_INT11
0000000b   _HWI_INT11
0000000c   HWI_INT12
0000000c   _HWI_INT12
0000000d   HWI_INT13
0000000d   _HWI_INT13
0000000e   HWI_INT14
0000000e   _HWI_INT14
0000000f   HWI_INT15
0000000f   _HWI_INT15
00000020   CLK_TCR
00000020   hwi1
0000003e   GBL_DSPTYPE
00000040   HST_MAXFRAMESET
00000040   LOG_system$size
00000040   RTA_toHost$framesize
00000040   hwi2
00000042   GBL_FOOTPRINT
00000060   hwi3
00000064   PIP_OBJSIZE
00000080   hwi4
000000a0   hwi5
000000c0   hwi6
000000e0   hwi7
000000ff   HST_MAXFRAMEALLOWED
00000100   hwi8
00000120   hwi9
00000140   hwi10
00000160   hwi11
00000180   hwi12
000001a0   hwi13
000001c0   hwi14
000001e0   hwi15
00000200   LNK_F_checkBufferCall
00000220   LNK_F_getChanPtr
00000278   LNK_F_init
00000280   LNK_F_dataPump
00000294   LNK_rcloop
00000360   LNK_rdrtry
00000370   LNK_rrloop
000003e8   CLK_MICROSECS
00000400   HST_DSMMEMSIZE
00000400   TSK_STACKSIZE
00000408   RTDX_BUFMEMSIZE
00000434   LNK_wrrtry
00000444   LNK_wrloop
00000520   LNK_newin
00000660   LNK_newout
000007c4   LNK_F_readCallBack
00000c34   __GBL_setL2CacheMode
00000de0   SWI_F_enable
00000de0   __SWI_lat3beg
00000e4c   __SWI_lat3end
00000e50   SWI_F_post
00000e50   _SWI_post
00000f8c   __SWI_lat1beg
00000ffc   SWI_EXECFXN
00000ffc   SWI_F_exec
00001028   SWI_F_iexec
00001040   __SWI_lat1end
00001044   __SWI_lat2beg
000010b4   __SWI_lat2end
000010b8   SWI_F_run
000010b8   SWI_RUNFXN
00001320   CLK_HOOKFXN
00001320   HWI_F_dispatch
00001320   _HWI_F_dispatch
00001320   __HWI_lat1beg
000014a0   __HWI_lat1end
000014a0   __HWI_lat2beg
000015cc   __HWI_lat2end2
000015fc   __HWI_lat3end2
00001640   __HWI_lat2end1
00001660   __HWI_lat3beg
00001760   __HWI_lat3end1
00001770   GBL_CLKTYPE
00001780   PRD_F_swi
00001a39   GBL_DSPSUBTYPE
00001a40   PRD_F_tick
00001b20   _KNL_run
00001de0   RTA_F_getlog
00001e24   RTA_F_getsts
00001e6c   RTA_F_readblk
00001e8c   RTA_F_writeword
00001e98   RTA_F_resetmem
00001e98   __RTA_lat1beg
00001ed0   __RTA_lat1end
00001ed8   RTA_F_dispatch
00001f28   RTA_execute
000020a0   _SEM_pendEnterKnl
00002226   GBL_L2ALLOC
000025a0   PRD_THOOKFXN
000025a0   _KNL_tick
000025c0   PIP_F_take
00002654   PIP_F_give
00002654   PIP_F_probe
00002728   PIP_F_start
00002800   __SEM_dopost
00002a20   _TSK_setup
00002c20   _KNL_saveIsrFrame
00002cec   _KNL_switch
00002da0   KNL_glue
00002de0   CLK_F_getltime
00002df4   CLK_F_isr
00002f54   CLK_F_itime
00002f54   _CLK_F_itime
00002f54   _CLK_itime
00002f70   __CLK_lat1beg
00002f9c   __CLK_lat1end
00002fa0   _TSK_exit
00003140   __auto_init
00003380   _TSK_startup
00003440   _KNL_check
00003490   __KNL_lat1beg
00003518   _KNL_idle
00003518   __KNL_lat1end
0000353c   _KNL_max
00003580   _GBL_cslCacheInit
00003660   _KNL_exit
000036b4   _KNL_enter
00003740   _SEM_postEnterKnl
00003820   _SEM_post
00003820   _SEM_postBinary
00003900   _CLK_measure
000039e0   _KNL_ipost
00003aa0   _KNL_post
00003b60   _LCK_post
00003b90   _LCK_pend
00003c20   _SYS_exit
00003ce0   CLK_F_getfhtime
00003d00   CLK_F_gethtime
00003d00   CLK_F_getshtime
00003d00   CLK_TIMEFXN
00003da0   FXN_F_nop
00003da8   FXN_F_run
00003da8   _FXN_F_run
00003df8   FXN_F_zero
00003df8   _FXN_F_zero
00003e20   IDL_F_busy
00003e20   __IDL_lat1beg
00003e70   __IDL_lat1end
00003ea0   LOG_F_event
00003ea0   _LOG_event
00003ea0   __LOG_lat1beg
00003f20   STS_F_delta
00003f20   _STS_delta
00003f58   STS_F_add
00003f58   _STS_add
00003f84   STS_F_reset
00003f84   _STS_reset
00003fa0   IDL_F_calibrate
00004000   CLK_INTBIT
00004000   PRD_SCALAR
00004000   __STACK_SIZE
00004020   _HWI_disable
00004038   _HWI_enable
0000404c   _HWI_restore
00004080   _SEM_pendBinary
000040e0   _SEM_pend
00004108   HWI_CFGDISPATCHED
00004108   _HWI_CFGDISPATCHED
00004140   _SYS_abort
000041a0   SYS_PUTCFXN
000041a0   _UTL_doPutc
00004200   _CLK_start
00004260   IDL_CALIBRFXN
00004260   IDL_F_stub
000042a0   RTA_F_andn
000042c0   RTA_F_or
000042e0   SYS_ABORTFXN
000042e0   _UTL_doAbort
00004320   _CLK_stop
00004360   GIO_CREATEFXN
00004360   GIO_DELETEFXN
00004360   GIO_PENDFXN
00004360   GIO_POSTFXN
00004360   TSK_VCREATEFXN
00004360   TSK_VDELETEFXN
00004360   TSK_VEXITFXN
00004360   _FXN_F_nop
00004380   _GBL_getVersion
000043a0   IDL_F_loop
000043a0   _IDL_loop
000043c0   _STS_set
000043e0   SYS_ERRORFXN
000043e0   _UTL_doError
00004400   SYS_EXITFXN
00004400   _UTL_halt
00004420   GBL_stackbeg
00004420   _HWI_STKTOP
00004420   __stack
00004e20   GBL_CLKIN
00005205   GBL_A_VERSION
00008000   SDRAM$L
00008000   _SDRAM_length
00008418   _HWI_STKBOTTOM
0000841f   GBL_stackend
00008420   .text
00008420   __STACK_END
00008420   ___text__
00008420   _tsk_led_toggle
00008470   _process_pong_SWI
0000850c   _process_ping_SWI
000086d0   _config_EDMA
00008f04   _config_interrupts
00008f60   _main
000090e8   _SWI_LEDToggle
000090f8   _EDMA_interrupt_service
000092cc   _DSK6713_init
000095e8   _DSK6713_rget
000095fc   _DSK6713_rset
00009610   _DSK6713_wait
00009668   _DSK6713_waitusec
00009694   _DSK6713_getVersion
00009700   _EDMA_open
000099ec   _Config_DSK6713_AIC23
00009be0   _memcpy
00009e20   __CSL_init
0000a040   _DSK6713_LED_init
0000a080   _DSK6713_LED_off
0000a0f0   _DSK6713_LED_on
0000a160   _DSK6713_LED_toggle
0000a220   _IRQ_map
0000a5a0   _EDMA_allocTable
0000a740   _MCBSP_reset
0000a8e0   _wait500nS
0000a908   GBL_USERINITFXN
0000a908   _GBL_setPLLto225MHz
0000aa60   _call_dtors
0000abc0   _EDMA_reset
0000ad00   _TIMER_open
0000ae40   _TIMER_reset
0000af60   _EDMA_intAlloc
0000b060   _MCBSP_open
0000b160   _MCBSP_start
0000b260   __strasg
0000b340   _atexit
0000b4e0   __IRQ_init
0000b620   _EDMA_disableChannel
0000b680   _EDMA_enableChannel
0000b6e0   ___add_dtor
0000b720   _CSL6713_LIB_
0000b740   __nop
0000b760   __register_lock
0000b780   __register_unlock
0000b7a0   __IRQ_hookFetchPacket
0000b7c0   ___cinit__
0000b7c0   ___etext__
0000b7c0   cinit
0000b7c0   etext
0000cb4c   RTA_fromHost$buf
0000cb60   _RTDX_Poll
0000cf60   _RTDX_Buffer_WriteCB
0000d5a0   _RTDX_Mon_Queue
0000d7c0   _RTDX_Init_RT_Monitor
0000d840   _RTDX_Buffer_Initialize
0000d8a0   _RTDX_Buffer_ReadCB
0000d900   _RTDX_Buffer_Size
0000d940   _RTDX_Final_RT_Monitor
0000d980   _RTDX_Buffer_Read
0000d9a0   _RTDX_Buffer_Write
0000d9e0   _RTDX_Mask_IER
0000da00   ___atexit_func_id__
0000dbb0   __IRQ_eventTable
0000dbba   CLK_COUNTSPMS
0000dbba   CLK_HTIMEPERLTIME
0000dbba   CLK_PRD
0000dbba   _CLK_COUNTSPMS
0000dbba   _CLK_PRD
0000dbef   GBL_TRCMASKVALUE
0000dc34   __IRQ_intTable
0000dc74   __IRQ_dispatchTable
0000dc7c   _KNL_queues
0000dd1c   _KNL_dummy
0000dd54   _TSK_ATTRS
0000dd70   _TSK_config
0000dd90   _TSK_timerSem
0000ddb0   _OBJ_table
0000dde8   _OBJ_segtab
0000de18   _tccAllocTable
0000de58   __TSK_mutex
0000de80   __MEM_mutex
0000dea8   _datainterface_config
0000dec8   _configEDMARcv
0000dee0   _configEDMAXmt
0000df28   __MCBSP_hDev0
0000df2c   __MCBSP_hDev1
0000df8c   __TIMER_deviceTable
0000dfa4   __TIMER_hDev0
0000dfa8   __TIMER_hDev1
0000dfac   __TIMER_hBios
0000dfb0   _SYS_exitStack
0000dfec   __cleanup_ptr
0000dff0   __dtors_ptr
0000dff4   ___TI_enable_exit_profile_output
0000dff8   __lock
0000dffc   __unlock
0000e000   _dtors
0000e004   _DSK6713_version
0000e008   LOG_A_TABBEG
0000e008   LOG_system
0000e008   _LOG_A_TABBEG
0000e008   _LOG_system
0000e020   BIOS_init
0000e020   LOG_A_TABEND
0000e020   _BIOS_init
0000e020   _LOG_A_TABEND
0000e19c   BIOS$$CLKON
0000e1dc   BIOS$$CLKOFF
0000e244   BIOS_start
0000e244   _BIOS_start
0000e300   _MEM_init
0000e3e0   _c_int00
0000e4a0   _TSK_init
0000e520   _OBJ_init
0000e540   _RTDX_Buffer
0000e948   _RTDX_Buffer_Start
0000e94c   _RTDX_Buffer_End
0000e950   _rtdx_buffer_state
0000e95c   _RTDX_writing
0000e970   _rtdx_mon_state
0000e990   TSK_idle$stack
0000ed28   TSK_idle$stkptr
0000ed90   led_toggle_tsk$stack
0000f128   led_toggle_tsk$stkptr
0000f190   $bss
0000f190   .bss
0000f190   _HWI_dispatchTab
0000f190   ___bss__
0000f290   IDL_D_tabbeg
0000f294   IDL_D_calibrate
0000f298   IDL_D_calbeg
0000f29c   LOG_D_system
0000f29c   _LOG_D_system
0000f2a0   PIP_D_tabbeg
0000f2a4   PIP_D_tablen
0000f2a8   CLK_R_time
0000f2ac   CLK_D_timefxn
0000f2b0   CLK_D_tabbeg
0000f2b4   CLK_D_isrhook
0000f2b8   CLK_D_idletime
0000f2bc   _CLK_htimeDiv
0000f2c0   _CLK_htimeMult
0000f2c4   _CLK_ltimeDiv
0000f2c8   _CLK_ltimeMult
0000f2cc   _CLK_D_dirty
0000f2d0   _CLK_D_prd
0000f2d4   _CLK_D_tddr
0000f2d8   _CLK_D_countspms
0000f2dc   PRD_D_tick
0000f2dc   _PRD_D_tick
0000f2e0   PRD_D_cur
0000f2e4   PRD_D_elapsed
0000f2e8   PRD_D_prevtim
0000f2ec   PRD_D_scalar
0000f2f0   PRD_D_swihandle
0000f2f4   PRD_D_tabbeg
0000f2f8   PRD_D_tablen
0000f2fc   PRD_D_thook
0000f300   RTA_D_fromHost
0000f304   RTA_D_toHost
0000f308   RTA_D_logval
0000f318   RTA_D_stsval
0000f324   HST_D_chanmask
0000f328   HST_D_tabbeg
0000f32c   HST_D_tabend
0000f330   _GBL_procId
0000f334   _GBL_clkIn
0000f338   _GBL_freq
0000f33c   _MEM_D_NUMSEGMENTS
0000f340   _MEM_D_memtab
0000f344   _MEM_D_freelist
0000f348   _MEM_D_lockaddr
0000f34c   _MEM_D_unlockaddr
0000f350   _SYS
0000f354   __HOOK_knlId
0000f358   __HOOK_NUMHOOKS
0000f35c   SWI_D_runaddr
0000f35c   _SWI_D_runaddr
0000f35c   _SWI_data
0000f360   SWI_D_execaddr
0000f360   _SWI_D_execaddr
0000f364   SWI_D_curmask
0000f364   _SWI_D_curmask
0000f368   SWI_D_curset
0000f368   _SWI_D_curset
0000f36c   SWI_D_lock
0000f36c   _SWI_D_lock
0000f370   SWI_D_curmbox
0000f374   SWI_D_curfxn
0000f374   _SWI_D_curfxn
0000f378   SWI_D_rdybeg
0000f378   _SWI_D_rdybeg
0000f37c   SWI_D_inswi
0000f37c   _SWI_D_inswi
0000f380   SWI_D_rdytab
0000f3f8   _KNL_wFlag
0000f3fc   _KNL_wList
0000f400   _KNL_alarm
0000f404   _KNL_setpri
0000f408   _KNL_inactive
0000f40c   _KNL_priority
0000f410   _KNL_set
0000f414   _KNL_curtask
0000f418   _KNL_prevtask
0000f41c   _KNL_curtime
0000f420   _KNL_swiptr
0000f424   _KNL_curqueue
0000f428   _KNL_maxqueue
0000f42c   _KNL_tswitchfxn
0000f430   _KNL_tcreatefxn
0000f434   _KNL_tdeletefxn
0000f438   _KNL_treadyfxn
0000f43c   _KNL_idlefxn
0000f440   _tccRcvPing
0000f444   _tccRcvPong
0000f448   _tccXmtPing
0000f44c   _tccXmtPong
0000f450   _hEdmaRcv
0000f454   _hEdmaReload
0000f458   _hEdmaXmt
0000f45c   _hEdmaReloadRcvPing
0000f460   _hEdmaReloadXmtPing
0000f464   _hEdmaReloadRcvPong
0000f468   _hEdmaReloadXmtPong
0000f46c   _hMcbsp
0000f480   _MEM_memtab
0000f48c   MEM_MALLOCSEG
0000f48c   MEM_SEGZERO
0000f48c   SDRAM
0000f48c   _SDRAM
0000f490   RTA_fromHost$pipe$dtab
0000f49c   RTA_toHost$pipe$dtab
0000f4a8   HWI_D_spsave
0000f4a8   _HWI_D_spsave
0000f4a8   _HWI_data
0000f4b4   _HWI_D_inhwi
0000f4b8   HWI_D_bss
0000f4bc   HWI_D_ccmask
0000f4c0   LNK_dspFrameRequestMask
0000f4c0   _LNK_dspFrameRequestMask
0000f4c4   LNK_dspFrameReadyMask
0000f4c4   _LNK_dspFrameReadyMask
0000f4c8   LNK_readPend
0000f4c8   _LNK_readPend
0000f4cc   LNK_readDone
0000f4cc   _LNK_readDone
0000f4d0   LNK_readFail
0000f4d0   _LNK_readFail
0000f4d4   LNK_writeFail
0000f4d4   _LNK_writeFail
0000f4e0   _rtdxNullChanCnt
0000f4e4   _rtdxNullFuncCnt
0000f4e8   _TSK_nTasks
0000f4ec   _TSK_pid
0000f4f0   _TSK
0000f4f4   _CLK_DFLTMICROSECS
0000f4f8   _CLK_D_microseconds
0000f4fc   _SYS_exitStackPtr
0000f500   _SYS_exitStackTop
0000f504   _CLK_htimePerLtime
0000f50c   IDL_D_busyObj
0000f510   _MEM
0000f514   _SYS_PUTCBEG
0000f514   ___end__
0000f514   end
0000f713   _SYS_PUTCEND
0000f714   PIP_A_TABBEG
0000f714   RTA_fromHost$pipe
0000f714   _PIP_A_TABBEG
0000f718   RTA_fromHost$pipe$rd
0000f744   RTA_fromHost$pipe$aaa
0000f748   RTA_fromHost$pipe$wr
0000f774   RTA_fromHost$pipe$bbb
0000f778   RTA_toHost$pipe
0000f77c   RTA_toHost$pipe$rd
0000f7a8   RTA_toHost$pipe$aaa
0000f7ac   RTA_toHost$pipe$wr
0000f7d8   RTA_toHost$pipe$bbb
0000f7dc   IDL_A_TABBEG
0000f7dc   IDL_cpuLoad
0000f7dc   PIP_A_TABEND
0000f7dc   _IDL_cpuLoad
0000f7dc   _PIP_A_TABEND
0000f7e0   LNK_dataPump
0000f7e0   _LNK_dataPump
0000f7e4   RTA_dispatcher
0000f7e4   _RTA_dispatcher
0000f7e8   IDL_END
0000f7ec   IDL_A_CALBEG
0000f7ec   IDL_cpuLoad$
0000f7f0   LNK_dataPump$
0000f7f4   RTA_dispatcher$
0000f7f8   IDL_END$
0000f800   LOG_system$buf
0000f900   RTA_toHost$buf
0000fa0c   TSK_idle
0000fa0c   _TSK_idle
0000fa6c   _led_toggle_tsk
0000fa6c   led_toggle_tsk
0000fb75   KNL_swi$sts$maxfmt
0000fb78   KNL_swi
0000fb78   SWI_A_TABBEG
0000fb78   _KNL_swi
0000fb7d   KNL_swi$sts$sumfmt
0000fb85   KNL_swi$sts$avgfmt
0000fb8f   SWI_process_ping$sts$maxfmt
0000fb97   SWI_process_ping$sts$sumfmt
0000fb9f   SWI_process_ping$sts$avgfmt
0000fba4   SWI_process_ping
0000fba4   _SWI_process_ping
0000fba9   SWI_process_pong$sts$maxfmt
0000fbb1   SWI_process_pong$sts$sumfmt
0000fbb9   SWI_process_pong$sts$avgfmt
0000fbc3   LEDToggle_SWI$sts$maxfmt
0000fbcb   LEDToggle_SWI$sts$sumfmt
0000fbd0   SWI_process_pong
0000fbd0   _SWI_process_pong
0000fbd3   LEDToggle_SWI$sts$avgfmt
0000fbdd   TSK_idle$sts$maxfmt
0000fbe5   TSK_idle$sts$sumfmt
0000fbed   TSK_idle$sts$avgfmt
0000fbf7   led_toggle_tsk$sts$maxfmt
0000fbfc   LEDToggle_SWI
0000fbfc   _LEDToggle_SWI
0000fbff   led_toggle_tsk$sts$sumfmt
0000fc07   led_toggle_tsk$sts$avgfmt
0000fc11   IDL_busyObj$maxfmt
0000fc14   IDL_busyObj$sumfmt
0000fc17   IDL_busyObj$avgfmt
0000fc28   KNL_swi$sts$stsobj
0000fc28   STS_A_TABBEG
0000fc28   SWI_A_TABEND
0000fc28   _STS_A_TABBEG
0000fc2c   KNL_swi$sts
0000fc38   SWI_process_ping$sts$stsobj
0000fc3c   SWI_process_ping$sts
0000fc48   SWI_process_pong$sts$stsobj
0000fc4c   SWI_process_pong$sts
0000fc58   LEDToggle_SWI$sts$stsobj
0000fc5c   LEDToggle_SWI$sts
0000fc68   TSK_idle$sts$stsobj
0000fc6c   TSK_idle$sts
0000fc78   led_toggle_tsk$sts$stsobj
0000fc7c   led_toggle_tsk$sts
0000fc88   IDL_busyObj$stsobj
0000fc8c   IDL_busyObj
0000fc8c   _IDL_busyObj
0000fc98   STS_A_TABEND
0000fc98   _STS_A_TABEND
0000fce4   HST_A_TABBEG
0000fce4   _HST_A_TABBEG
0000fce8   RTA_fromHost
0000fce8   _RTA_fromHost
0000fcf0   RTA_fromHost$rtdx
0000fd04   RTA_toHost
0000fd04   _RTA_toHost
0000fd0c   RTA_toHost$rtdx
0000fd20   HST_A_TABEND
0000fd20   _HST_A_TABEND
0000fd2c   SEM_LEDToggle
0000fd2c   _SEM_LEDToggle
0000fd74   SYS$config
0000fd84   ___pinit__
0000fd84   pinit
0000fd90   TRC_cinit
0000fd94   TRC_R_mask
0000fd94   _TRC_R_mask
0000fd98   GBL_initdone
0000fd9c   CLK_A_TABBEG
0000fd9c   PRD_clock
0000fd9c   _PRD_clock
0000fda0   CLK_null
00036ee8   CLK_LTIMEMULT
00036ee8   GBL_FREQ
0003f000   _Buffer_in_ping
0003f3e8   _Buffer_in_pong
0003f7d0   _Buffer_out_ping
0003fbb8   _Buffer_out_pong
01940000   CLK_REGS
01940000   _CLK_REGS
082039a3   HWI_INTRMULTHIGH
310718a4   HWI_INTRMULTLOW
80000000   SDRAM$B
80000000   _SDRAM_base
ffffffff   HST_DSMBUFSEG
ffffffff   IRAM
ffffffff   MyBuffers
ffffffff   RTDX_DATAMEMSEG
ffffffff   _IRAM
ffffffff   _MyBuffers
ffffffff   ___TI_pprof_out_hndl
ffffffff   ___TI_prof_data_size
ffffffff   ___TI_prof_data_start
ffffffff   ___binit__
ffffffff   ___c_args__
ffffffff   binit

[813 symbols]
